app_x-cube-ai.c:287:26:ai_mnetwork_handle	0	static
app_x-cube-ai.c:277:9:ai_mnetwork_is_valid.isra.0	16	static
app_x-cube-ai.c:62:6:MX_Core_Init	0	static
app_x-cube-ai.c:76:6:MX_Core_Process	0	static
app_x-cube-ai.c:310:13:ai_mnetwork_find	8	static
app_x-cube-ai.c:327:10:ai_mnetwork_create	24	static
app_x-cube-ai.c:369:11:ai_mnetwork_destroy	16	static
app_x-cube-ai.c:384:9:ai_mnetwork_get_info	8	static
app_x-cube-ai.c:395:10:ai_mnetwork_get_error	8	static
app_x-cube-ai.c:410:9:ai_mnetwork_init	56	static
app_x-cube-ai.c:435:8:ai_mnetwork_run	16	static
app_x-cube-ai.c:447:8:ai_mnetwork_forward	8	static
app_x-cube-ai.c:458:6:ai_mnetwork_get_private_handle	16	static
