dsp.c:53:11:log10_approx	16	static
dsp.c:63:6:hann	24	static
dsp.c:72:11:freq2mel	8	static
dsp.c:77:11:mel2freq	8	static
dsp.c:82:6:generate_filters	208	static
dsp.c:115:6:init_dsp	24	static
dsp.c:130:6:apply_pre_emphasis	0	static
dsp.c:134:6:apply_weak_pre_emphasis	0	static
dsp.c:139:6:apply_ac_coupling	24	static
dsp.c:149:6:apply_hann	0	static
dsp.c:154:6:apply_fft	16	static
dsp.c:161:6:apply_psd	16	static
dsp.c:167:6:apply_psd_logscale	24	static
dsp.c:174:6:apply_filterbank	40	static
dsp.c:188:6:apply_filterbank_logscale	24	static
dsp.c:195:6:apply_dct2	16	static
