dsp.c:53:11:log10_approx	16	static
dsp.c:63:6:hann	24	static
dsp.c:72:11:freq2mel	8	static
dsp.c:77:11:mel2freq	8	static
dsp.c:82:6:generate_filters	208	static
dsp.c:115:6:init_dsp	24	static
dsp.c:132:6:apply_pre_emphasis	0	static
dsp.c:136:6:apply_weak_pre_emphasis	0	static
dsp.c:141:6:apply_ac_coupling	24	static
dsp.c:151:6:apply_hann	0	static
dsp.c:156:6:apply_fft	16	static
dsp.c:163:6:apply_psd	16	static
dsp.c:169:6:apply_psd_logscale	24	static
dsp.c:176:6:apply_filterbank	40	static
dsp.c:190:6:apply_filterbank_logscale	24	static
