main.c:232:6:dsp	24	static
main.c:283:6:overlap_dsp	2064	static
main.c:307:6:dump	40	static
main.c:333:6:beam_forming	12	static
main.c:372:6:pre_emphasis	0	static
main.c:584:6:SystemClock_Config	232	static
main.c:388:5:main	7192	static
main.c:642:6:HAL_DFSDM_FilterRegConvHalfCpltCallback	0	static
main.c:659:6:HAL_DFSDM_FilterRegConvCpltCallback	0	static
main.c:674:5:_write	8	static
main.c:680:6:HAL_GPIO_EXTI_Callback	0	static
main.c:689:6:HAL_UART_RxCpltCallback	0	static
main.c:754:6:Error_Handler	0	static
