main.c:223:6:dsp	24	static
main.c:270:6:overlap_dsp	2064	static
main.c:294:6:dump	40	static
main.c:320:6:beam_forming	12	static
main.c:359:6:pre_emphasis	0	static
main.c:538:6:SystemClock_Config	232	static
main.c:375:5:main	15448	static
main.c:596:6:HAL_DFSDM_FilterRegConvHalfCpltCallback	0	static
main.c:613:6:HAL_DFSDM_FilterRegConvCpltCallback	0	static
main.c:628:5:_write	8	static
main.c:634:6:HAL_GPIO_EXTI_Callback	0	static
main.c:643:6:HAL_UART_RxCpltCallback	0	static
main.c:708:6:Error_Handler	0	static
