dsp.c:38:6:hann	24	static
dsp.c:53:11:log10_approx	24	static
dsp.c:62:11:hz2mel	8	static
dsp.c:67:11:mel2hz	8	static
dsp.c:72:11:n2hz	0	static
dsp.c:79:6:generate_filters	64	static
dsp.c:116:6:generate_half_sample_shifter	40	static
dsp.c:130:6:init_dsp	24	static
dsp.c:145:6:apply_pre_emphasis	0	static
dsp.c:150:6:apply_ac_coupling	24	static
dsp.c:160:6:apply_hann	0	static
dsp.c:165:6:apply_fft	16	static
dsp.c:172:6:apply_filterbank	40	static
dsp.c:188:6:apply_psd_logscale	24	static
dsp.c:197:6:apply_dct2	656	static
