main.c:134:6:uart_tx	24	static
main.c:225:6:dsp	32	static
main.c:269:6:overlap_dsp	2072	static
main.c:302:6:dump	32	static
main.c:327:19:apply_beam_forming	20	static
main.c:537:6:SystemClock_Config	232	static
main.c:382:5:main	15440	static
main.c:589:6:HAL_DFSDM_FilterRegConvHalfCpltCallback	0	static
main.c:606:6:HAL_DFSDM_FilterRegConvCpltCallback	0	static
main.c:621:5:_write	8	static
main.c:627:6:HAL_GPIO_EXTI_Callback	0	static
main.c:636:6:HAL_UART_RxCpltCallback	0	static
main.c:701:6:Error_Handler	0	static
