main.c:134:6:uart_tx	24	static
main.c:217:6:dsp	24	static
main.c:264:6:overlap_dsp	2064	static
main.c:285:6:dump	40	static
main.c:311:6:beam_forming	12	static
main.c:350:6:pre_emphasis	0	static
main.c:526:6:SystemClock_Config	232	static
main.c:366:5:main	15448	static
main.c:582:6:HAL_DFSDM_FilterRegConvHalfCpltCallback	0	static
main.c:599:6:HAL_DFSDM_FilterRegConvCpltCallback	0	static
main.c:614:5:_write	8	static
main.c:620:6:HAL_GPIO_EXTI_Callback	0	static
main.c:629:6:HAL_UART_RxCpltCallback	0	static
main.c:694:6:Error_Handler	0	static
