stm32l4xx_it.c:57:6:SVC_Handler	0	static
stm32l4xx_it.c:70:6:PendSV_Handler	0	static
stm32l4xx_it.c:83:6:SysTick_Handler	8	static
stm32l4xx_it.c:105:6:DMA1_Channel3_IRQHandler	0	static
stm32l4xx_it.c:119:6:DMA1_Channel4_IRQHandler	0	static
stm32l4xx_it.c:133:6:DMA1_Channel5_IRQHandler	0	static
stm32l4xx_it.c:147:6:DMA1_Channel7_IRQHandler	0	static
stm32l4xx_it.c:161:6:USART2_IRQHandler	0	static
stm32l4xx_it.c:175:6:EXTI15_10_IRQHandler	0	static
stm32l4xx_it.c:189:6:DMA2_Channel5_IRQHandler	0	static
