stm32l4xx_hal_tim.c:5646:13:TIM_OC1_SetConfig	16	static
stm32l4xx_hal_tim.c:5797:13:TIM_OC3_SetConfig	16	static
stm32l4xx_hal_tim.c:5871:13:TIM_OC4_SetConfig	12	static
stm32l4xx_hal_tim.c:5931:13:TIM_OC5_SetConfig	12	static
stm32l4xx_hal_tim.c:5984:13:TIM_OC6_SetConfig	12	static
stm32l4xx_hal_tim.c:350:13:HAL_TIM_Base_MspInit	0	static
stm32l4xx_hal_tim.c:365:13:HAL_TIM_Base_MspDeInit	0	static
stm32l4xx_hal_tim.c:314:19:HAL_TIM_Base_DeInit	8	static
stm32l4xx_hal_tim.c:381:19:HAL_TIM_Base_Start	8	static
stm32l4xx_hal_tim.c:407:19:HAL_TIM_Base_Stop	0	static
stm32l4xx_hal_tim.c:430:19:HAL_TIM_Base_Start_IT	0	static
stm32l4xx_hal_tim.c:453:19:HAL_TIM_Base_Stop_IT	0	static
stm32l4xx_hal_tim.c:474:19:HAL_TIM_Base_Start_DMA	8	static
stm32l4xx_hal_tim.c:529:19:HAL_TIM_Base_Stop_DMA	0	static
stm32l4xx_hal_tim.c:670:13:HAL_TIM_OC_MspInit	0	static
stm32l4xx_hal_tim.c:685:13:HAL_TIM_OC_MspDeInit	0	static
stm32l4xx_hal_tim.c:634:19:HAL_TIM_OC_DeInit	8	static
stm32l4xx_hal_tim.c:1230:13:HAL_TIM_PWM_MspInit	0	static
stm32l4xx_hal_tim.c:1245:13:HAL_TIM_PWM_MspDeInit	0	static
stm32l4xx_hal_tim.c:1194:19:HAL_TIM_PWM_DeInit	8	static
stm32l4xx_hal_tim.c:1792:13:HAL_TIM_IC_MspInit	0	static
stm32l4xx_hal_tim.c:1807:13:HAL_TIM_IC_MspDeInit	0	static
stm32l4xx_hal_tim.c:1756:19:HAL_TIM_IC_DeInit	8	static
stm32l4xx_hal_tim.c:2321:13:HAL_TIM_OnePulse_MspInit	0	static
stm32l4xx_hal_tim.c:2336:13:HAL_TIM_OnePulse_MspDeInit	0	static
stm32l4xx_hal_tim.c:2285:19:HAL_TIM_OnePulse_DeInit	8	static
stm32l4xx_hal_tim.c:2355:19:HAL_TIM_OnePulse_Start	0	static
stm32l4xx_hal_tim.c:2391:19:HAL_TIM_OnePulse_Stop	0	static
stm32l4xx_hal_tim.c:2427:19:HAL_TIM_OnePulse_Start_IT	0	static
stm32l4xx_hal_tim.c:2469:19:HAL_TIM_OnePulse_Stop_IT	0	static
stm32l4xx_hal_tim.c:2680:13:HAL_TIM_Encoder_MspInit	0	static
stm32l4xx_hal_tim.c:2695:13:HAL_TIM_Encoder_MspDeInit	0	static
stm32l4xx_hal_tim.c:2644:19:HAL_TIM_Encoder_DeInit	8	static
stm32l4xx_hal_tim.c:2715:19:HAL_TIM_Encoder_Start	0	static
stm32l4xx_hal_tim.c:2759:19:HAL_TIM_Encoder_Stop	0	static
stm32l4xx_hal_tim.c:2805:19:HAL_TIM_Encoder_Start_IT	0	static
stm32l4xx_hal_tim.c:2855:19:HAL_TIM_Encoder_Stop_IT	0	static
stm32l4xx_hal_tim.c:2909:19:HAL_TIM_Encoder_Start_DMA	24	static
stm32l4xx_hal_tim.c:3039:19:HAL_TIM_Encoder_Stop_DMA	0	static
stm32l4xx_hal_tim.c:3813:19:HAL_TIM_DMABurst_WriteStart	24	static
stm32l4xx_hal_tim.c:4065:19:HAL_TIM_DMABurst_ReadStart	24	static
stm32l4xx_hal_tim.c:4222:19:HAL_TIM_DMABurst_ReadStop	16	static
stm32l4xx_hal_tim.c:3969:19:HAL_TIM_DMABurst_WriteStop	0	static
stm32l4xx_hal_tim.c:4301:19:HAL_TIM_GenerateEvent	0	static
stm32l4xx_hal_tim.c:4649:19:HAL_TIM_ConfigTI1Input	0	static
stm32l4xx_hal_tim.c:4754:10:HAL_TIM_ReadCapturedValue	0	static
stm32l4xx_hal_tim.c:4841:13:HAL_TIM_PeriodElapsedCallback	0	static
stm32l4xx_hal_tim.c:5561:13:TIM_DMAPeriodElapsedCplt	8	static
stm32l4xx_hal_tim.c:4856:13:HAL_TIM_OC_DelayElapsedCallback	0	static
stm32l4xx_hal_tim.c:4870:13:HAL_TIM_IC_CaptureCallback	0	static
stm32l4xx_hal_tim.c:5520:6:TIM_DMACaptureCplt	8	static
stm32l4xx_hal_tim.c:4885:13:HAL_TIM_PWM_PulseFinishedCallback	0	static
stm32l4xx_hal_tim.c:5480:6:TIM_DMADelayPulseCplt	8	static
stm32l4xx_hal_tim.c:4900:13:HAL_TIM_TriggerCallback	0	static
stm32l4xx_hal_tim.c:3101:6:HAL_TIM_IRQHandler	8	static
stm32l4xx_hal_tim.c:5579:13:TIM_DMATriggerCplt	8	static
stm32l4xx_hal_tim.c:4915:13:HAL_TIM_ErrorCallback	0	static
stm32l4xx_hal_tim.c:5462:6:TIM_DMAError	8	static
stm32l4xx_hal_tim.c:5390:22:HAL_TIM_Base_GetState	0	static
stm32l4xx_hal_tim.c:5400:22:HAL_TIM_OC_GetState	0	static
stm32l4xx_hal_tim.c:5410:22:HAL_TIM_PWM_GetState	0	static
stm32l4xx_hal_tim.c:5420:22:HAL_TIM_IC_GetState	0	static
stm32l4xx_hal_tim.c:5430:22:HAL_TIM_OnePulse_GetState	0	static
stm32l4xx_hal_tim.c:5440:22:HAL_TIM_Encoder_GetState	0	static
stm32l4xx_hal_tim.c:5598:6:TIM_Base_SetConfig	0	static
stm32l4xx_hal_tim.c:262:19:HAL_TIM_Base_Init	8	static
stm32l4xx_hal_tim.c:582:19:HAL_TIM_OC_Init	8	static
stm32l4xx_hal_tim.c:1142:19:HAL_TIM_PWM_Init	8	static
stm32l4xx_hal_tim.c:1704:19:HAL_TIM_IC_Init	8	static
stm32l4xx_hal_tim.c:2226:19:HAL_TIM_OnePulse_Init	16	static
stm32l4xx_hal_tim.c:2536:19:HAL_TIM_Encoder_Init	24	static
stm32l4xx_hal_tim.c:5721:6:TIM_OC2_SetConfig	16	static
stm32l4xx_hal_tim.c:3331:19:HAL_TIM_OC_ConfigChannel	8	static
stm32l4xx_hal_tim.c:3530:19:HAL_TIM_PWM_ConfigChannel	16	static
stm32l4xx_hal_tim.c:6163:6:TIM_TI1_SetConfig	16	static
stm32l4xx_hal_tim.c:3431:19:HAL_TIM_IC_ConfigChannel	24	static
stm32l4xx_hal_tim.c:3675:19:HAL_TIM_OnePulse_ConfigChannel	48	static
stm32l4xx_hal_tim.c:6457:6:TIM_ETR_SetConfig	8	static
stm32l4xx_hal_tim.c:4340:19:HAL_TIM_ConfigOCrefClear	16	static
stm32l4xx_hal_tim.c:4493:19:HAL_TIM_ConfigClockSource	16	static
stm32l4xx_hal_tim.c:6038:13:TIM_SlaveTimer_SetConfig	8	static
stm32l4xx_hal_tim.c:4681:19:HAL_TIM_SlaveConfigSynchronization	16	static
stm32l4xx_hal_tim.c:4716:19:HAL_TIM_SlaveConfigSynchronization_IT	16	static
stm32l4xx_hal_tim.c:6489:6:TIM_CCxChannelCmd	8	static
stm32l4xx_hal_tim.c:745:19:HAL_TIM_OC_Stop	8	static
stm32l4xx_hal_tim.c:1268:19:HAL_TIM_PWM_Start	8	static
stm32l4xx_hal_tim.c:708:19:HAL_TIM_OC_Start	0	static
stm32l4xx_hal_tim.c:1305:19:HAL_TIM_PWM_Stop	8	static
stm32l4xx_hal_tim.c:1340:19:HAL_TIM_PWM_Start_IT	8	static
stm32l4xx_hal_tim.c:777:19:HAL_TIM_OC_Start_IT	0	static
stm32l4xx_hal_tim.c:1409:19:HAL_TIM_PWM_Stop_IT	8	static
stm32l4xx_hal_tim.c:846:19:HAL_TIM_OC_Stop_IT	0	static
stm32l4xx_hal_tim.c:1477:19:HAL_TIM_PWM_Start_DMA	16	static
stm32l4xx_hal_tim.c:914:19:HAL_TIM_OC_Start_DMA	0	static
stm32l4xx_hal_tim.c:1611:19:HAL_TIM_PWM_Stop_DMA	8	static
stm32l4xx_hal_tim.c:1049:19:HAL_TIM_OC_Stop_DMA	0	static
stm32l4xx_hal_tim.c:1828:19:HAL_TIM_IC_Start	8	static
stm32l4xx_hal_tim.c:1857:19:HAL_TIM_IC_Stop	8	static
stm32l4xx_hal_tim.c:1883:19:HAL_TIM_IC_Start_IT	8	static
stm32l4xx_hal_tim.c:1945:19:HAL_TIM_IC_Stop_IT	8	static
stm32l4xx_hal_tim.c:2007:19:HAL_TIM_IC_Start_DMA	16	static
stm32l4xx_hal_tim.c:2135:19:HAL_TIM_IC_Stop_DMA	8	static
