stm32l4xx_hal.c:239:13:HAL_MspInit	0	static
stm32l4xx_hal.c:250:13:HAL_MspDeInit	0	static
stm32l4xx_hal.c:210:19:HAL_DeInit	8	static
stm32l4xx_hal.c:273:26:HAL_InitTick	16	static
stm32l4xx_hal.c:166:19:HAL_Init	8	static
stm32l4xx_hal.c:325:13:HAL_IncTick	0	static
stm32l4xx_hal.c:336:17:HAL_GetTick	0	static
stm32l4xx_hal.c:352:13:HAL_Delay	16	static
stm32l4xx_hal.c:378:13:HAL_SuspendTick	0	static
stm32l4xx_hal.c:394:13:HAL_ResumeTick	0	static
stm32l4xx_hal.c:404:10:HAL_GetHalVersion	0	static
stm32l4xx_hal.c:413:10:HAL_GetREVID	0	static
stm32l4xx_hal.c:422:10:HAL_GetDEVID	0	static
stm32l4xx_hal.c:431:10:HAL_GetUIDw0	0	static
stm32l4xx_hal.c:440:10:HAL_GetUIDw1	0	static
stm32l4xx_hal.c:449:10:HAL_GetUIDw2	0	static
stm32l4xx_hal.c:478:6:HAL_DBGMCU_EnableDBGSleepMode	0	static
stm32l4xx_hal.c:487:6:HAL_DBGMCU_DisableDBGSleepMode	0	static
stm32l4xx_hal.c:496:6:HAL_DBGMCU_EnableDBGStopMode	0	static
stm32l4xx_hal.c:505:6:HAL_DBGMCU_DisableDBGStopMode	0	static
stm32l4xx_hal.c:514:6:HAL_DBGMCU_EnableDBGStandbyMode	0	static
stm32l4xx_hal.c:523:6:HAL_DBGMCU_DisableDBGStandbyMode	0	static
stm32l4xx_hal.c:556:6:HAL_SYSCFG_SRAM2Erase	0	static
stm32l4xx_hal.c:575:6:HAL_SYSCFG_EnableMemorySwappingBank	0	static
stm32l4xx_hal.c:590:6:HAL_SYSCFG_DisableMemorySwappingBank	0	static
stm32l4xx_hal.c:607:6:HAL_SYSCFG_VREFBUF_VoltageScalingConfig	0	static
stm32l4xx_hal.c:623:6:HAL_SYSCFG_VREFBUF_HighImpedanceConfig	0	static
stm32l4xx_hal.c:635:6:HAL_SYSCFG_VREFBUF_TrimmingConfig	0	static
stm32l4xx_hal.c:647:19:HAL_SYSCFG_EnableVREFBUF	16	static
stm32l4xx_hal.c:673:6:HAL_SYSCFG_DisableVREFBUF	0	static
stm32l4xx_hal.c:684:6:HAL_SYSCFG_EnableIOAnalogSwitchBooster	0	static
stm32l4xx_hal.c:694:6:HAL_SYSCFG_DisableIOAnalogSwitchBooster	0	static
