stm32l4xx_hal_dfsdm.c:3415:13:DFSDM_RegConvStart	0	static
stm32l4xx_hal_dfsdm.c:3456:13:DFSDM_RegConvStop	0	static
stm32l4xx_hal_dfsdm.c:3492:13:DFSDM_InjConvStart	8	static
stm32l4xx_hal_dfsdm.c:3536:13:DFSDM_InjConvStop	0	static
stm32l4xx_hal_dfsdm.c:3361:17:DFSDM_GetChannelFromInstance	0	static
stm32l4xx_hal_dfsdm.c:521:13:HAL_DFSDM_ChannelMspInit	0	static
stm32l4xx_hal_dfsdm.c:360:19:HAL_DFSDM_ChannelInit	16	static
stm32l4xx_hal_dfsdm.c:536:13:HAL_DFSDM_ChannelMspDeInit	0	static
stm32l4xx_hal_dfsdm.c:467:19:HAL_DFSDM_ChannelDeInit	16	static
stm32l4xx_hal_dfsdm.c:713:19:HAL_DFSDM_ChannelCkabStart	24	static
stm32l4xx_hal_dfsdm.c:766:19:HAL_DFSDM_ChannelPollForCkab	24	static
stm32l4xx_hal_dfsdm.c:816:19:HAL_DFSDM_ChannelCkabStop	8	static
stm32l4xx_hal_dfsdm.c:852:19:HAL_DFSDM_ChannelCkabStart_IT	24	static
stm32l4xx_hal_dfsdm.c:907:13:HAL_DFSDM_ChannelCkabCallback	0	static
stm32l4xx_hal_dfsdm.c:923:19:HAL_DFSDM_ChannelCkabStop_IT	8	static
stm32l4xx_hal_dfsdm.c:963:19:HAL_DFSDM_ChannelScdStart	0	static
stm32l4xx_hal_dfsdm.c:1000:19:HAL_DFSDM_ChannelPollForScd	24	static
stm32l4xx_hal_dfsdm.c:1050:19:HAL_DFSDM_ChannelScdStop	8	static
stm32l4xx_hal_dfsdm.c:1087:19:HAL_DFSDM_ChannelScdStart_IT	8	static
stm32l4xx_hal_dfsdm.c:1126:13:HAL_DFSDM_ChannelScdCallback	0	static
stm32l4xx_hal_dfsdm.c:1142:19:HAL_DFSDM_ChannelScdStop_IT	8	static
stm32l4xx_hal_dfsdm.c:1177:9:HAL_DFSDM_ChannelGetAwdValue	0	static
stm32l4xx_hal_dfsdm.c:1189:19:HAL_DFSDM_ChannelModifyOffset	0	static
stm32l4xx_hal_dfsdm.c:1236:32:HAL_DFSDM_ChannelGetState	0	static
stm32l4xx_hal_dfsdm.c:1429:13:HAL_DFSDM_FilterMspInit	0	static
stm32l4xx_hal_dfsdm.c:1266:19:HAL_DFSDM_FilterInit	16	static
stm32l4xx_hal_dfsdm.c:1444:13:HAL_DFSDM_FilterMspDeInit	0	static
stm32l4xx_hal_dfsdm.c:1393:19:HAL_DFSDM_FilterDeInit	8	static
stm32l4xx_hal_dfsdm.c:1718:19:HAL_DFSDM_FilterConfigRegChannel	8	static
stm32l4xx_hal_dfsdm.c:1763:19:HAL_DFSDM_FilterConfigInjChannel	0	static
stm32l4xx_hal_dfsdm.c:1833:19:HAL_DFSDM_FilterRegularStart	8	static
stm32l4xx_hal_dfsdm.c:1927:19:HAL_DFSDM_FilterRegularStop	8	static
stm32l4xx_hal_dfsdm.c:1957:19:HAL_DFSDM_FilterRegularStart_IT	8	static
stm32l4xx_hal_dfsdm.c:1988:19:HAL_DFSDM_FilterRegularStop_IT	8	static
stm32l4xx_hal_dfsdm.c:2026:19:HAL_DFSDM_FilterRegularStart_DMA	24	static
stm32l4xx_hal_dfsdm.c:2103:19:HAL_DFSDM_FilterRegularMsbStart_DMA	24	static
stm32l4xx_hal_dfsdm.c:2174:19:HAL_DFSDM_FilterRegularStop_DMA	8	static
stm32l4xx_hal_dfsdm.c:2213:9:HAL_DFSDM_FilterGetRegularValue	0	static
stm32l4xx_hal_dfsdm.c:2244:19:HAL_DFSDM_FilterInjectedStart	8	static
stm32l4xx_hal_dfsdm.c:2348:19:HAL_DFSDM_FilterInjectedStop	8	static
stm32l4xx_hal_dfsdm.c:2378:19:HAL_DFSDM_FilterInjectedStart_IT	8	static
stm32l4xx_hal_dfsdm.c:2409:19:HAL_DFSDM_FilterInjectedStop_IT	8	static
stm32l4xx_hal_dfsdm.c:2447:19:HAL_DFSDM_FilterInjectedStart_DMA	16	static
stm32l4xx_hal_dfsdm.c:2522:19:HAL_DFSDM_FilterInjectedMsbStart_DMA	16	static
stm32l4xx_hal_dfsdm.c:2591:19:HAL_DFSDM_FilterInjectedStop_DMA	16	static
stm32l4xx_hal_dfsdm.c:2630:9:HAL_DFSDM_FilterGetInjectedValue	0	static
stm32l4xx_hal_dfsdm.c:2660:19:HAL_DFSDM_FilterAwdStart_IT	0	static
stm32l4xx_hal_dfsdm.c:2709:19:HAL_DFSDM_FilterAwdStop_IT	0	static
stm32l4xx_hal_dfsdm.c:2749:19:HAL_DFSDM_FilterExdStart	0	static
stm32l4xx_hal_dfsdm.c:2780:19:HAL_DFSDM_FilterExdStop	8	static
stm32l4xx_hal_dfsdm.c:2818:9:HAL_DFSDM_FilterGetExdMaxValue	0	static
stm32l4xx_hal_dfsdm.c:2849:9:HAL_DFSDM_FilterGetExdMinValue	0	static
stm32l4xx_hal_dfsdm.c:2879:10:HAL_DFSDM_FilterGetConvTimeValue	0	static
stm32l4xx_hal_dfsdm.c:3095:13:HAL_DFSDM_FilterRegConvCpltCallback	0	static
stm32l4xx_hal_dfsdm.c:3263:13:DFSDM_DMARegularConvCplt	8	static
stm32l4xx_hal_dfsdm.c:3110:13:HAL_DFSDM_FilterRegConvHalfCpltCallback	0	static
stm32l4xx_hal_dfsdm.c:3245:13:DFSDM_DMARegularHalfConvCplt	8	static
stm32l4xx_hal_dfsdm.c:3127:13:HAL_DFSDM_FilterInjConvCpltCallback	0	static
stm32l4xx_hal_dfsdm.c:3299:13:DFSDM_DMAInjectedConvCplt	8	static
stm32l4xx_hal_dfsdm.c:3142:13:HAL_DFSDM_FilterInjConvHalfCpltCallback	0	static
stm32l4xx_hal_dfsdm.c:3281:13:DFSDM_DMAInjectedHalfConvCplt	8	static
stm32l4xx_hal_dfsdm.c:3159:13:HAL_DFSDM_FilterAwdCallback	0	static
stm32l4xx_hal_dfsdm.c:3177:13:HAL_DFSDM_FilterErrorCallback	0	static
stm32l4xx_hal_dfsdm.c:1862:19:HAL_DFSDM_FilterPollForRegConversion	16	static
stm32l4xx_hal_dfsdm.c:3317:13:DFSDM_DMAError	8	static
stm32l4xx_hal_dfsdm.c:2273:19:HAL_DFSDM_FilterPollForInjConversion	24	static
stm32l4xx_hal_dfsdm.c:2902:6:HAL_DFSDM_IRQHandler	24	static
stm32l4xx_hal_dfsdm.c:3210:31:HAL_DFSDM_FilterGetState	0	static
stm32l4xx_hal_dfsdm.c:3221:10:HAL_DFSDM_FilterGetError	0	static
