stm32l4xx_hal_flash.c:739:13:FLASH_Program_Fast	0	static
stm32l4xx_hal_flash.c:273:19:HAL_FLASH_Program_IT	24	static
stm32l4xx_hal_flash.c:476:13:HAL_FLASH_EndOfOperationCallback	0	static
stm32l4xx_hal_flash.c:494:13:HAL_FLASH_OperationErrorCallback	0	static
stm32l4xx_hal_flash.c:333:6:HAL_FLASH_IRQHandler	8	static
stm32l4xx_hal_flash.c:527:19:HAL_FLASH_Unlock	0	static
stm32l4xx_hal_flash.c:551:19:HAL_FLASH_Lock	0	static
stm32l4xx_hal_flash.c:563:19:HAL_FLASH_OB_Unlock	0	static
stm32l4xx_hal_flash.c:583:19:HAL_FLASH_OB_Lock	0	static
stm32l4xx_hal_flash.c:645:10:HAL_FLASH_GetError	0	static
stm32l4xx_hal_flash.c:669:19:FLASH_WaitForLastOperation	16	static
stm32l4xx_hal_flash.c:191:19:HAL_FLASH_Program	32	static
stm32l4xx_hal_flash.c:595:19:HAL_FLASH_OB_Launch	0	static
