app_x-cube-ai.c:303:26:ai_mnetwork_handle	0	static
app_x-cube-ai.c:293:9:ai_mnetwork_is_valid.isra.0	16	static
app_x-cube-ai.c:62:6:MX_X_CUBE_AI_Init	8	static
app_x-cube-ai.c:76:6:MX_X_CUBE_AI_Process	10696	static
app_x-cube-ai.c:326:13:ai_mnetwork_find	8	static
app_x-cube-ai.c:343:10:ai_mnetwork_create	24	static
app_x-cube-ai.c:385:11:ai_mnetwork_destroy	16	static
app_x-cube-ai.c:400:9:ai_mnetwork_get_info	8	static
app_x-cube-ai.c:411:10:ai_mnetwork_get_error	8	static
app_x-cube-ai.c:426:9:ai_mnetwork_init	56	static
app_x-cube-ai.c:451:8:ai_mnetwork_run	16	static
app_x-cube-ai.c:463:8:ai_mnetwork_forward	8	static
app_x-cube-ai.c:474:6:ai_mnetwork_get_private_handle	16	static
