dsp.c:56:11:log10_approx	16	static
dsp.c:66:6:hann	24	static
dsp.c:75:11:freq2mel	8	static
dsp.c:80:11:mel2freq	8	static
dsp.c:85:6:generate_filters	208	static
dsp.c:118:6:init_dsp	24	static
dsp.c:135:6:apply_pre_emphasis	0	static
dsp.c:139:6:apply_weak_pre_emphasis	0	static
dsp.c:144:6:apply_ac_coupling	24	static
dsp.c:154:6:apply_hann	0	static
dsp.c:159:6:apply_fft	16	static
dsp.c:166:6:apply_psd	16	static
dsp.c:172:6:apply_psd_logscale	24	static
dsp.c:179:6:apply_filterbank	40	static
dsp.c:193:6:apply_filterbank_logscale	24	static
dsp.c:201:6:apply_dct2	16	static
