Archive member included to satisfy reference by file (symbol)

../Drivers/CMSIS/Lib\libarm_cortexM4lf_math.a(arm_fill_f32.o)
                              Src\dsp.o (arm_fill_f32)
../Drivers/CMSIS/Lib\libarm_cortexM4lf_math.a(arm_copy_f32.o)
                              Src\dct.o (arm_copy_f32)
../Drivers/CMSIS/Lib\libarm_cortexM4lf_math.a(arm_mean_f32.o)
                              Src\dsp.o (arm_mean_f32)
../Drivers/CMSIS/Lib\libarm_cortexM4lf_math.a(arm_rfft_fast_init_f32.o)
                              Src\dsp.o (arm_rfft_fast_init_f32)
../Drivers/CMSIS/Lib\libarm_cortexM4lf_math.a(arm_rfft_fast_f32.o)
                              Src\dsp.o (arm_rfft_fast_f32)
../Drivers/CMSIS/Lib\libarm_cortexM4lf_math.a(arm_cfft_f32.o)
                              ../Drivers/CMSIS/Lib\libarm_cortexM4lf_math.a(arm_rfft_fast_f32.o) (arm_cfft_f32)
../Drivers/CMSIS/Lib\libarm_cortexM4lf_math.a(arm_mat_trans_f32.o)
                              Src\dct.o (arm_mat_trans_f32)
../Drivers/CMSIS/Lib\libarm_cortexM4lf_math.a(arm_mat_mult_f32.o)
                              Src\dct.o (arm_mat_mult_f32)
../Drivers/CMSIS/Lib\libarm_cortexM4lf_math.a(arm_mat_init_f32.o)
                              Src\dct.o (arm_mat_init_f32)
../Drivers/CMSIS/Lib\libarm_cortexM4lf_math.a(arm_fir_init_f32.o)
                              Src\dsp.o (arm_fir_init_f32)
../Drivers/CMSIS/Lib\libarm_cortexM4lf_math.a(arm_fir_f32.o)
                              Src\dsp.o (arm_fir_f32)
../Drivers/CMSIS/Lib\libarm_cortexM4lf_math.a(arm_cmplx_mag_f32.o)
                              Src\dsp.o (arm_cmplx_mag_f32)
../Drivers/CMSIS/Lib\libarm_cortexM4lf_math.a(arm_cos_f32.o)
                              Src\dct.o (arm_cos_f32)
../Drivers/CMSIS/Lib\libarm_cortexM4lf_math.a(arm_scale_f32.o)
                              Src\dct.o (arm_scale_f32)
../Drivers/CMSIS/Lib\libarm_cortexM4lf_math.a(arm_offset_f32.o)
                              Src\dsp.o (arm_offset_f32)
../Drivers/CMSIS/Lib\libarm_cortexM4lf_math.a(arm_mult_f32.o)
                              Src\dsp.o (arm_mult_f32)
../Drivers/CMSIS/Lib\libarm_cortexM4lf_math.a(arm_common_tables.o)
                              ../Drivers/CMSIS/Lib\libarm_cortexM4lf_math.a(arm_cos_f32.o) (sinTable_f32)
../Drivers/CMSIS/Lib\libarm_cortexM4lf_math.a(arm_bitreversal2.o)
                              ../Drivers/CMSIS/Lib\libarm_cortexM4lf_math.a(arm_cfft_f32.o) (arm_bitreversal_32)
../Drivers/CMSIS/Lib\libarm_cortexM4lf_math.a(arm_cfft_radix8_f32.o)
                              ../Drivers/CMSIS/Lib\libarm_cortexM4lf_math.a(arm_cfft_f32.o) (arm_radix8_butterfly_f32)
C:\Users\shiny\Documents\GitHub\acoustic-features\stm32\acoustic_feature_camera\Middlewares\ST\AI\AI\lib\network_runtime.a(ai_platform_interface.o)
                              Middlewares\ST\AI\AI\src\network.o (ai_platform_api_get_version)
C:\Users\shiny\Documents\GitHub\acoustic-features\stm32\acoustic_feature_camera\Middlewares\ST\AI\AI\lib\network_runtime.a(core_common.o)
                              C:\Users\shiny\Documents\GitHub\acoustic-features\stm32\acoustic_feature_camera\Middlewares\ST\AI\AI\lib\network_runtime.a(ai_platform_interface.o) (core_get_error)
C:\Users\shiny\Documents\GitHub\acoustic-features\stm32\acoustic_feature_camera\Middlewares\ST\AI\AI\lib\network_runtime.a(layers.o)
                              C:\Users\shiny\Documents\GitHub\acoustic-features\stm32\acoustic_feature_camera\Middlewares\ST\AI\AI\lib\network_runtime.a(ai_platform_interface.o) (ai_check_custom_types)
C:\Users\shiny\Documents\GitHub\acoustic-features\stm32\acoustic_feature_camera\Middlewares\ST\AI\AI\lib\network_runtime.a(layers_conv2d_generic_float.o)
                              Middlewares\ST\AI\AI\src\network.o (forward_conv2d_nl_pool)
C:\Users\shiny\Documents\GitHub\acoustic-features\stm32\acoustic_feature_camera\Middlewares\ST\AI\AI\lib\network_runtime.a(layers_nl_generic_float.o)
                              Middlewares\ST\AI\AI\src\network.o (forward_sm)
C:\Users\shiny\Documents\GitHub\acoustic-features\stm32\acoustic_feature_camera\Middlewares\ST\AI\AI\lib\network_runtime.a(layers_pool_generic_float.o)
                              Middlewares\ST\AI\AI\src\network.o (pool_func_mp_array_f32)
C:\Users\shiny\Documents\GitHub\acoustic-features\stm32\acoustic_feature_camera\Middlewares\ST\AI\AI\lib\network_runtime.a(ai_math_helpers.o)
                              C:\Users\shiny\Documents\GitHub\acoustic-features\stm32\acoustic_feature_camera\Middlewares\ST\AI\AI\lib\network_runtime.a(layers_conv2d_generic_float.o) (ai_math_dot_array)
c:/program files (x86)/atollic/truestudio for stm32 9.2.0/armtools/bin/../lib/gcc/arm-atollic-eabi/6.3.1/../../../../arm-atollic-eabi/lib/armv7e-m/fpu\libc_nano.a(lib_a-aeabi_memcpy.o)
                              C:\Users\shiny\Documents\GitHub\acoustic-features\stm32\acoustic_feature_camera\Middlewares\ST\AI\AI\lib\network_runtime.a(ai_platform_interface.o) (__aeabi_memcpy)
[...]
Memory Configuration

Name             Origin             Length             Attributes
RAM              0x20000000         0x00018000         xrw
RAM2             0x10000000         0x00008000         xrw
FLASH            0x08000000         0x00100000         xr
*default*        0x00000000         0xffffffff

Linker script and memory map

LOAD c:/program files (x86)/atollic/truestudio for stm32 9.2.0/armtools/bin/../lib/gcc/arm-atollic-eabi/6.3.1/armv7e-m/fpu/crti.o
LOAD c:/program files (x86)/atollic/truestudio for stm32 9.2.0/armtools/bin/../lib/gcc/arm-atollic-eabi/6.3.1/armv7e-m/fpu/crtbegin.o
LOAD Drivers\CMSIS\DSP_Lib\Source\BasicMathFunctions\arm_dot_prod_f32.o
LOAD Drivers\STM32L4xx_HAL_Driver\Src\stm32l4xx_hal.o
LOAD Drivers\STM32L4xx_HAL_Driver\Src\stm32l4xx_hal_cortex.o
LOAD Drivers\STM32L4xx_HAL_Driver\Src\stm32l4xx_hal_crc.o
LOAD Drivers\STM32L4xx_HAL_Driver\Src\stm32l4xx_hal_crc_ex.o
LOAD Drivers\STM32L4xx_HAL_Driver\Src\stm32l4xx_hal_dac.o
LOAD Drivers\STM32L4xx_HAL_Driver\Src\stm32l4xx_hal_dac_ex.o
LOAD Drivers\STM32L4xx_HAL_Driver\Src\stm32l4xx_hal_dfsdm.o
LOAD Drivers\STM32L4xx_HAL_Driver\Src\stm32l4xx_hal_dma.o
LOAD Drivers\STM32L4xx_HAL_Driver\Src\stm32l4xx_hal_dma_ex.o
LOAD Drivers\STM32L4xx_HAL_Driver\Src\stm32l4xx_hal_flash.o
LOAD Drivers\STM32L4xx_HAL_Driver\Src\stm32l4xx_hal_flash_ex.o
LOAD Drivers\STM32L4xx_HAL_Driver\Src\stm32l4xx_hal_flash_ramfunc.o
LOAD Drivers\STM32L4xx_HAL_Driver\Src\stm32l4xx_hal_gpio.o
LOAD Drivers\STM32L4xx_HAL_Driver\Src\stm32l4xx_hal_i2c.o
LOAD Drivers\STM32L4xx_HAL_Driver\Src\stm32l4xx_hal_i2c_ex.o
LOAD Drivers\STM32L4xx_HAL_Driver\Src\stm32l4xx_hal_pwr.o
LOAD Drivers\STM32L4xx_HAL_Driver\Src\stm32l4xx_hal_pwr_ex.o
LOAD Drivers\STM32L4xx_HAL_Driver\Src\stm32l4xx_hal_rcc.o
LOAD Drivers\STM32L4xx_HAL_Driver\Src\stm32l4xx_hal_rcc_ex.o
LOAD Drivers\STM32L4xx_HAL_Driver\Src\stm32l4xx_hal_tim.o
LOAD Drivers\STM32L4xx_HAL_Driver\Src\stm32l4xx_hal_tim_ex.o
LOAD Drivers\STM32L4xx_HAL_Driver\Src\stm32l4xx_hal_uart.o
LOAD Drivers\STM32L4xx_HAL_Driver\Src\stm32l4xx_hal_uart_ex.o
LOAD Middlewares\ST\AI\AI\data\network_data.o
LOAD Middlewares\ST\AI\AI\src\network.o
LOAD Src\ai.o
LOAD Src\app_x-cube-ai.o
LOAD Src\crc.o
LOAD Src\dac.o
LOAD Src\dct.o
LOAD Src\dfsdm.o
LOAD Src\dma.o
LOAD Src\dsp.o
LOAD Src\gpio.o
LOAD Src\i2c.o
LOAD Src\lcd.o
LOAD Src\main.o
LOAD Src\stm32l4xx_hal_msp.o
LOAD Src\stm32l4xx_it.o
LOAD Src\system_stm32l4xx.o
LOAD Src\tim.o
LOAD Src\usart.o
LOAD startup\startup_stm32l476xx.o
LOAD ../Drivers/CMSIS/Lib\libarm_cortexM4lf_math.a
LOAD C:\Users\shiny\Documents\GitHub\acoustic-features\stm32\acoustic_feature_camera\Middlewares\ST\AI\AI\lib\network_runtime.a
                0x00000080                malloc_getpagesize_P = 0x80
START GROUP
LOAD c:/program files (x86)/atollic/truestudio for stm32 9.2.0/armtools/bin/../lib/gcc/arm-atollic-eabi/6.3.1/../../../../arm-atollic-eabi/lib/armv7e-m/fpu\libc_nano.a
LOAD c:/program files (x86)/atollic/truestudio for stm32 9.2.0/armtools/bin/../lib/gcc/arm-atollic-eabi/6.3.1/../../../../arm-atollic-eabi/lib/armv7e-m/fpu\libm.a
END GROUP
START GROUP
LOAD c:/program files (x86)/atollic/truestudio for stm32 9.2.0/armtools/bin/../lib/gcc/arm-atollic-eabi/6.3.1/armv7e-m/fpu\libgcc.a
LOAD c:/program files (x86)/atollic/truestudio for stm32 9.2.0/armtools/bin/../lib/gcc/arm-atollic-eabi/6.3.1/../../../../arm-atollic-eabi/lib/armv7e-m/fpu\libc_nano.a
END GROUP
START GROUP
LOAD c:/program files (x86)/atollic/truestudio for stm32 9.2.0/armtools/bin/../lib/gcc/arm-atollic-eabi/6.3.1/armv7e-m/fpu\libgcc.a
LOAD c:/program files (x86)/atollic/truestudio for stm32 9.2.0/armtools/bin/../lib/gcc/arm-atollic-eabi/6.3.1/../../../../arm-atollic-eabi/lib/armv7e-m/fpu\libc_nano.a
LOAD c:/program files (x86)/atollic/truestudio for stm32 9.2.0/armtools/bin/../lib/gcc/arm-atollic-eabi/6.3.1/../../../../arm-atollic-eabi/lib/armv7e-m/fpu\libnosys.a
END GROUP
START GROUP
LOAD c:/program files (x86)/atollic/truestudio for stm32 9.2.0/armtools/bin/../lib/gcc/arm-atollic-eabi/6.3.1/armv7e-m/fpu\libgcc.a
LOAD c:/program files (x86)/atollic/truestudio for stm32 9.2.0/armtools/bin/../lib/gcc/arm-atollic-eabi/6.3.1/../../../../arm-atollic-eabi/lib/armv7e-m/fpu\libc_nano.a
LOAD c:/program files (x86)/atollic/truestudio for stm32 9.2.0/armtools/bin/../lib/gcc/arm-atollic-eabi/6.3.1/../../../../arm-atollic-eabi/lib/armv7e-m/fpu\libnosys.a
END GROUP
LOAD c:/program files (x86)/atollic/truestudio for stm32 9.2.0/armtools/bin/../lib/gcc/arm-atollic-eabi/6.3.1/armv7e-m/fpu/crtend.o
LOAD c:/program files (x86)/atollic/truestudio for stm32 9.2.0/armtools/bin/../lib/gcc/arm-atollic-eabi/6.3.1/armv7e-m/fpu/crtn.o
                0x20018000                _estack = 0x20018000
                0x00002000                _Min_Heap_Size = 0x2000
                0x00000400                _Min_Stack_Size = 0x400

.isr_vector     0x08000000      0x188
                0x08000000                . = ALIGN (0x4)
 *(.isr_vector)
 .isr_vector    0x08000000      0x188 startup\startup_stm32l476xx.o
                0x08000000                g_pfnVectors
                0x08000188                . = ALIGN (0x4)

.text           0x08000190     0xe6a4
                0x08000190                . = ALIGN (0x4)
 *(.text)
 .text          0x08000190       0x40 c:/program files (x86)/atollic/truestudio for stm32 9.2.0/armtools/bin/../lib/gcc/arm-atollic-eabi/6.3.1/armv7e-m/fpu/crtbegin.o
 .text          0x080001d0       0xc0 ../Drivers/CMSIS/Lib\libarm_cortexM4lf_math.a(arm_bitreversal2.o)
                0x080001d0                arm_bitreversal_32
                0x0800023a                arm_bitreversal_16
 .text          0x08000290      0x4c4 C:\Users\shiny\Documents\GitHub\acoustic-features\stm32\acoustic_feature_camera\Middlewares\ST\AI\AI\lib\network_runtime.a(ai_platform_interface.o)
                0x080002f2                ai_platform_runtime_get_revision
                0x08000322                ai_platform_runtime_get_version
                0x08000356                ai_platform_api_get_version
                0x0800038a                ai_platform_interface_api_get_version
                0x080003be                ai_platform_context_acquire
                0x080003fa                ai_platform_context_release
                0x08000408                ai_platform_network_get_error
                0x0800044c                ai_platform_network_set_error
                0x08000458                ai_platform_network_create
                0x080004d4                ai_platform_network_destroy
                0x08000512                ai_platform_network_init
                0x080005a8                ai_platform_network_process
 .text          0x08000754       0x24 C:\Users\shiny\Documents\GitHub\acoustic-features\stm32\acoustic_feature_camera\Middlewares\ST\AI\AI\lib\network_runtime.a(core_common.o)
                0x08000754                core_init
                0x08000758                core_get_error
                0x08000762                core_set_error
 .text          0x08000778      0x1b8 C:\Users\shiny\Documents\GitHub\acoustic-features\stm32\acoustic_feature_camera\Middlewares\ST\AI\AI\lib\network_runtime.a(layers.o)
                0x08000778                ai_layers_forward_layer
                0x0800078c                ai_check_custom_types
                0x080007b4                ai_layer_type_name
                0x08000874                ai_layer_type_is_valid
                0x08000890                ai_layers_forward_all
 .text          0x08000930     0x100c C:\Users\shiny\Documents\GitHub\acoustic-features\stm32\acoustic_feature_camera\Middlewares\ST\AI\AI\lib\network_runtime.a(layers_conv2d_generic_float.o)
                0x08000da8                ai_dict8_dot_array_f32
                0x0800108c                ai_dict4_dot_array_f32
                0x08001128                forward_conv2d
                0x08001290                forward_conv2d_nl_pool
                0x080015c4                forward_dense
                0x080018bc                forward_gemm
 .text          0x0800193c      0x716 C:\Users\shiny\Documents\GitHub\acoustic-features\stm32\acoustic_feature_camera\Middlewares\ST\AI\AI\lib\network_runtime.a(layers_nl_generic_float.o)
                0x0800193c                nl_func_sm_channel_f32
                0x08001a60                nl_func_sm_array_f32
                0x08001a94                nl_func_tanh_array_f32
                0x08001abc                nl_func_sigmoid_array_f32
                0x08001af8                nl_func_sign_array_f32
                0x08001b30                nl_func_clip_array_f32
                0x08001b68                nl_func_relu_array_f32
                0x08001b94                nl_func_relu6_array_f32
                0x08001bd4                nl_func_selu_array_f32
                0x08001c64                nl_func_prelu_array_f32
                0x08001cb0                forward_relu
                0x08001d10                forward_relu6
                0x08001d84                forward_selu
                0x08001e30                forward_prelu
                0x08001ea8                forward_sign
                0x08001f1c                forward_clip
                0x08001f84                forward_sigmoid
                0x08001fdc                forward_tanh
                0x0800201e                forward_sm
 *fill*         0x08002052        0x2 
 .text          0x08002054      0x66c C:\Users\shiny\Documents\GitHub\acoustic-features\stm32\acoustic_feature_camera\Middlewares\ST\AI\AI\lib\network_runtime.a(layers_pool_generic_float.o)
                0x08002054                pool_func_mp_array_f32
                0x08002114                pool_func_ap_array_f32
                0x08002230                forward_mp
                0x08002430                forward_ap
 .text          0x080026c0       0xf0 C:\Users\shiny\Documents\GitHub\acoustic-features\stm32\acoustic_feature_camera\Middlewares\ST\AI\AI\lib\network_runtime.a(ai_math_helpers.o)
                0x080026c0                ai_math_dot_array
                0x080026ec                ai_math_sqrt
                0x08002704                ai_math_exp
                0x08002708                ai_math_pow
                0x0800270c                ai_math_tanh
                0x08002710                ai_math_relu
                0x08002720                ai_math_prelu
                0x08002730                ai_math_sigmoid
                0x08002750                ai_math_hard_sigmoid
                0x08002784                ai_math_sign
 .text          0x080027b0       0x10 c:/program files (x86)/atollic/truestudio for stm32 9.2.0/armtools/bin/../lib/gcc/arm-atollic-eabi/6.3.1/../../../../arm-atollic-eabi/lib/armv7e-m/fpu\libc_nano.a(lib_a-strlen.o)
                0x080027b0                strlen
 .text          0x080027c0       0xa0 c:/program files (x86)/atollic/truestudio for stm32 9.2.0/armtools/bin/../lib/gcc/arm-atollic-eabi/6.3.1/../../../../arm-atollic-eabi/lib/armv7e-m/fpu\libc_nano.a(lib_a-memchr.o)
                0x080027c0                memchr
 .text          0x08002860      0x370 c:/program files (x86)/atollic/truestudio for stm32 9.2.0/armtools/bin/../lib/gcc/arm-atollic-eabi/6.3.1/armv7e-m/fpu\libgcc.a(_arm_addsubdf3.o)
                0x08002860                __aeabi_drsub
                0x08002868                __aeabi_dsub
                0x08002868                __subdf3
                0x0800286c                __aeabi_dadd
                0x0800286c                __adddf3
                0x08002ae4                __floatunsidf
                0x08002ae4                __aeabi_ui2d
                0x08002b04                __floatsidf
                0x08002b04                __aeabi_i2d
                0x08002b28                __aeabi_f2d
                0x08002b28                __extendsfdf2
                0x08002b64                __floatundidf
                0x08002b64                __aeabi_ul2d
                0x08002b74                __floatdidf
                0x08002b74                __aeabi_l2d
 .text          0x08002bd0      0x424 c:/program files (x86)/atollic/truestudio for stm32 9.2.0/armtools/bin/../lib/gcc/arm-atollic-eabi/6.3.1/armv7e-m/fpu\libgcc.a(_arm_muldivdf3.o)
                0x08002bd0                __aeabi_dmul
                0x08002bd0                __muldf3
                0x08002e24                __divdf3
                0x08002e24                __aeabi_ddiv
 .text          0x08002ff4      0x110 c:/program files (x86)/atollic/truestudio for stm32 9.2.0/armtools/bin/../lib/gcc/arm-atollic-eabi/6.3.1/armv7e-m/fpu\libgcc.a(_arm_cmpdf2.o)
                0x08002ff4                __gtdf2
                0x08002ff4                __gedf2
                0x08002ffc                __ltdf2
                0x08002ffc                __ledf2
                0x08003004                __nedf2
                0x08003004                __eqdf2
                0x08003004                __cmpdf2
                0x08003080                __aeabi_cdrcmple
                0x08003090                __aeabi_cdcmpeq
                0x08003090                __aeabi_cdcmple
                0x080030a0                __aeabi_dcmpeq
                0x080030b4                __aeabi_dcmplt
                0x080030c8                __aeabi_dcmple
                0x080030dc                __aeabi_dcmpge
                0x080030f0                __aeabi_dcmpgt
 .text          0x08003104       0x2c c:/program files (x86)/atollic/truestudio for stm32 9.2.0/armtools/bin/../lib/gcc/arm-atollic-eabi/6.3.1/armv7e-m/fpu\libgcc.a(_arm_unorddf2.o)
                0x08003104                __unorddf2
                0x08003104                __aeabi_dcmpun
 .text          0x08003130       0x50 c:/program files (x86)/atollic/truestudio for stm32 9.2.0/armtools/bin/../lib/gcc/arm-atollic-eabi/6.3.1/armv7e-m/fpu\libgcc.a(_arm_fixdfsi.o)
                0x08003130                __aeabi_d2iz
                0x08003130                __fixdfsi
 .text          0x08003180       0xa0 c:/program files (x86)/atollic/truestudio for stm32 9.2.0/armtools/bin/../lib/gcc/arm-atollic-eabi/6.3.1/armv7e-m/fpu\libgcc.a(_arm_truncdfsf2.o)
                0x08003180                __truncdfsf2
                0x08003180                __aeabi_d2f
 .text          0x08003220       0x30 c:/program files (x86)/atollic/truestudio for stm32 9.2.0/armtools/bin/../lib/gcc/arm-atollic-eabi/6.3.1/armv7e-m/fpu\libgcc.a(_aeabi_uldivmod.o)
                0x08003220                __aeabi_uldivmod
 .text          0x08003250      0x2dc c:/program files (x86)/atollic/truestudio for stm32 9.2.0/armtools/bin/../lib/gcc/arm-atollic-eabi/6.3.1/armv7e-m/fpu\libgcc.a(_udivmoddi4.o)
                0x08003250                __udivmoddi4
 .text          0x0800352c        0x4 c:/program files (x86)/atollic/truestudio for stm32 9.2.0/armtools/bin/../lib/gcc/arm-atollic-eabi/6.3.1/armv7e-m/fpu\libgcc.a(_dvmd_tls.o)
                0x0800352c                __aeabi_idiv0
                0x0800352c                __aeabi_ldiv0
 *(.text*)
 .text.arm_dot_prod_f32
                0x08003530       0x74 Drivers\CMSIS\DSP_Lib\Source\BasicMathFunctions\arm_dot_prod_f32.o
                0x08003530                arm_dot_prod_f32
 .text.HAL_InitTick
                0x080035a4       0x30 Drivers\STM32L4xx_HAL_Driver\Src\stm32l4xx_hal.o
                0x080035a4                HAL_InitTick
 .text.HAL_Init
                0x080035d4       0x2c Drivers\STM32L4xx_HAL_Driver\Src\stm32l4xx_hal.o
                0x080035d4                HAL_Init
 .text.HAL_IncTick
                0x08003600       0x10 Drivers\STM32L4xx_HAL_Driver\Src\stm32l4xx_hal.o
                0x08003600                HAL_IncTick
 .text.HAL_GetTick
                0x08003610        0xc Drivers\STM32L4xx_HAL_Driver\Src\stm32l4xx_hal.o
                0x08003610                HAL_GetTick
 .text.HAL_Delay
                0x0800361c       0x1c Drivers\STM32L4xx_HAL_Driver\Src\stm32l4xx_hal.o
                0x0800361c                HAL_Delay
 .text.HAL_NVIC_SetPriorityGrouping
                0x08003638       0x24 Drivers\STM32L4xx_HAL_Driver\Src\stm32l4xx_hal_cortex.o
                0x08003638                HAL_NVIC_SetPriorityGrouping
 .text.HAL_NVIC_SetPriority
                0x0800365c       0x68 Drivers\STM32L4xx_HAL_Driver\Src\stm32l4xx_hal_cortex.o
                0x0800365c                HAL_NVIC_SetPriority
 .text.HAL_NVIC_EnableIRQ
                0x080036c4       0x18 Drivers\STM32L4xx_HAL_Driver\Src\stm32l4xx_hal_cortex.o
                0x080036c4                HAL_NVIC_EnableIRQ
 .text.HAL_SYSTICK_Config
                0x080036dc       0x2c Drivers\STM32L4xx_HAL_Driver\Src\stm32l4xx_hal_cortex.o
                0x080036dc                HAL_SYSTICK_Config
 .text.HAL_CRC_Init
                0x08003708       0x74 Drivers\STM32L4xx_HAL_Driver\Src\stm32l4xx_hal_crc.o
                0x08003708                HAL_CRC_Init
 .text.HAL_CRCEx_Polynomial_Set
                0x0800377c       0x44 Drivers\STM32L4xx_HAL_Driver\Src\stm32l4xx_hal_crc_ex.o
                0x0800377c                HAL_CRCEx_Polynomial_Set
 .text.HAL_DAC_Init
                0x080037c0       0x26 Drivers\STM32L4xx_HAL_Driver\Src\stm32l4xx_hal_dac.o
                0x080037c0                HAL_DAC_Init
 .text.HAL_DAC_Start
                0x080037e6       0x52 Drivers\STM32L4xx_HAL_Driver\Src\stm32l4xx_hal_dac.o
                0x080037e6                HAL_DAC_Start
 .text.HAL_DAC_Start_DMA
                0x08003838       0xd8 Drivers\STM32L4xx_HAL_Driver\Src\stm32l4xx_hal_dac.o
                0x08003838                HAL_DAC_Start_DMA
 .text.HAL_DAC_ConvCpltCallbackCh1
                0x08003910        0x2 Drivers\STM32L4xx_HAL_Driver\Src\stm32l4xx_hal_dac.o
                0x08003910                HAL_DAC_ConvCpltCallbackCh1
 .text.DAC_DMAConvCpltCh1
                0x08003912       0x10 Drivers\STM32L4xx_HAL_Driver\Src\stm32l4xx_hal_dac.o
 .text.HAL_DAC_ConvHalfCpltCallbackCh1
                0x08003922        0x2 Drivers\STM32L4xx_HAL_Driver\Src\stm32l4xx_hal_dac.o
                0x08003922                HAL_DAC_ConvHalfCpltCallbackCh1
 .text.DAC_DMAHalfConvCpltCh1
                0x08003924        0xa Drivers\STM32L4xx_HAL_Driver\Src\stm32l4xx_hal_dac.o
 .text.HAL_DAC_ErrorCallbackCh1
                0x0800392e        0x2 Drivers\STM32L4xx_HAL_Driver\Src\stm32l4xx_hal_dac.o
                0x0800392e                HAL_DAC_ErrorCallbackCh1
 .text.DAC_DMAErrorCh1
                0x08003930       0x18 Drivers\STM32L4xx_HAL_Driver\Src\stm32l4xx_hal_dac.o
 .text.HAL_DAC_ConfigChannel
                0x08003948      0x112 Drivers\STM32L4xx_HAL_Driver\Src\stm32l4xx_hal_dac.o
                0x08003948                HAL_DAC_ConfigChannel
 .text.HAL_DACEx_ConvCpltCallbackCh2
                0x08003a5a        0x2 Drivers\STM32L4xx_HAL_Driver\Src\stm32l4xx_hal_dac_ex.o
                0x08003a5a                HAL_DACEx_ConvCpltCallbackCh2
 .text.HAL_DACEx_ConvHalfCpltCallbackCh2
                0x08003a5c        0x2 Drivers\STM32L4xx_HAL_Driver\Src\stm32l4xx_hal_dac_ex.o
                0x08003a5c                HAL_DACEx_ConvHalfCpltCallbackCh2
 .text.HAL_DACEx_ErrorCallbackCh2
                0x08003a5e        0x2 Drivers\STM32L4xx_HAL_Driver\Src\stm32l4xx_hal_dac_ex.o
                0x08003a5e                HAL_DACEx_ErrorCallbackCh2
 .text.DAC_DMAConvCpltCh2
                0x08003a60       0x10 Drivers\STM32L4xx_HAL_Driver\Src\stm32l4xx_hal_dac_ex.o
                0x08003a60                DAC_DMAConvCpltCh2
 .text.DAC_DMAHalfConvCpltCh2
                0x08003a70        0xa Drivers\STM32L4xx_HAL_Driver\Src\stm32l4xx_hal_dac_ex.o
                0x08003a70                DAC_DMAHalfConvCpltCh2
 .text.DAC_DMAErrorCh2
                0x08003a7a       0x18 Drivers\STM32L4xx_HAL_Driver\Src\stm32l4xx_hal_dac_ex.o
                0x08003a7a                DAC_DMAErrorCh2
 .text.DFSDM_RegConvStart
                0x08003a92       0x58 Drivers\STM32L4xx_HAL_Driver\Src\stm32l4xx_hal_dfsdm.o
 *fill*         0x08003aea        0x2 
 .text.DFSDM_GetChannelFromInstance
                0x08003aec       0x58 Drivers\STM32L4xx_HAL_Driver\Src\stm32l4xx_hal_dfsdm.o
 .text.HAL_DFSDM_ChannelInit
                0x08003b44       0xe8 Drivers\STM32L4xx_HAL_Driver\Src\stm32l4xx_hal_dfsdm.o
                0x08003b44                HAL_DFSDM_ChannelInit
 .text.HAL_DFSDM_FilterInit
                0x08003c2c       0xe4 Drivers\STM32L4xx_HAL_Driver\Src\stm32l4xx_hal_dfsdm.o
                0x08003c2c                HAL_DFSDM_FilterInit
 .text.HAL_DFSDM_FilterConfigRegChannel
                0x08003d10       0x3a Drivers\STM32L4xx_HAL_Driver\Src\stm32l4xx_hal_dfsdm.o
                0x08003d10                HAL_DFSDM_FilterConfigRegChannel
 *fill*         0x08003d4a        0x2 
 .text.HAL_DFSDM_FilterRegularStart_DMA
                0x08003d4c       0x7c Drivers\STM32L4xx_HAL_Driver\Src\stm32l4xx_hal_dfsdm.o
                0x08003d4c                HAL_DFSDM_FilterRegularStart_DMA
 .text.DFSDM_DMARegularConvCplt
                0x08003dc8        0xa Drivers\STM32L4xx_HAL_Driver\Src\stm32l4xx_hal_dfsdm.o
 .text.DFSDM_DMARegularHalfConvCplt
                0x08003dd2        0xa Drivers\STM32L4xx_HAL_Driver\Src\stm32l4xx_hal_dfsdm.o
 .text.HAL_DFSDM_FilterErrorCallback
                0x08003ddc        0x2 Drivers\STM32L4xx_HAL_Driver\Src\stm32l4xx_hal_dfsdm.o
                0x08003ddc                HAL_DFSDM_FilterErrorCallback
 .text.DFSDM_DMAError
                0x08003dde        0xe Drivers\STM32L4xx_HAL_Driver\Src\stm32l4xx_hal_dfsdm.o
 .text.HAL_DMA_Init
                0x08003dec       0xc4 Drivers\STM32L4xx_HAL_Driver\Src\stm32l4xx_hal_dma.o
                0x08003dec                HAL_DMA_Init
 .text.HAL_DMA_Start_IT
                0x08003eb0       0x80 Drivers\STM32L4xx_HAL_Driver\Src\stm32l4xx_hal_dma.o
                0x08003eb0                HAL_DMA_Start_IT
 .text.HAL_DMA_Abort_IT
                0x08003f30       0x4c Drivers\STM32L4xx_HAL_Driver\Src\stm32l4xx_hal_dma.o
                0x08003f30                HAL_DMA_Abort_IT
 .text.HAL_DMA_IRQHandler
                0x08003f7c       0x94 Drivers\STM32L4xx_HAL_Driver\Src\stm32l4xx_hal_dma.o
                0x08003f7c                HAL_DMA_IRQHandler
 .text.HAL_GPIO_Init
                0x08004010      0x1b8 Drivers\STM32L4xx_HAL_Driver\Src\stm32l4xx_hal_gpio.o
                0x08004010                HAL_GPIO_Init
 .text.HAL_GPIO_EXTI_IRQHandler
                0x080041c8       0x18 Drivers\STM32L4xx_HAL_Driver\Src\stm32l4xx_hal_gpio.o
                0x080041c8                HAL_GPIO_EXTI_IRQHandler
 .text.I2C_Flush_TXDR
                0x080041e0       0x1c Drivers\STM32L4xx_HAL_Driver\Src\stm32l4xx_hal_i2c.o
 .text.I2C_TransferConfig
                0x080041fc       0x34 Drivers\STM32L4xx_HAL_Driver\Src\stm32l4xx_hal_i2c.o
 .text.I2C_WaitOnFlagUntilTimeout
                0x08004230       0x56 Drivers\STM32L4xx_HAL_Driver\Src\stm32l4xx_hal_i2c.o
 .text.I2C_IsAcknowledgeFailed
                0x08004286       0x7a Drivers\STM32L4xx_HAL_Driver\Src\stm32l4xx_hal_i2c.o
 .text.I2C_WaitOnTXISFlagUntilTimeout
                0x08004300       0x4e Drivers\STM32L4xx_HAL_Driver\Src\stm32l4xx_hal_i2c.o
 .text.I2C_WaitOnSTOPFlagUntilTimeout
                0x0800434e       0x4a Drivers\STM32L4xx_HAL_Driver\Src\stm32l4xx_hal_i2c.o
 .text.HAL_I2C_Init
                0x08004398       0xa2 Drivers\STM32L4xx_HAL_Driver\Src\stm32l4xx_hal_i2c.o
                0x08004398                HAL_I2C_Init
 *fill*         0x0800443a        0x2 
 .text.HAL_I2C_Master_Transmit
                0x0800443c      0x128 Drivers\STM32L4xx_HAL_Driver\Src\stm32l4xx_hal_i2c.o
                0x0800443c                HAL_I2C_Master_Transmit
 .text.HAL_I2CEx_ConfigAnalogFilter
                0x08004564       0x4c Drivers\STM32L4xx_HAL_Driver\Src\stm32l4xx_hal_i2c_ex.o
                0x08004564                HAL_I2CEx_ConfigAnalogFilter
 .text.HAL_I2CEx_ConfigDigitalFilter
                0x080045b0       0x4a Drivers\STM32L4xx_HAL_Driver\Src\stm32l4xx_hal_i2c_ex.o
                0x080045b0                HAL_I2CEx_ConfigDigitalFilter
 *fill*         0x080045fa        0x2 
 .text.HAL_PWREx_GetVoltageRange
                0x080045fc       0x10 Drivers\STM32L4xx_HAL_Driver\Src\stm32l4xx_hal_pwr_ex.o
                0x080045fc                HAL_PWREx_GetVoltageRange
 .text.HAL_PWREx_ControlVoltageScaling
                0x0800460c       0x6c Drivers\STM32L4xx_HAL_Driver\Src\stm32l4xx_hal_pwr_ex.o
                0x0800460c                HAL_PWREx_ControlVoltageScaling
 .text.RCC_SetFlashLatencyFromMSIRange
                0x08004678       0x84 Drivers\STM32L4xx_HAL_Driver\Src\stm32l4xx_hal_rcc.o
 .text.HAL_RCC_GetSysClockFreq
                0x080046fc       0xa8 Drivers\STM32L4xx_HAL_Driver\Src\stm32l4xx_hal_rcc.o
                0x080046fc                HAL_RCC_GetSysClockFreq
 .text.HAL_RCC_OscConfig
                0x080047a4      0x44c Drivers\STM32L4xx_HAL_Driver\Src\stm32l4xx_hal_rcc.o
                0x080047a4                HAL_RCC_OscConfig
 .text.HAL_RCC_ClockConfig
                0x08004bf0      0x124 Drivers\STM32L4xx_HAL_Driver\Src\stm32l4xx_hal_rcc.o
                0x08004bf0                HAL_RCC_ClockConfig
 .text.HAL_RCC_GetPCLK1Freq
                0x08004d14       0x24 Drivers\STM32L4xx_HAL_Driver\Src\stm32l4xx_hal_rcc.o
                0x08004d14                HAL_RCC_GetPCLK1Freq
 .text.HAL_RCC_GetPCLK2Freq
                0x08004d38       0x24 Drivers\STM32L4xx_HAL_Driver\Src\stm32l4xx_hal_rcc.o
                0x08004d38                HAL_RCC_GetPCLK2Freq
 .text.RCCEx_PLLSAI1_Config
                0x08004d5c      0x11c Drivers\STM32L4xx_HAL_Driver\Src\stm32l4xx_hal_rcc_ex.o
 .text.RCCEx_PLLSAI2_Config
                0x08004e78       0xfc Drivers\STM32L4xx_HAL_Driver\Src\stm32l4xx_hal_rcc_ex.o
 .text.HAL_RCCEx_PeriphCLKConfig
                0x08004f74      0x3d0 Drivers\STM32L4xx_HAL_Driver\Src\stm32l4xx_hal_rcc_ex.o
                0x08004f74                HAL_RCCEx_PeriphCLKConfig
 .text.HAL_TIM_Base_Start
                0x08005344       0x34 Drivers\STM32L4xx_HAL_Driver\Src\stm32l4xx_hal_tim.o
                0x08005344                HAL_TIM_Base_Start
 .text.TIM_Base_SetConfig
                0x08005378       0xcc Drivers\STM32L4xx_HAL_Driver\Src\stm32l4xx_hal_tim.o
                0x08005378                TIM_Base_SetConfig
 .text.HAL_TIM_Base_Init
                0x08005444       0x34 Drivers\STM32L4xx_HAL_Driver\Src\stm32l4xx_hal_tim.o
                0x08005444                HAL_TIM_Base_Init
 .text.HAL_TIMEx_MasterConfigSynchronization
                0x08005478       0x58 Drivers\STM32L4xx_HAL_Driver\Src\stm32l4xx_hal_tim_ex.o
                0x08005478                HAL_TIMEx_MasterConfigSynchronization
 .text.UART_EndRxTransfer
                0x080054d0       0x1e Drivers\STM32L4xx_HAL_Driver\Src\stm32l4xx_hal_uart.o
 *fill*         0x080054ee        0x2 
 .text.HAL_UART_Receive_IT
                0x080054f0       0xa8 Drivers\STM32L4xx_HAL_Driver\Src\stm32l4xx_hal_uart.o
                0x080054f0                HAL_UART_Receive_IT
 .text.HAL_UART_TxCpltCallback
                0x08005598        0x2 Drivers\STM32L4xx_HAL_Driver\Src\stm32l4xx_hal_uart.o
                0x08005598                HAL_UART_TxCpltCallback
 .text.UART_RxISR_8BIT
                0x0800559a       0x56 Drivers\STM32L4xx_HAL_Driver\Src\stm32l4xx_hal_uart.o
 .text.UART_RxISR_16BIT
                0x080055f0       0x54 Drivers\STM32L4xx_HAL_Driver\Src\stm32l4xx_hal_uart.o
 .text.HAL_UART_ErrorCallback
                0x08005644        0x2 Drivers\STM32L4xx_HAL_Driver\Src\stm32l4xx_hal_uart.o
                0x08005644                HAL_UART_ErrorCallback
 *fill*         0x08005646        0x2 
 .text.HAL_UART_IRQHandler
                0x08005648      0x12c Drivers\STM32L4xx_HAL_Driver\Src\stm32l4xx_hal_uart.o
                0x08005648                HAL_UART_IRQHandler
 .text.UART_DMAAbortOnError
                0x08005774       0x14 Drivers\STM32L4xx_HAL_Driver\Src\stm32l4xx_hal_uart.o
 .text.UART_SetConfig
                0x08005788      0x330 Drivers\STM32L4xx_HAL_Driver\Src\stm32l4xx_hal_uart.o
                0x08005788                UART_SetConfig
 .text.UART_AdvFeatureConfig
                0x08005ab8       0xa8 Drivers\STM32L4xx_HAL_Driver\Src\stm32l4xx_hal_uart.o
                0x08005ab8                UART_AdvFeatureConfig
 .text.UART_WaitOnFlagUntilTimeout
                0x08005b60       0x62 Drivers\STM32L4xx_HAL_Driver\Src\stm32l4xx_hal_uart.o
                0x08005b60                UART_WaitOnFlagUntilTimeout
 .text.HAL_UART_Transmit
                0x08005bc2       0xae Drivers\STM32L4xx_HAL_Driver\Src\stm32l4xx_hal_uart.o
                0x08005bc2                HAL_UART_Transmit
 .text.UART_CheckIdleState
                0x08005c70       0x64 Drivers\STM32L4xx_HAL_Driver\Src\stm32l4xx_hal_uart.o
                0x08005c70                UART_CheckIdleState
 .text.HAL_UART_Init
                0x08005cd4       0x64 Drivers\STM32L4xx_HAL_Driver\Src\stm32l4xx_hal_uart.o
                0x08005cd4                HAL_UART_Init
 .text.HAL_UARTEx_WakeupCallback
                0x08005d38        0x2 Drivers\STM32L4xx_HAL_Driver\Src\stm32l4xx_hal_uart_ex.o
                0x08005d38                HAL_UARTEx_WakeupCallback
 *fill*         0x08005d3a        0x2 
 .text.ai_network_data_weights_get
                0x08005d3c        0x8 Middlewares\ST\AI\AI\data\network_data.o
                0x08005d3c                ai_network_data_weights_get
 .text.ai_network_get_info
                0x08005d44      0x10c Middlewares\ST\AI\AI\src\network.o
                0x08005d44                ai_network_get_info
 .text.ai_network_get_error
                0x08005e50        0x8 Middlewares\ST\AI\AI\src\network.o
                0x08005e50                ai_network_get_error
 .text.ai_network_create
                0x08005e58       0x1c Middlewares\ST\AI\AI\src\network.o
                0x08005e58                ai_network_create
 .text.ai_network_destroy
                0x08005e74        0x4 Middlewares\ST\AI\AI\src\network.o
                0x08005e74                ai_network_destroy
 .text.ai_network_init
                0x08005e78       0xe8 Middlewares\ST\AI\AI\src\network.o
                0x08005e78                ai_network_init
 .text.ai_network_run
                0x08005f60        0x4 Middlewares\ST\AI\AI\src\network.o
                0x08005f60                ai_network_run
 .text.ai_network_forward
                0x08005f64        0x6 Middlewares\ST\AI\AI\src\network.o
                0x08005f64                ai_network_forward
 *fill*         0x08005f6a        0x2 
 .text.normalize
                0x08005f6c       0xc8 Src\ai.o
                0x08005f6c                normalize
 .text.ai_init  0x08006034       0x74 Src\ai.o
                0x08006034                ai_init
 .text.ai_infer
                0x080060a8       0x70 Src\ai.o
                0x080060a8                ai_infer
 .text.ai_mnetwork_handle
                0x08006118       0x1c Src\app_x-cube-ai.o
 .text.ai_mnetwork_is_valid.isra.0
                0x08006134       0x30 Src\app_x-cube-ai.o
 .text.MX_X_CUBE_AI_Init
                0x08006164       0x18 Src\app_x-cube-ai.o
                0x08006164                MX_X_CUBE_AI_Init
 .text.MX_X_CUBE_AI_Process
                0x0800617c      0x1a4 Src\app_x-cube-ai.o
                0x0800617c                MX_X_CUBE_AI_Process
 .text.ai_mnetwork_find
                0x08006320       0x24 Src\app_x-cube-ai.o
                0x08006320                ai_mnetwork_find
 .text.ai_mnetwork_create
                0x08006344       0x5c Src\app_x-cube-ai.o
                0x08006344                ai_mnetwork_create
 .text.ai_mnetwork_init
                0x080063a0       0x62 Src\app_x-cube-ai.o
                0x080063a0                ai_mnetwork_init
 .text.ai_mnetwork_run
                0x08006402       0x1c Src\app_x-cube-ai.o
                0x08006402                ai_mnetwork_run
 *fill*         0x0800641e        0x2 
 .text.MX_CRC_Init
                0x08006420       0x30 Src\crc.o
                0x08006420                MX_CRC_Init
 .text.HAL_CRC_MspInit
                0x08006450       0x28 Src\crc.o
                0x08006450                HAL_CRC_MspInit
 .text.MX_DAC1_Init
                0x08006478       0x5c Src\dac.o
                0x08006478                MX_DAC1_Init
 .text.HAL_DAC_MspInit
                0x080064d4       0xe0 Src\dac.o
                0x080064d4                HAL_DAC_MspInit
 *fill*         0x080065b4        0x4 
 .text.dct2_init_f32
                0x080065b8      0x15c Src\dct.o
                0x080065b8                dct2_init_f32
 .text.dct2_f32
                0x08006714       0x6c Src\dct.o
                0x08006714                dct2_f32
 .text.MX_DFSDM1_Init
                0x08006780      0x104 Src\dfsdm.o
                0x08006780                MX_DFSDM1_Init
 .text.HAL_DFSDM_FilterMspInit
                0x08006884      0x10c Src\dfsdm.o
                0x08006884                HAL_DFSDM_FilterMspInit
 .text.HAL_DFSDM_ChannelMspInit
                0x08006990       0x74 Src\dfsdm.o
                0x08006990                HAL_DFSDM_ChannelMspInit
 .text.MX_DMA_Init
                0x08006a04       0x84 Src\dma.o
                0x08006a04                MX_DMA_Init
 .text.log10_approx
                0x08006a88       0x68 Src\dsp.o
                0x08006a88                log10_approx
 .text.hann     0x08006af0       0x64 Src\dsp.o
                0x08006af0                hann
 *fill*         0x08006b54        0x4 
 .text.freq2mel
                0x08006b58       0x4c Src\dsp.o
                0x08006b58                freq2mel
 *fill*         0x08006ba4        0x4 
 .text.mel2freq
                0x08006ba8       0x54 Src\dsp.o
                0x08006ba8                mel2freq
 .text.generate_filters
                0x08006bfc      0x134 Src\dsp.o
                0x08006bfc                generate_filters
 .text.init_dsp
                0x08006d30       0x90 Src\dsp.o
                0x08006d30                init_dsp
 .text.apply_pre_emphasis
                0x08006dc0       0x14 Src\dsp.o
                0x08006dc0                apply_pre_emphasis
 .text.apply_weak_pre_emphasis
                0x08006dd4       0x14 Src\dsp.o
                0x08006dd4                apply_weak_pre_emphasis
 .text.apply_ac_coupling
                0x08006de8       0x44 Src\dsp.o
                0x08006de8                apply_ac_coupling
 .text.apply_hann
                0x08006e2c       0x10 Src\dsp.o
                0x08006e2c                apply_hann
 .text.apply_fft
                0x08006e3c       0x2c Src\dsp.o
                0x08006e3c                apply_fft
 .text.apply_psd
                0x08006e68       0x2c Src\dsp.o
                0x08006e68                apply_psd
 .text.apply_psd_logscale
                0x08006e94       0x2a Src\dsp.o
                0x08006e94                apply_psd_logscale
 *fill*         0x08006ebe        0x2 
 .text.apply_filterbank
                0x08006ec0       0x70 Src\dsp.o
                0x08006ec0                apply_filterbank
 .text.apply_filterbank_logscale
                0x08006f30       0x2c Src\dsp.o
                0x08006f30                apply_filterbank_logscale
 .text.apply_dct2
                0x08006f5c       0x28 Src\dsp.o
                0x08006f5c                apply_dct2
 .text.MX_GPIO_Init
                0x08006f84       0x7c Src\gpio.o
                0x08006f84                MX_GPIO_Init
 .text.MX_I2C1_Init
                0x08007000       0x58 Src\i2c.o
                0x08007000                MX_I2C1_Init
 .text.HAL_I2C_MspInit
                0x08007058       0x6c Src\i2c.o
                0x08007058                HAL_I2C_MspInit
 .text.write_command
                0x080070c4       0x30 Src\lcd.o
                0x080070c4                write_command
 .text.write_data
                0x080070f4       0x30 Src\lcd.o
                0x080070f4                write_data
 .text.lcd_init
                0x08007124       0x58 Src\lcd.o
                0x08007124                lcd_init
 .text.lcd_clear
                0x0800717c        0x6 Src\lcd.o
                0x0800717c                lcd_clear
 .text.lcd_newline
                0x08007182        0x6 Src\lcd.o
                0x08007182                lcd_newline
 .text.lcd_string
                0x08007188       0x18 Src\lcd.o
                0x08007188                lcd_string
 .text.dsp      0x080071a0       0xd0 Src\main.o
                0x080071a0                dsp
 .text.overlap_dsp
                0x08007270       0x46 Src\main.o
                0x08007270                overlap_dsp
 *fill*         0x080072b6        0x2 
 .text.dump     0x080072b8       0xa4 Src\main.o
                0x080072b8                dump
 .text.beam_forming
                0x0800735c       0xe6 Src\main.o
                0x0800735c                beam_forming
 *fill*         0x08007442        0x2 
 .text.pre_emphasis
                0x08007444       0x28 Src\main.o
                0x08007444                pre_emphasis
 .text.SystemClock_Config
                0x0800746c       0x94 Src\main.o
                0x0800746c                SystemClock_Config
 .text.startup.main
                0x08007500      0x2c8 Src\main.o
                0x08007500                main
 .text.HAL_DFSDM_FilterRegConvHalfCpltCallback
                0x080077c8       0x24 Src\main.o
                0x080077c8                HAL_DFSDM_FilterRegConvHalfCpltCallback
 .text.HAL_DFSDM_FilterRegConvCpltCallback
                0x080077ec       0x24 Src\main.o
                0x080077ec                HAL_DFSDM_FilterRegConvCpltCallback
 .text._write   0x08007810       0x18 Src\main.o
                0x08007810                _write
 .text.HAL_GPIO_EXTI_Callback
                0x08007828        0x2 Src\main.o
                0x08007828                HAL_GPIO_EXTI_Callback
 *fill*         0x0800782a        0x2 
 .text.HAL_UART_RxCpltCallback
                0x0800782c       0xb0 Src\main.o
                0x0800782c                HAL_UART_RxCpltCallback
 .text.Error_Handler
                0x080078dc        0x2 Src\main.o
                0x080078dc                Error_Handler
 *fill*         0x080078de        0x2 
 .text.HAL_MspInit
                0x080078e0       0x30 Src\stm32l4xx_hal_msp.o
                0x080078e0                HAL_MspInit
 .text.SVC_Handler
                0x08007910        0x2 Src\stm32l4xx_it.o
                0x08007910                SVC_Handler
 .text.PendSV_Handler
                0x08007912        0x2 Src\stm32l4xx_it.o
                0x08007912                PendSV_Handler
 .text.SysTick_Handler
                0x08007914        0x4 Src\stm32l4xx_it.o
                0x08007914                SysTick_Handler
 .text.DMA1_Channel3_IRQHandler
                0x08007918        0xc Src\stm32l4xx_it.o
                0x08007918                DMA1_Channel3_IRQHandler
 .text.DMA1_Channel4_IRQHandler
                0x08007924        0xc Src\stm32l4xx_it.o
                0x08007924                DMA1_Channel4_IRQHandler
 .text.DMA1_Channel5_IRQHandler
                0x08007930        0xc Src\stm32l4xx_it.o
                0x08007930                DMA1_Channel5_IRQHandler
 .text.DMA1_Channel7_IRQHandler
                0x0800793c        0xc Src\stm32l4xx_it.o
                0x0800793c                DMA1_Channel7_IRQHandler
 .text.USART2_IRQHandler
                0x08007948        0xc Src\stm32l4xx_it.o
                0x08007948                USART2_IRQHandler
 .text.EXTI15_10_IRQHandler
                0x08007954        0x8 Src\stm32l4xx_it.o
                0x08007954                EXTI15_10_IRQHandler
 .text.DMA2_Channel5_IRQHandler
                0x0800795c        0xc Src\stm32l4xx_it.o
                0x0800795c                DMA2_Channel5_IRQHandler
 .text.SystemInit
                0x08007968       0x48 Src\system_stm32l4xx.o
                0x08007968                SystemInit
 .text.MX_TIM6_Init
                0x080079b0       0x48 Src\tim.o
                0x080079b0                MX_TIM6_Init
 .text.HAL_TIM_Base_MspInit
                0x080079f8       0x28 Src\tim.o
                0x080079f8                HAL_TIM_Base_MspInit
 .text.MX_USART2_UART_Init
                0x08007a20       0x3c Src\usart.o
                0x08007a20                MX_USART2_UART_Init
 .text.HAL_UART_MspInit
                0x08007a5c       0xa8 Src\usart.o
                0x08007a5c                HAL_UART_MspInit
 .text.Reset_Handler
                0x08007b04       0x50 startup\startup_stm32l476xx.o
                0x08007b04                Reset_Handler
 .text.Default_Handler
                0x08007b54        0x2 startup\startup_stm32l476xx.o
                0x08007b54                RTC_Alarm_IRQHandler
                0x08007b54                EXTI2_IRQHandler
                0x08007b54                TIM8_TRG_COM_IRQHandler
                0x08007b54                TIM8_CC_IRQHandler
                0x08007b54                DebugMon_Handler
                0x08007b54                TIM1_CC_IRQHandler
                0x08007b54                TSC_IRQHandler
                0x08007b54                HardFault_Handler
                0x08007b54                TAMP_STAMP_IRQHandler
                0x08007b54                NMI_Handler
                0x08007b54                EXTI3_IRQHandler
                0x08007b54                LPTIM2_IRQHandler
                0x08007b54                DFSDM1_FLT1_IRQHandler
                0x08007b54                I2C3_ER_IRQHandler
                0x08007b54                DFSDM1_FLT2_IRQHandler
                0x08007b54                EXTI0_IRQHandler
                0x08007b54                I2C2_EV_IRQHandler
                0x08007b54                CAN1_RX0_IRQHandler
                0x08007b54                FPU_IRQHandler
                0x08007b54                TIM1_UP_TIM16_IRQHandler
                0x08007b54                UsageFault_Handler
                0x08007b54                ADC1_2_IRQHandler
                0x08007b54                SPI1_IRQHandler
                0x08007b54                TIM6_DAC_IRQHandler
                0x08007b54                TIM8_UP_IRQHandler
                0x08007b54                DMA2_Channel2_IRQHandler
                0x08007b54                SAI2_IRQHandler
                0x08007b54                DFSDM1_FLT3_IRQHandler
                0x08007b54                USART3_IRQHandler
                0x08007b54                CAN1_RX1_IRQHandler
                0x08007b54                LCD_IRQHandler
                0x08007b54                UART5_IRQHandler
                0x08007b54                ADC3_IRQHandler
                0x08007b54                TIM4_IRQHandler
                0x08007b54                DMA2_Channel1_IRQHandler
                0x08007b54                QUADSPI_IRQHandler
                0x08007b54                I2C1_EV_IRQHandler
                0x08007b54                DMA1_Channel6_IRQHandler
                0x08007b54                UART4_IRQHandler
                0x08007b54                DMA2_Channel4_IRQHandler
                0x08007b54                TIM3_IRQHandler
                0x08007b54                RCC_IRQHandler
                0x08007b54                DMA1_Channel1_IRQHandler
                0x08007b54                Default_Handler
                0x08007b54                DMA2_Channel7_IRQHandler
                0x08007b54                TIM7_IRQHandler
                0x08007b54                SDMMC1_IRQHandler
                0x08007b54                TIM5_IRQHandler
                0x08007b54                I2C3_EV_IRQHandler
                0x08007b54                EXTI9_5_IRQHandler
                0x08007b54                RTC_WKUP_IRQHandler
                0x08007b54                PVD_PVM_IRQHandler
                0x08007b54                SPI2_IRQHandler
                0x08007b54                MemManage_Handler
                0x08007b54                CAN1_TX_IRQHandler
                0x08007b54                EXTI4_IRQHandler
                0x08007b54                RNG_IRQHandler
                0x08007b54                TIM1_TRG_COM_TIM17_IRQHandler
                0x08007b54                COMP_IRQHandler
                0x08007b54                WWDG_IRQHandler
                0x08007b54                LPUART1_IRQHandler
                0x08007b54                DMA2_Channel6_IRQHandler
                0x08007b54                TIM2_IRQHandler
                0x08007b54                EXTI1_IRQHandler
                0x08007b54                DFSDM1_FLT0_IRQHandler
                0x08007b54                I2C2_ER_IRQHandler
                0x08007b54                DMA1_Channel2_IRQHandler
                0x08007b54                TIM8_BRK_IRQHandler
                0x08007b54                CAN1_SCE_IRQHandler
                0x08007b54                FLASH_IRQHandler
                0x08007b54                BusFault_Handler
                0x08007b54                USART1_IRQHandler
                0x08007b54                OTG_FS_IRQHandler
                0x08007b54                SPI3_IRQHandler
                0x08007b54                I2C1_ER_IRQHandler
                0x08007b54                FMC_IRQHandler
                0x08007b54                SWPMI1_IRQHandler
                0x08007b54                LPTIM1_IRQHandler
                0x08007b54                SAI1_IRQHandler
                0x08007b54                DMA2_Channel3_IRQHandler
                0x08007b54                TIM1_BRK_TIM15_IRQHandler
 *fill*         0x08007b56        0x2 
 .text.arm_fill_f32
                0x08007b58       0x3c ../Drivers/CMSIS/Lib\libarm_cortexM4lf_math.a(arm_fill_f32.o)
                0x08007b58                arm_fill_f32
 .text.arm_copy_f32
                0x08007b94       0x60 ../Drivers/CMSIS/Lib\libarm_cortexM4lf_math.a(arm_copy_f32.o)
                0x08007b94                arm_copy_f32
 .text.arm_mean_f32
                0x08007bf4       0x68 ../Drivers/CMSIS/Lib\libarm_cortexM4lf_math.a(arm_mean_f32.o)
                0x08007bf4                arm_mean_f32
 .text.arm_rfft_fast_init_f32
                0x08007c5c      0x104 ../Drivers/CMSIS/Lib\libarm_cortexM4lf_math.a(arm_rfft_fast_init_f32.o)
                0x08007c5c                arm_rfft_fast_init_f32
 .text.arm_rfft_fast_f32
                0x08007d60      0x188 ../Drivers/CMSIS/Lib\libarm_cortexM4lf_math.a(arm_rfft_fast_f32.o)
                0x08007d60                arm_rfft_fast_f32
 .text.arm_cfft_radix8by2_f32
                0x08007ee8      0x1a0 ../Drivers/CMSIS/Lib\libarm_cortexM4lf_math.a(arm_cfft_f32.o)
                0x08007ee8                arm_cfft_radix8by2_f32
 .text.arm_cfft_radix8by4_f32
                0x08008088      0x4bc ../Drivers/CMSIS/Lib\libarm_cortexM4lf_math.a(arm_cfft_f32.o)
                0x08008088                arm_cfft_radix8by4_f32
 .text.arm_cfft_f32
                0x08008544       0xf4 ../Drivers/CMSIS/Lib\libarm_cortexM4lf_math.a(arm_cfft_f32.o)
                0x08008544                arm_cfft_f32
 .text.arm_mat_mult_f32
                0x08008638      0x14c ../Drivers/CMSIS/Lib\libarm_cortexM4lf_math.a(arm_mat_mult_f32.o)
                0x08008638                arm_mat_mult_f32
 .text.arm_mat_init_f32
                0x08008784        0x8 ../Drivers/CMSIS/Lib\libarm_cortexM4lf_math.a(arm_mat_init_f32.o)
                0x08008784                arm_mat_init_f32
 .text.arm_fir_init_f32
                0x0800878c       0x24 ../Drivers/CMSIS/Lib\libarm_cortexM4lf_math.a(arm_fir_init_f32.o)
                0x0800878c                arm_fir_init_f32
 .text.arm_fir_f32
                0x080087b0      0x4c8 ../Drivers/CMSIS/Lib\libarm_cortexM4lf_math.a(arm_fir_f32.o)
                0x080087b0                arm_fir_f32
 .text.arm_cmplx_mag_f32
                0x08008c78      0x1d0 ../Drivers/CMSIS/Lib\libarm_cortexM4lf_math.a(arm_cmplx_mag_f32.o)
                0x08008c78                arm_cmplx_mag_f32
 .text.arm_cos_f32
                0x08008e48       0x80 ../Drivers/CMSIS/Lib\libarm_cortexM4lf_math.a(arm_cos_f32.o)
                0x08008e48                arm_cos_f32
 .text.arm_scale_f32
                0x08008ec8       0x6c ../Drivers/CMSIS/Lib\libarm_cortexM4lf_math.a(arm_scale_f32.o)
                0x08008ec8                arm_scale_f32
 .text.arm_offset_f32
                0x08008f34       0x6c ../Drivers/CMSIS/Lib\libarm_cortexM4lf_math.a(arm_offset_f32.o)
                0x08008f34                arm_offset_f32
 .text.arm_mult_f32
                0x08008fa0       0x8c ../Drivers/CMSIS/Lib\libarm_cortexM4lf_math.a(arm_mult_f32.o)
                0x08008fa0                arm_mult_f32
 .text.arm_radix8_butterfly_f32
                0x0800902c      0x5e4 ../Drivers/CMSIS/Lib\libarm_cortexM4lf_math.a(arm_cfft_radix8_f32.o)
                0x0800902c                arm_radix8_butterfly_f32
 .text.__aeabi_memcpy
                0x08009610        0x4 c:/program files (x86)/atollic/truestudio for stm32 9.2.0/armtools/bin/../lib/gcc/arm-atollic-eabi/6.3.1/../../../../arm-atollic-eabi/lib/armv7e-m/fpu\libc_nano.a(lib_a-aeabi_memcpy.o)
                0x08009610                __aeabi_memcpy4
                0x08009610                __aeabi_memcpy8
                0x08009610                __aeabi_memcpy
 .text.calloc   0x08009614       0x10 c:/program files (x86)/atollic/truestudio for stm32 9.2.0/armtools/bin/../lib/gcc/arm-atollic-eabi/6.3.1/../../../../arm-atollic-eabi/lib/armv7e-m/fpu\libc_nano.a(lib_a-calloc.o)
                0x08009614                calloc
 .text.__libc_init_array
                0x08009624       0x48 c:/program files (x86)/atollic/truestudio for stm32 9.2.0/armtools/bin/../lib/gcc/arm-atollic-eabi/6.3.1/../../../../arm-atollic-eabi/lib/armv7e-m/fpu\libc_nano.a(lib_a-init.o)
                0x08009624                __libc_init_array
 .text.memcmp   0x0800966c       0x1e c:/program files (x86)/atollic/truestudio for stm32 9.2.0/armtools/bin/../lib/gcc/arm-atollic-eabi/6.3.1/../../../../arm-atollic-eabi/lib/armv7e-m/fpu\libc_nano.a(lib_a-memcmp.o)
                0x0800966c                memcmp
 .text.memcpy   0x0800968a       0x16 c:/program files (x86)/atollic/truestudio for stm32 9.2.0/armtools/bin/../lib/gcc/arm-atollic-eabi/6.3.1/../../../../arm-atollic-eabi/lib/armv7e-m/fpu\libc_nano.a(lib_a-memcpy-stub.o)
                0x0800968a                memcpy
 .text.memset   0x080096a0       0x10 c:/program files (x86)/atollic/truestudio for stm32 9.2.0/armtools/bin/../lib/gcc/arm-atollic-eabi/6.3.1/../../../../arm-atollic-eabi/lib/armv7e-m/fpu\libc_nano.a(lib_a-memset.o)
                0x080096a0                memset
 .text._calloc_r
                0x080096b0       0x1c c:/program files (x86)/atollic/truestudio for stm32 9.2.0/armtools/bin/../lib/gcc/arm-atollic-eabi/6.3.1/../../../../arm-atollic-eabi/lib/armv7e-m/fpu\libc_nano.a(lib_a-nano-callocr.o)
                0x080096b0                _calloc_r
 .text._malloc_r
                0x080096cc       0xbc c:/program files (x86)/atollic/truestudio for stm32 9.2.0/armtools/bin/../lib/gcc/arm-atollic-eabi/6.3.1/../../../../arm-atollic-eabi/lib/armv7e-m/fpu\libc_nano.a(lib_a-nano-mallocr.o)
                0x080096cc                _malloc_r
 .text.__cvt    0x08009788       0xc2 c:/program files (x86)/atollic/truestudio for stm32 9.2.0/armtools/bin/../lib/gcc/arm-atollic-eabi/6.3.1/../../../../arm-atollic-eabi/lib/armv7e-m/fpu\libc_nano.a(lib_a-nano-vfprintf_float.o)
                0x08009788                __cvt
 .text.__exponent
                0x0800984a       0x6a c:/program files (x86)/atollic/truestudio for stm32 9.2.0/armtools/bin/../lib/gcc/arm-atollic-eabi/6.3.1/../../../../arm-atollic-eabi/lib/armv7e-m/fpu\libc_nano.a(lib_a-nano-vfprintf_float.o)
                0x0800984a                __exponent
 .text._printf_float
                0x080098b4      0x480 c:/program files (x86)/atollic/truestudio for stm32 9.2.0/armtools/bin/../lib/gcc/arm-atollic-eabi/6.3.1/../../../../arm-atollic-eabi/lib/armv7e-m/fpu\libc_nano.a(lib_a-nano-vfprintf_float.o)
                0x080098b4                _printf_float
 .text._printf_common
                0x08009d34       0xec c:/program files (x86)/atollic/truestudio for stm32 9.2.0/armtools/bin/../lib/gcc/arm-atollic-eabi/6.3.1/../../../../arm-atollic-eabi/lib/armv7e-m/fpu\libc_nano.a(lib_a-nano-vfprintf_i.o)
                0x08009d34                _printf_common
 .text._printf_i
                0x08009e20      0x240 c:/program files (x86)/atollic/truestudio for stm32 9.2.0/armtools/bin/../lib/gcc/arm-atollic-eabi/6.3.1/../../../../arm-atollic-eabi/lib/armv7e-m/fpu\libc_nano.a(lib_a-nano-vfprintf_i.o)
                0x08009e20                _printf_i
 .text.printf   0x0800a060       0x30 c:/program files (x86)/atollic/truestudio for stm32 9.2.0/armtools/bin/../lib/gcc/arm-atollic-eabi/6.3.1/../../../../arm-atollic-eabi/lib/armv7e-m/fpu\libc_nano.a(lib_a-printf.o)
                0x0800a060                iprintf
                0x0800a060                printf
 .text.putchar  0x0800a090       0x28 c:/program files (x86)/atollic/truestudio for stm32 9.2.0/armtools/bin/../lib/gcc/arm-atollic-eabi/6.3.1/../../../../arm-atollic-eabi/lib/armv7e-m/fpu\libc_nano.a(lib_a-putchar.o)
                0x0800a090                putchar
 .text._puts_r  0x0800a0b8       0xb8 c:/program files (x86)/atollic/truestudio for stm32 9.2.0/armtools/bin/../lib/gcc/arm-atollic-eabi/6.3.1/../../../../arm-atollic-eabi/lib/armv7e-m/fpu\libc_nano.a(lib_a-puts.o)
                0x0800a0b8                _puts_r
 .text.puts     0x0800a170       0x10 c:/program files (x86)/atollic/truestudio for stm32 9.2.0/armtools/bin/../lib/gcc/arm-atollic-eabi/6.3.1/../../../../arm-atollic-eabi/lib/armv7e-m/fpu\libc_nano.a(lib_a-puts.o)
                0x0800a170                puts
 .text._sbrk_r  0x0800a180       0x20 c:/program files (x86)/atollic/truestudio for stm32 9.2.0/armtools/bin/../lib/gcc/arm-atollic-eabi/6.3.1/../../../../arm-atollic-eabi/lib/armv7e-m/fpu\libc_nano.a(lib_a-sbrkr.o)
                0x0800a180                _sbrk_r
 .text.frexpf   0x0800a1a0       0x54 c:/program files (x86)/atollic/truestudio for stm32 9.2.0/armtools/bin/../lib/gcc/arm-atollic-eabi/6.3.1/../../../../arm-atollic-eabi/lib/armv7e-m/fpu\libc_nano.a(lib_a-sf_frexp.o)
                0x0800a1a0                frexpf
 .text.strncmp  0x0800a1f4       0x24 c:/program files (x86)/atollic/truestudio for stm32 9.2.0/armtools/bin/../lib/gcc/arm-atollic-eabi/6.3.1/../../../../arm-atollic-eabi/lib/armv7e-m/fpu\libc_nano.a(lib_a-strncmp.o)
                0x0800a1f4                strncmp
 .text.__swbuf_r
                0x0800a218       0xa4 c:/program files (x86)/atollic/truestudio for stm32 9.2.0/armtools/bin/../lib/gcc/arm-atollic-eabi/6.3.1/../../../../arm-atollic-eabi/lib/armv7e-m/fpu\libc_nano.a(lib_a-wbuf.o)
                0x0800a218                __swbuf_r
 .text.__swsetup_r
                0x0800a2bc       0xdc c:/program files (x86)/atollic/truestudio for stm32 9.2.0/armtools/bin/../lib/gcc/arm-atollic-eabi/6.3.1/../../../../arm-atollic-eabi/lib/armv7e-m/fpu\libc_nano.a(lib_a-wsetup.o)
                0x0800a2bc                __swsetup_r
 .text.quorem   0x0800a398      0x118 c:/program files (x86)/atollic/truestudio for stm32 9.2.0/armtools/bin/../lib/gcc/arm-atollic-eabi/6.3.1/../../../../arm-atollic-eabi/lib/armv7e-m/fpu\libc_nano.a(lib_a-dtoa.o)
 .text._dtoa_r  0x0800a4b0      0xb9c c:/program files (x86)/atollic/truestudio for stm32 9.2.0/armtools/bin/../lib/gcc/arm-atollic-eabi/6.3.1/../../../../arm-atollic-eabi/lib/armv7e-m/fpu\libc_nano.a(lib_a-dtoa.o)
                0x0800a4b0                _dtoa_r
 .text.__sflush_r
                0x0800b04c      0x110 c:/program files (x86)/atollic/truestudio for stm32 9.2.0/armtools/bin/../lib/gcc/arm-atollic-eabi/6.3.1/../../../../arm-atollic-eabi/lib/armv7e-m/fpu\libc_nano.a(lib_a-fflush.o)
                0x0800b04c                __sflush_r
 .text._fflush_r
                0x0800b15c       0x54 c:/program files (x86)/atollic/truestudio for stm32 9.2.0/armtools/bin/../lib/gcc/arm-atollic-eabi/6.3.1/../../../../arm-atollic-eabi/lib/armv7e-m/fpu\libc_nano.a(lib_a-fflush.o)
                0x0800b15c                _fflush_r
 .text._cleanup_r
                0x0800b1b0        0xc c:/program files (x86)/atollic/truestudio for stm32 9.2.0/armtools/bin/../lib/gcc/arm-atollic-eabi/6.3.1/../../../../arm-atollic-eabi/lib/armv7e-m/fpu\libc_nano.a(lib_a-findfp.o)
                0x0800b1b0                _cleanup_r
 .text.std.isra.0
                0x0800b1bc       0x48 c:/program files (x86)/atollic/truestudio for stm32 9.2.0/armtools/bin/../lib/gcc/arm-atollic-eabi/6.3.1/../../../../arm-atollic-eabi/lib/armv7e-m/fpu\libc_nano.a(lib_a-findfp.o)
 .text.__sfmoreglue
                0x0800b204       0x2c c:/program files (x86)/atollic/truestudio for stm32 9.2.0/armtools/bin/../lib/gcc/arm-atollic-eabi/6.3.1/../../../../arm-atollic-eabi/lib/armv7e-m/fpu\libc_nano.a(lib_a-findfp.o)
                0x0800b204                __sfmoreglue
 .text.__sinit  0x0800b230       0x60 c:/program files (x86)/atollic/truestudio for stm32 9.2.0/armtools/bin/../lib/gcc/arm-atollic-eabi/6.3.1/../../../../arm-atollic-eabi/lib/armv7e-m/fpu\libc_nano.a(lib_a-findfp.o)
                0x0800b230                __sinit
 .text.__sfp    0x0800b290       0x78 c:/program files (x86)/atollic/truestudio for stm32 9.2.0/armtools/bin/../lib/gcc/arm-atollic-eabi/6.3.1/../../../../arm-atollic-eabi/lib/armv7e-m/fpu\libc_nano.a(lib_a-findfp.o)
                0x0800b290                __sfp
 .text._fwalk_reent
                0x0800b308       0x3c c:/program files (x86)/atollic/truestudio for stm32 9.2.0/armtools/bin/../lib/gcc/arm-atollic-eabi/6.3.1/../../../../arm-atollic-eabi/lib/armv7e-m/fpu\libc_nano.a(lib_a-fwalk.o)
                0x0800b308                _fwalk_reent
 .text._localeconv_r
                0x0800b344       0x1c c:/program files (x86)/atollic/truestudio for stm32 9.2.0/armtools/bin/../lib/gcc/arm-atollic-eabi/6.3.1/../../../../arm-atollic-eabi/lib/armv7e-m/fpu\libc_nano.a(lib_a-localeconv.o)
                0x0800b344                _localeconv_r
 .text.__swhatbuf_r
                0x0800b360       0x48 c:/program files (x86)/atollic/truestudio for stm32 9.2.0/armtools/bin/../lib/gcc/arm-atollic-eabi/6.3.1/../../../../arm-atollic-eabi/lib/armv7e-m/fpu\libc_nano.a(lib_a-makebuf.o)
                0x0800b360                __swhatbuf_r
 .text.__smakebuf_r
                0x0800b3a8       0x80 c:/program files (x86)/atollic/truestudio for stm32 9.2.0/armtools/bin/../lib/gcc/arm-atollic-eabi/6.3.1/../../../../arm-atollic-eabi/lib/armv7e-m/fpu\libc_nano.a(lib_a-makebuf.o)
                0x0800b3a8                __smakebuf_r
 .text.malloc   0x0800b428       0x10 c:/program files (x86)/atollic/truestudio for stm32 9.2.0/armtools/bin/../lib/gcc/arm-atollic-eabi/6.3.1/../../../../arm-atollic-eabi/lib/armv7e-m/fpu\libc_nano.a(lib_a-malloc.o)
                0x0800b428                malloc
 .text.__malloc_lock
                0x0800b438        0x2 c:/program files (x86)/atollic/truestudio for stm32 9.2.0/armtools/bin/../lib/gcc/arm-atollic-eabi/6.3.1/../../../../arm-atollic-eabi/lib/armv7e-m/fpu\libc_nano.a(lib_a-mlock.o)
                0x0800b438                __malloc_lock
 .text.__malloc_unlock
                0x0800b43a        0x2 c:/program files (x86)/atollic/truestudio for stm32 9.2.0/armtools/bin/../lib/gcc/arm-atollic-eabi/6.3.1/../../../../arm-atollic-eabi/lib/armv7e-m/fpu\libc_nano.a(lib_a-mlock.o)
                0x0800b43a                __malloc_unlock
 .text._Balloc  0x0800b43c       0x68 c:/program files (x86)/atollic/truestudio for stm32 9.2.0/armtools/bin/../lib/gcc/arm-atollic-eabi/6.3.1/../../../../arm-atollic-eabi/lib/armv7e-m/fpu\libc_nano.a(lib_a-mprec.o)
                0x0800b43c                _Balloc
 .text._Bfree   0x0800b4a4       0x2e c:/program files (x86)/atollic/truestudio for stm32 9.2.0/armtools/bin/../lib/gcc/arm-atollic-eabi/6.3.1/../../../../arm-atollic-eabi/lib/armv7e-m/fpu\libc_nano.a(lib_a-mprec.o)
                0x0800b4a4                _Bfree
 .text.__multadd
                0x0800b4d2       0x76 c:/program files (x86)/atollic/truestudio for stm32 9.2.0/armtools/bin/../lib/gcc/arm-atollic-eabi/6.3.1/../../../../arm-atollic-eabi/lib/armv7e-m/fpu\libc_nano.a(lib_a-mprec.o)
                0x0800b4d2                __multadd
 .text.__hi0bits
                0x0800b548       0x3e c:/program files (x86)/atollic/truestudio for stm32 9.2.0/armtools/bin/../lib/gcc/arm-atollic-eabi/6.3.1/../../../../arm-atollic-eabi/lib/armv7e-m/fpu\libc_nano.a(lib_a-mprec.o)
                0x0800b548                __hi0bits
 .text.__lo0bits
                0x0800b586       0x5e c:/program files (x86)/atollic/truestudio for stm32 9.2.0/armtools/bin/../lib/gcc/arm-atollic-eabi/6.3.1/../../../../arm-atollic-eabi/lib/armv7e-m/fpu\libc_nano.a(lib_a-mprec.o)
                0x0800b586                __lo0bits
 .text.__i2b    0x0800b5e4       0x12 c:/program files (x86)/atollic/truestudio for stm32 9.2.0/armtools/bin/../lib/gcc/arm-atollic-eabi/6.3.1/../../../../arm-atollic-eabi/lib/armv7e-m/fpu\libc_nano.a(lib_a-mprec.o)
                0x0800b5e4                __i2b
 .text.__multiply
                0x0800b5f6      0x11a c:/program files (x86)/atollic/truestudio for stm32 9.2.0/armtools/bin/../lib/gcc/arm-atollic-eabi/6.3.1/../../../../arm-atollic-eabi/lib/armv7e-m/fpu\libc_nano.a(lib_a-mprec.o)
                0x0800b5f6                __multiply
 .text.__pow5mult
                0x0800b710       0x9c c:/program files (x86)/atollic/truestudio for stm32 9.2.0/armtools/bin/../lib/gcc/arm-atollic-eabi/6.3.1/../../../../arm-atollic-eabi/lib/armv7e-m/fpu\libc_nano.a(lib_a-mprec.o)
                0x0800b710                __pow5mult
 .text.__lshift
                0x0800b7ac       0xa2 c:/program files (x86)/atollic/truestudio for stm32 9.2.0/armtools/bin/../lib/gcc/arm-atollic-eabi/6.3.1/../../../../arm-atollic-eabi/lib/armv7e-m/fpu\libc_nano.a(lib_a-mprec.o)
                0x0800b7ac                __lshift
 .text.__mcmp   0x0800b84e       0x34 c:/program files (x86)/atollic/truestudio for stm32 9.2.0/armtools/bin/../lib/gcc/arm-atollic-eabi/6.3.1/../../../../arm-atollic-eabi/lib/armv7e-m/fpu\libc_nano.a(lib_a-mprec.o)
                0x0800b84e                __mcmp
 .text.__mdiff  0x0800b882       0xbc c:/program files (x86)/atollic/truestudio for stm32 9.2.0/armtools/bin/../lib/gcc/arm-atollic-eabi/6.3.1/../../../../arm-atollic-eabi/lib/armv7e-m/fpu\libc_nano.a(lib_a-mprec.o)
                0x0800b882                __mdiff
 .text.__d2b    0x0800b93e       0x9e c:/program files (x86)/atollic/truestudio for stm32 9.2.0/armtools/bin/../lib/gcc/arm-atollic-eabi/6.3.1/../../../../arm-atollic-eabi/lib/armv7e-m/fpu\libc_nano.a(lib_a-mprec.o)
                0x0800b93e                __d2b
 .text._free_r  0x0800b9dc       0x9c c:/program files (x86)/atollic/truestudio for stm32 9.2.0/armtools/bin/../lib/gcc/arm-atollic-eabi/6.3.1/../../../../arm-atollic-eabi/lib/armv7e-m/fpu\libc_nano.a(lib_a-nano-freer.o)
                0x0800b9dc                _free_r
 .text.__sfputc_r
                0x0800ba78       0x30 c:/program files (x86)/atollic/truestudio for stm32 9.2.0/armtools/bin/../lib/gcc/arm-atollic-eabi/6.3.1/../../../../arm-atollic-eabi/lib/armv7e-m/fpu\libc_nano.a(lib_a-nano-vfprintf.o)
 .text.__sfputs_r
                0x0800baa8       0x24 c:/program files (x86)/atollic/truestudio for stm32 9.2.0/armtools/bin/../lib/gcc/arm-atollic-eabi/6.3.1/../../../../arm-atollic-eabi/lib/armv7e-m/fpu\libc_nano.a(lib_a-nano-vfprintf.o)
                0x0800baa8                __sfputs_r
 .text._vfprintf_r
                0x0800bacc      0x22c c:/program files (x86)/atollic/truestudio for stm32 9.2.0/armtools/bin/../lib/gcc/arm-atollic-eabi/6.3.1/../../../../arm-atollic-eabi/lib/armv7e-m/fpu\libc_nano.a(lib_a-nano-vfprintf.o)
                0x0800bacc                _vfprintf_r
                0x0800bacc                _vfiprintf_r
 .text._putc_r  0x0800bcf8       0x6c c:/program files (x86)/atollic/truestudio for stm32 9.2.0/armtools/bin/../lib/gcc/arm-atollic-eabi/6.3.1/../../../../arm-atollic-eabi/lib/armv7e-m/fpu\libc_nano.a(lib_a-putc.o)
                0x0800bcf8                _putc_r
 .text.__sread  0x0800bd64       0x22 c:/program files (x86)/atollic/truestudio for stm32 9.2.0/armtools/bin/../lib/gcc/arm-atollic-eabi/6.3.1/../../../../arm-atollic-eabi/lib/armv7e-m/fpu\libc_nano.a(lib_a-stdio.o)
                0x0800bd64                __sread
 .text.__swrite
                0x0800bd86       0x38 c:/program files (x86)/atollic/truestudio for stm32 9.2.0/armtools/bin/../lib/gcc/arm-atollic-eabi/6.3.1/../../../../arm-atollic-eabi/lib/armv7e-m/fpu\libc_nano.a(lib_a-stdio.o)
                0x0800bd86                __swrite
 .text.__sseek  0x0800bdbe       0x24 c:/program files (x86)/atollic/truestudio for stm32 9.2.0/armtools/bin/../lib/gcc/arm-atollic-eabi/6.3.1/../../../../arm-atollic-eabi/lib/armv7e-m/fpu\libc_nano.a(lib_a-stdio.o)
                0x0800bdbe                __sseek
 .text.__sclose
                0x0800bde2        0x8 c:/program files (x86)/atollic/truestudio for stm32 9.2.0/armtools/bin/../lib/gcc/arm-atollic-eabi/6.3.1/../../../../arm-atollic-eabi/lib/armv7e-m/fpu\libc_nano.a(lib_a-stdio.o)
                0x0800bde2                __sclose
 *fill*         0x0800bdea        0x2 
 .text._write_r
                0x0800bdec       0x24 c:/program files (x86)/atollic/truestudio for stm32 9.2.0/armtools/bin/../lib/gcc/arm-atollic-eabi/6.3.1/../../../../arm-atollic-eabi/lib/armv7e-m/fpu\libc_nano.a(lib_a-writer.o)
                0x0800bdec                _write_r
 .text._close_r
                0x0800be10       0x20 c:/program files (x86)/atollic/truestudio for stm32 9.2.0/armtools/bin/../lib/gcc/arm-atollic-eabi/6.3.1/../../../../arm-atollic-eabi/lib/armv7e-m/fpu\libc_nano.a(lib_a-closer.o)
                0x0800be10                _close_r
 .text._fstat_r
                0x0800be30       0x24 c:/program files (x86)/atollic/truestudio for stm32 9.2.0/armtools/bin/../lib/gcc/arm-atollic-eabi/6.3.1/../../../../arm-atollic-eabi/lib/armv7e-m/fpu\libc_nano.a(lib_a-fstatr.o)
                0x0800be30                _fstat_r
 .text._isatty_r
                0x0800be54       0x20 c:/program files (x86)/atollic/truestudio for stm32 9.2.0/armtools/bin/../lib/gcc/arm-atollic-eabi/6.3.1/../../../../arm-atollic-eabi/lib/armv7e-m/fpu\libc_nano.a(lib_a-isattyr.o)
                0x0800be54                _isatty_r
 .text._lseek_r
                0x0800be74       0x24 c:/program files (x86)/atollic/truestudio for stm32 9.2.0/armtools/bin/../lib/gcc/arm-atollic-eabi/6.3.1/../../../../arm-atollic-eabi/lib/armv7e-m/fpu\libc_nano.a(lib_a-lseekr.o)
                0x0800be74                _lseek_r
 .text.__ascii_mbtowc
                0x0800be98       0x24 c:/program files (x86)/atollic/truestudio for stm32 9.2.0/armtools/bin/../lib/gcc/arm-atollic-eabi/6.3.1/../../../../arm-atollic-eabi/lib/armv7e-m/fpu\libc_nano.a(lib_a-mbtowc_r.o)
                0x0800be98                __ascii_mbtowc
 .text._read_r  0x0800bebc       0x24 c:/program files (x86)/atollic/truestudio for stm32 9.2.0/armtools/bin/../lib/gcc/arm-atollic-eabi/6.3.1/../../../../arm-atollic-eabi/lib/armv7e-m/fpu\libc_nano.a(lib_a-readr.o)
                0x0800bebc                _read_r
 .text.__ascii_wctomb
                0x0800bee0       0x1a c:/program files (x86)/atollic/truestudio for stm32 9.2.0/armtools/bin/../lib/gcc/arm-atollic-eabi/6.3.1/../../../../arm-atollic-eabi/lib/armv7e-m/fpu\libc_nano.a(lib_a-wctomb_r.o)
                0x0800bee0                __ascii_wctomb
 *fill*         0x0800befa        0x6 
 .text.floor    0x0800bf00      0x108 c:/program files (x86)/atollic/truestudio for stm32 9.2.0/armtools/bin/../lib/gcc/arm-atollic-eabi/6.3.1/../../../../arm-atollic-eabi/lib/armv7e-m/fpu\libm.a(lib_a-s_floor.o)
                0x0800bf00                floor
 .text.tanhf    0x0800c008       0xa4 c:/program files (x86)/atollic/truestudio for stm32 9.2.0/armtools/bin/../lib/gcc/arm-atollic-eabi/6.3.1/../../../../arm-atollic-eabi/lib/armv7e-m/fpu\libm.a(lib_a-sf_tanh.o)
                0x0800c008                tanhf
 .text.log10    0x0800c0ac      0x100 c:/program files (x86)/atollic/truestudio for stm32 9.2.0/armtools/bin/../lib/gcc/arm-atollic-eabi/6.3.1/../../../../arm-atollic-eabi/lib/armv7e-m/fpu\libm.a(lib_a-w_log10.o)
                0x0800c0ac                log10
 .text.pow      0x0800c1ac      0x2f0 c:/program files (x86)/atollic/truestudio for stm32 9.2.0/armtools/bin/../lib/gcc/arm-atollic-eabi/6.3.1/../../../../arm-atollic-eabi/lib/armv7e-m/fpu\libm.a(lib_a-w_pow.o)
                0x0800c1ac                pow
 .text.sqrt     0x0800c49c       0xb4 c:/program files (x86)/atollic/truestudio for stm32 9.2.0/armtools/bin/../lib/gcc/arm-atollic-eabi/6.3.1/../../../../arm-atollic-eabi/lib/armv7e-m/fpu\libm.a(lib_a-w_sqrt.o)
                0x0800c49c                sqrt
 .text.expf     0x0800c550       0xf4 c:/program files (x86)/atollic/truestudio for stm32 9.2.0/armtools/bin/../lib/gcc/arm-atollic-eabi/6.3.1/../../../../arm-atollic-eabi/lib/armv7e-m/fpu\libm.a(lib_a-wf_exp.o)
                0x0800c550                expf
 .text.powf     0x0800c644      0x2f8 c:/program files (x86)/atollic/truestudio for stm32 9.2.0/armtools/bin/../lib/gcc/arm-atollic-eabi/6.3.1/../../../../arm-atollic-eabi/lib/armv7e-m/fpu\libm.a(lib_a-wf_pow.o)
                0x0800c644                powf
 .text.sqrtf    0x0800c93c       0xa0 c:/program files (x86)/atollic/truestudio for stm32 9.2.0/armtools/bin/../lib/gcc/arm-atollic-eabi/6.3.1/../../../../arm-atollic-eabi/lib/armv7e-m/fpu\libm.a(lib_a-wf_sqrt.o)
                0x0800c93c                sqrtf
 *fill*         0x0800c9dc        0x4 
 .text.__ieee754_log10
                0x0800c9e0      0x11c c:/program files (x86)/atollic/truestudio for stm32 9.2.0/armtools/bin/../lib/gcc/arm-atollic-eabi/6.3.1/../../../../arm-atollic-eabi/lib/armv7e-m/fpu\libm.a(lib_a-e_log10.o)
                0x0800c9e0                __ieee754_log10
 *fill*         0x0800cafc        0x4 
 .text.__ieee754_pow
                0x0800cb00      0xa24 c:/program files (x86)/atollic/truestudio for stm32 9.2.0/armtools/bin/../lib/gcc/arm-atollic-eabi/6.3.1/../../../../arm-atollic-eabi/lib/armv7e-m/fpu\libm.a(lib_a-e_pow.o)
                0x0800cb00                __ieee754_pow
 .text.__ieee754_sqrt
                0x0800d524      0x160 c:/program files (x86)/atollic/truestudio for stm32 9.2.0/armtools/bin/../lib/gcc/arm-atollic-eabi/6.3.1/../../../../arm-atollic-eabi/lib/armv7e-m/fpu\libm.a(lib_a-e_sqrt.o)
                0x0800d524                __ieee754_sqrt
 .text.__ieee754_expf
                0x0800d684      0x1a8 c:/program files (x86)/atollic/truestudio for stm32 9.2.0/armtools/bin/../lib/gcc/arm-atollic-eabi/6.3.1/../../../../arm-atollic-eabi/lib/armv7e-m/fpu\libm.a(lib_a-ef_exp.o)
                0x0800d684                __ieee754_expf
 .text.__ieee754_powf
                0x0800d82c      0x584 c:/program files (x86)/atollic/truestudio for stm32 9.2.0/armtools/bin/../lib/gcc/arm-atollic-eabi/6.3.1/../../../../arm-atollic-eabi/lib/armv7e-m/fpu\libm.a(lib_a-ef_pow.o)
                0x0800d82c                __ieee754_powf
 .text.__ieee754_sqrtf
                0x0800ddb0       0x8e c:/program files (x86)/atollic/truestudio for stm32 9.2.0/armtools/bin/../lib/gcc/arm-atollic-eabi/6.3.1/../../../../arm-atollic-eabi/lib/armv7e-m/fpu\libm.a(lib_a-ef_sqrt.o)
                0x0800ddb0                __ieee754_sqrtf
 .text.fabs     0x0800de3e        0xe c:/program files (x86)/atollic/truestudio for stm32 9.2.0/armtools/bin/../lib/gcc/arm-atollic-eabi/6.3.1/../../../../arm-atollic-eabi/lib/armv7e-m/fpu\libm.a(lib_a-s_fabs.o)
                0x0800de3e                fabs
 .text.finite   0x0800de4c       0x10 c:/program files (x86)/atollic/truestudio for stm32 9.2.0/armtools/bin/../lib/gcc/arm-atollic-eabi/6.3.1/../../../../arm-atollic-eabi/lib/armv7e-m/fpu\libm.a(lib_a-s_finite.o)
                0x0800de4c                finite
 .text.matherr  0x0800de5c        0x4 c:/program files (x86)/atollic/truestudio for stm32 9.2.0/armtools/bin/../lib/gcc/arm-atollic-eabi/6.3.1/../../../../arm-atollic-eabi/lib/armv7e-m/fpu\libm.a(lib_a-s_matherr.o)
                0x0800de5c                matherr
 .text.nan      0x0800de60       0x10 c:/program files (x86)/atollic/truestudio for stm32 9.2.0/armtools/bin/../lib/gcc/arm-atollic-eabi/6.3.1/../../../../arm-atollic-eabi/lib/armv7e-m/fpu\libm.a(lib_a-s_nan.o)
                0x0800de60                nan
 .text.rint     0x0800de70      0x110 c:/program files (x86)/atollic/truestudio for stm32 9.2.0/armtools/bin/../lib/gcc/arm-atollic-eabi/6.3.1/../../../../arm-atollic-eabi/lib/armv7e-m/fpu\libm.a(lib_a-s_rint.o)
                0x0800de70                rint
 .text.scalbn   0x0800df80       0xf4 c:/program files (x86)/atollic/truestudio for stm32 9.2.0/armtools/bin/../lib/gcc/arm-atollic-eabi/6.3.1/../../../../arm-atollic-eabi/lib/armv7e-m/fpu\libm.a(lib_a-s_scalbn.o)
                0x0800df80                scalbn
 .text.expm1f   0x0800e074      0x258 c:/program files (x86)/atollic/truestudio for stm32 9.2.0/armtools/bin/../lib/gcc/arm-atollic-eabi/6.3.1/../../../../arm-atollic-eabi/lib/armv7e-m/fpu\libm.a(lib_a-sf_expm1.o)
                0x0800e074                expm1f
 .text.fabsf    0x0800e2cc        0xe c:/program files (x86)/atollic/truestudio for stm32 9.2.0/armtools/bin/../lib/gcc/arm-atollic-eabi/6.3.1/../../../../arm-atollic-eabi/lib/armv7e-m/fpu\libm.a(lib_a-sf_fabs.o)
                0x0800e2cc                fabsf
 .text.finitef  0x0800e2da       0x14 c:/program files (x86)/atollic/truestudio for stm32 9.2.0/armtools/bin/../lib/gcc/arm-atollic-eabi/6.3.1/../../../../arm-atollic-eabi/lib/armv7e-m/fpu\libm.a(lib_a-sf_finite.o)
                0x0800e2da                finitef
 *fill*         0x0800e2ee        0x2 
 .text.nanf     0x0800e2f0        0xc c:/program files (x86)/atollic/truestudio for stm32 9.2.0/armtools/bin/../lib/gcc/arm-atollic-eabi/6.3.1/../../../../arm-atollic-eabi/lib/armv7e-m/fpu\libm.a(lib_a-sf_nan.o)
                0x0800e2f0                nanf
 .text.scalbnf  0x0800e2fc       0xc0 c:/program files (x86)/atollic/truestudio for stm32 9.2.0/armtools/bin/../lib/gcc/arm-atollic-eabi/6.3.1/../../../../arm-atollic-eabi/lib/armv7e-m/fpu\libm.a(lib_a-sf_scalbn.o)
                0x0800e2fc                scalbnf
 *fill*         0x0800e3bc        0x4 
 .text.__ieee754_log
                0x0800e3c0      0x3b0 c:/program files (x86)/atollic/truestudio for stm32 9.2.0/armtools/bin/../lib/gcc/arm-atollic-eabi/6.3.1/../../../../arm-atollic-eabi/lib/armv7e-m/fpu\libm.a(lib_a-e_log.o)
                0x0800e3c0                __ieee754_log
 .text.copysign
                0x0800e770       0x1a c:/program files (x86)/atollic/truestudio for stm32 9.2.0/armtools/bin/../lib/gcc/arm-atollic-eabi/6.3.1/../../../../arm-atollic-eabi/lib/armv7e-m/fpu\libm.a(lib_a-s_copysign.o)
                0x0800e770                copysign
 .text.copysignf
                0x0800e78a       0x18 c:/program files (x86)/atollic/truestudio for stm32 9.2.0/armtools/bin/../lib/gcc/arm-atollic-eabi/6.3.1/../../../../arm-atollic-eabi/lib/armv7e-m/fpu\libm.a(lib_a-sf_copysign.o)
                0x0800e78a                copysignf
 *fill*         0x0800e7a2        0x2 
 .text.__errno  0x0800e7a4        0xc c:/program files (x86)/atollic/truestudio for stm32 9.2.0/armtools/bin/../lib/gcc/arm-atollic-eabi/6.3.1/../../../../arm-atollic-eabi/lib/armv7e-m/fpu\libc_nano.a(lib_a-errno.o)
                0x0800e7a4                __errno
 .text._close   0x0800e7b0       0x10 c:/program files (x86)/atollic/truestudio for stm32 9.2.0/armtools/bin/../lib/gcc/arm-atollic-eabi/6.3.1/../../../../arm-atollic-eabi/lib/armv7e-m/fpu\libnosys.a(close.o)
                0x0800e7b0                _close
 .text._fstat   0x0800e7c0       0x10 c:/program files (x86)/atollic/truestudio for stm32 9.2.0/armtools/bin/../lib/gcc/arm-atollic-eabi/6.3.1/../../../../arm-atollic-eabi/lib/armv7e-m/fpu\libnosys.a(fstat.o)
                0x0800e7c0                _fstat
 .text._isatty  0x0800e7d0       0x10 c:/program files (x86)/atollic/truestudio for stm32 9.2.0/armtools/bin/../lib/gcc/arm-atollic-eabi/6.3.1/../../../../arm-atollic-eabi/lib/armv7e-m/fpu\libnosys.a(isatty.o)
                0x0800e7d0                _isatty
 .text._lseek   0x0800e7e0       0x10 c:/program files (x86)/atollic/truestudio for stm32 9.2.0/armtools/bin/../lib/gcc/arm-atollic-eabi/6.3.1/../../../../arm-atollic-eabi/lib/armv7e-m/fpu\libnosys.a(lseek.o)
                0x0800e7e0                _lseek
 .text._read    0x0800e7f0       0x10 c:/program files (x86)/atollic/truestudio for stm32 9.2.0/armtools/bin/../lib/gcc/arm-atollic-eabi/6.3.1/../../../../arm-atollic-eabi/lib/armv7e-m/fpu\libnosys.a(read.o)
                0x0800e7f0                _read
 .text._sbrk    0x0800e800       0x1c c:/program files (x86)/atollic/truestudio for stm32 9.2.0/armtools/bin/../lib/gcc/arm-atollic-eabi/6.3.1/../../../../arm-atollic-eabi/lib/armv7e-m/fpu\libnosys.a(sbrk.o)
                0x0800e800                _sbrk
 *(.glue_7)
 .glue_7        0x0800e81c        0x0 linker stubs
 *(.glue_7t)
 .glue_7t       0x0800e81c        0x0 linker stubs
 *(.eh_frame)
 .eh_frame      0x0800e81c        0x0 c:/program files (x86)/atollic/truestudio for stm32 9.2.0/armtools/bin/../lib/gcc/arm-atollic-eabi/6.3.1/armv7e-m/fpu/crtbegin.o
 *(.init)
 .init          0x0800e81c        0x4 c:/program files (x86)/atollic/truestudio for stm32 9.2.0/armtools/bin/../lib/gcc/arm-atollic-eabi/6.3.1/armv7e-m/fpu/crti.o
                0x0800e81c                _init
 .init          0x0800e820        0x8 c:/program files (x86)/atollic/truestudio for stm32 9.2.0/armtools/bin/../lib/gcc/arm-atollic-eabi/6.3.1/armv7e-m/fpu/crtn.o
 *(.fini)
 .fini          0x0800e828        0x4 c:/program files (x86)/atollic/truestudio for stm32 9.2.0/armtools/bin/../lib/gcc/arm-atollic-eabi/6.3.1/armv7e-m/fpu/crti.o
                0x0800e828                _fini
 .fini          0x0800e82c        0x8 c:/program files (x86)/atollic/truestudio for stm32 9.2.0/armtools/bin/../lib/gcc/arm-atollic-eabi/6.3.1/armv7e-m/fpu/crtn.o
                0x0800e834                . = ALIGN (0x4)
                0x0800e834                _etext = .

.vfp11_veneer   0x0800e834        0x0
 .vfp11_veneer  0x0800e834        0x0 linker stubs

.v4_bx          0x0800e834        0x0
 .v4_bx         0x0800e834        0x0 linker stubs

.iplt           0x0800e834        0x0
 .iplt          0x0800e834        0x0 c:/program files (x86)/atollic/truestudio for stm32 9.2.0/armtools/bin/../lib/gcc/arm-atollic-eabi/6.3.1/armv7e-m/fpu/crtbegin.o

.rodata         0x0800e838    0x15fe0
                0x0800e838                . = ALIGN (0x4)
 *(.rodata)
 .rodata        0x0800e838       0x20 Src\ai.o
 .rodata        0x0800e858      0x128 Src\app_x-cube-ai.o
 *(.rodata*)
 .rodata.CSWTCH.51
                0x0800e980        0x4 Drivers\STM32L4xx_HAL_Driver\Src\stm32l4xx_hal_uart.o
 .rodata.CSWTCH.52
                0x0800e984        0xd Drivers\STM32L4xx_HAL_Driver\Src\stm32l4xx_hal_uart.o
 *fill*         0x0800e991        0x3 
 .rodata.s_network_weights.5391
                0x0800e994     0x1d38 Middlewares\ST\AI\AI\data\network_data.o
 .rodata.ai_network_get_info.str1.1
                0x080106cc       0x5e Middlewares\ST\AI\AI\src\network.o
 *fill*         0x0801072a        0x2 
 .rodata.conv2d_23_chain
                0x0801072c        0x4 Middlewares\ST\AI\AI\src\network.o
 .rodata.conv2d_24_chain
                0x08010730        0x4 Middlewares\ST\AI\AI\src\network.o
 .rodata.dense_8_chain
                0x08010734        0x4 Middlewares\ST\AI\AI\src\network.o
 .rodata.dense_8_nl_chain
                0x08010738        0x4 Middlewares\ST\AI\AI\src\network.o
 .rodata.ai_init.str1.1
                0x0801073c       0x54 Src\ai.o
 .rodata.MX_X_CUBE_AI_Process.str1.1
                0x08010790       0x20 Src\app_x-cube-ai.o
 .rodata.ai_mnetwork_find.str1.1
                0x080107b0        0x8 Src\app_x-cube-ai.o
 .rodata.networks
                0x080107b0       0x48 Src\app_x-cube-ai.o
 .rodata.dump.str1.1
                0x080107f8       0x30 Src\main.o
                                 0x32 (size before relaxing)
 .rodata.AHBPrescTable
                0x08010828       0x10 Src\system_stm32l4xx.o
                0x08010828                AHBPrescTable
 .rodata.APBPrescTable
                0x08010838        0x8 Src\system_stm32l4xx.o
                0x08010838                APBPrescTable
 .rodata.MSIRangeTable
                0x08010840       0x30 Src\system_stm32l4xx.o
                0x08010840                MSIRangeTable
 .rodata.twiddleCoef_2048
                0x08010870     0x4000 ../Drivers/CMSIS/Lib\libarm_cortexM4lf_math.a(arm_common_tables.o)
                0x08010870                twiddleCoef_2048
 .rodata.twiddleCoef_rfft_64
                0x08014870      0x100 ../Drivers/CMSIS/Lib\libarm_cortexM4lf_math.a(arm_common_tables.o)
                0x08014870                twiddleCoef_rfft_64
 .rodata.armBitRevIndexTable64
                0x08014970       0x70 ../Drivers/CMSIS/Lib\libarm_cortexM4lf_math.a(arm_common_tables.o)
                0x08014970                armBitRevIndexTable64
 .rodata.twiddleCoef_rfft_2048
                0x080149e0     0x2000 ../Drivers/CMSIS/Lib\libarm_cortexM4lf_math.a(arm_common_tables.o)
                0x080149e0                twiddleCoef_rfft_2048
 .rodata.twiddleCoef_rfft_4096
                0x080169e0     0x4000 ../Drivers/CMSIS/Lib\libarm_cortexM4lf_math.a(arm_common_tables.o)
                0x080169e0                twiddleCoef_rfft_4096
 .rodata.twiddleCoef_256
                0x0801a9e0      0x800 ../Drivers/CMSIS/Lib\libarm_cortexM4lf_math.a(arm_common_tables.o)
                0x0801a9e0                twiddleCoef_256
 .rodata.twiddleCoef_16
                0x0801b1e0       0x80 ../Drivers/CMSIS/Lib\libarm_cortexM4lf_math.a(arm_common_tables.o)
                0x0801b1e0                twiddleCoef_16
 .rodata.twiddleCoef_1024
                0x0801b260     0x2000 ../Drivers/CMSIS/Lib\libarm_cortexM4lf_math.a(arm_common_tables.o)
                0x0801b260                twiddleCoef_1024
 .rodata.twiddleCoef_32
                0x0801d260      0x100 ../Drivers/CMSIS/Lib\libarm_cortexM4lf_math.a(arm_common_tables.o)
                0x0801d260                twiddleCoef_32
 .rodata.armBitRevIndexTable1024
                0x0801d360      0xe10 ../Drivers/CMSIS/Lib\libarm_cortexM4lf_math.a(arm_common_tables.o)
                0x0801d360                armBitRevIndexTable1024
 .rodata.armBitRevIndexTable16
                0x0801e170       0x28 ../Drivers/CMSIS/Lib\libarm_cortexM4lf_math.a(arm_common_tables.o)
                0x0801e170                armBitRevIndexTable16
 .rodata.twiddleCoef_rfft_32
                0x0801e198       0x80 ../Drivers/CMSIS/Lib\libarm_cortexM4lf_math.a(arm_common_tables.o)
                0x0801e198                twiddleCoef_rfft_32
 .rodata.armBitRevIndexTable32
                0x0801e218       0x60 ../Drivers/CMSIS/Lib\libarm_cortexM4lf_math.a(arm_common_tables.o)
                0x0801e218                armBitRevIndexTable32
 .rodata.sinTable_f32
                0x0801e278      0x804 ../Drivers/CMSIS/Lib\libarm_cortexM4lf_math.a(arm_common_tables.o)
                0x0801e278                sinTable_f32
 .rodata.twiddleCoef_128
                0x0801ea7c      0x400 ../Drivers/CMSIS/Lib\libarm_cortexM4lf_math.a(arm_common_tables.o)
                0x0801ea7c                twiddleCoef_128
 .rodata.twiddleCoef_512
                0x0801ee7c     0x1000 ../Drivers/CMSIS/Lib\libarm_cortexM4lf_math.a(arm_common_tables.o)
                0x0801ee7c                twiddleCoef_512
 .rodata.armBitRevIndexTable2048
                0x0801fe7c     0x1dc0 ../Drivers/CMSIS/Lib\libarm_cortexM4lf_math.a(arm_common_tables.o)
                0x0801fe7c                armBitRevIndexTable2048
 .rodata.twiddleCoef_64
                0x08021c3c      0x200 ../Drivers/CMSIS/Lib\libarm_cortexM4lf_math.a(arm_common_tables.o)
                0x08021c3c                twiddleCoef_64
 .rodata.twiddleCoef_rfft_512
                0x08021e3c      0x800 ../Drivers/CMSIS/Lib\libarm_cortexM4lf_math.a(arm_common_tables.o)
                0x08021e3c                twiddleCoef_rfft_512
 .rodata.armBitRevIndexTable512
                0x0802263c      0x380 ../Drivers/CMSIS/Lib\libarm_cortexM4lf_math.a(arm_common_tables.o)
                0x0802263c                armBitRevIndexTable512
 .rodata.twiddleCoef_rfft_1024
                0x080229bc     0x1000 ../Drivers/CMSIS/Lib\libarm_cortexM4lf_math.a(arm_common_tables.o)
                0x080229bc                twiddleCoef_rfft_1024
 .rodata.twiddleCoef_rfft_256
                0x080239bc      0x400 ../Drivers/CMSIS/Lib\libarm_cortexM4lf_math.a(arm_common_tables.o)
                0x080239bc                twiddleCoef_rfft_256
 .rodata.armBitRevIndexTable256
                0x08023dbc      0x370 ../Drivers/CMSIS/Lib\libarm_cortexM4lf_math.a(arm_common_tables.o)
                0x08023dbc                armBitRevIndexTable256
 .rodata.twiddleCoef_rfft_128
                0x0802412c      0x200 ../Drivers/CMSIS/Lib\libarm_cortexM4lf_math.a(arm_common_tables.o)
                0x0802412c                twiddleCoef_rfft_128
 .rodata.armBitRevIndexTable128
                0x0802432c      0x1a0 ../Drivers/CMSIS/Lib\libarm_cortexM4lf_math.a(arm_common_tables.o)
                0x0802432c                armBitRevIndexTable128
 .rodata._global_impure_ptr
                0x080244cc        0x4 c:/program files (x86)/atollic/truestudio for stm32 9.2.0/armtools/bin/../lib/gcc/arm-atollic-eabi/6.3.1/../../../../arm-atollic-eabi/lib/armv7e-m/fpu\libc_nano.a(lib_a-impure.o)
                0x080244cc                _global_impure_ptr
 .rodata._printf_float.str1.1
                0x080244d0       0x10 c:/program files (x86)/atollic/truestudio for stm32 9.2.0/armtools/bin/../lib/gcc/arm-atollic-eabi/6.3.1/../../../../arm-atollic-eabi/lib/armv7e-m/fpu\libc_nano.a(lib_a-nano-vfprintf_float.o)
                                 0x12 (size before relaxing)
 .rodata._printf_i.str1.1
                0x080244e0       0x22 c:/program files (x86)/atollic/truestudio for stm32 9.2.0/armtools/bin/../lib/gcc/arm-atollic-eabi/6.3.1/../../../../arm-atollic-eabi/lib/armv7e-m/fpu\libc_nano.a(lib_a-nano-vfprintf_i.o)
 .rodata._dtoa_r.str1.1
                0x08024502        0xd c:/program files (x86)/atollic/truestudio for stm32 9.2.0/armtools/bin/../lib/gcc/arm-atollic-eabi/6.3.1/../../../../arm-atollic-eabi/lib/armv7e-m/fpu\libc_nano.a(lib_a-dtoa.o)
                                  0xf (size before relaxing)
 *fill*         0x0802450f        0x1 
 .rodata.__sf_fake_stderr
                0x08024510       0x20 c:/program files (x86)/atollic/truestudio for stm32 9.2.0/armtools/bin/../lib/gcc/arm-atollic-eabi/6.3.1/../../../../arm-atollic-eabi/lib/armv7e-m/fpu\libc_nano.a(lib_a-findfp.o)
                0x08024510                __sf_fake_stderr
 .rodata.__sf_fake_stdin
                0x08024530       0x20 c:/program files (x86)/atollic/truestudio for stm32 9.2.0/armtools/bin/../lib/gcc/arm-atollic-eabi/6.3.1/../../../../arm-atollic-eabi/lib/armv7e-m/fpu\libc_nano.a(lib_a-findfp.o)
                0x08024530                __sf_fake_stdin
 .rodata.__sf_fake_stdout
                0x08024550       0x20 c:/program files (x86)/atollic/truestudio for stm32 9.2.0/armtools/bin/../lib/gcc/arm-atollic-eabi/6.3.1/../../../../arm-atollic-eabi/lib/armv7e-m/fpu\libc_nano.a(lib_a-findfp.o)
                0x08024550                __sf_fake_stdout
 .rodata.__mprec_bigtens
                0x08024570       0x28 c:/program files (x86)/atollic/truestudio for stm32 9.2.0/armtools/bin/../lib/gcc/arm-atollic-eabi/6.3.1/../../../../arm-atollic-eabi/lib/armv7e-m/fpu\libc_nano.a(lib_a-mprec.o)
                0x08024570                __mprec_bigtens
 .rodata.__mprec_tens
                0x08024598       0xc8 c:/program files (x86)/atollic/truestudio for stm32 9.2.0/armtools/bin/../lib/gcc/arm-atollic-eabi/6.3.1/../../../../arm-atollic-eabi/lib/armv7e-m/fpu\libc_nano.a(lib_a-mprec.o)
                0x08024598                __mprec_tens
 .rodata.p05.7175
                0x08024660        0xc c:/program files (x86)/atollic/truestudio for stm32 9.2.0/armtools/bin/../lib/gcc/arm-atollic-eabi/6.3.1/../../../../arm-atollic-eabi/lib/armv7e-m/fpu\libc_nano.a(lib_a-mprec.o)
 .rodata._vfprintf_r.str1.1
                0x0802466c       0x11 c:/program files (x86)/atollic/truestudio for stm32 9.2.0/armtools/bin/../lib/gcc/arm-atollic-eabi/6.3.1/../../../../arm-atollic-eabi/lib/armv7e-m/fpu\libc_nano.a(lib_a-nano-vfprintf.o)
 .rodata._setlocale_r.str1.1
                0x0802467d        0x8 c:/program files (x86)/atollic/truestudio for stm32 9.2.0/armtools/bin/../lib/gcc/arm-atollic-eabi/6.3.1/../../../../arm-atollic-eabi/lib/armv7e-m/fpu\libc_nano.a(lib_a-locale.o)
                                  0x9 (size before relaxing)
 .rodata.str1.1
                0x08024685        0x2 c:/program files (x86)/atollic/truestudio for stm32 9.2.0/armtools/bin/../lib/gcc/arm-atollic-eabi/6.3.1/../../../../arm-atollic-eabi/lib/armv7e-m/fpu\libc_nano.a(lib_a-locale.o)
 .rodata._ctype_
                0x08024687      0x101 c:/program files (x86)/atollic/truestudio for stm32 9.2.0/armtools/bin/../lib/gcc/arm-atollic-eabi/6.3.1/../../../../arm-atollic-eabi/lib/armv7e-m/fpu\libc_nano.a(lib_a-ctype_.o)
                0x08024687                _ctype_
 .rodata.log10.str1.1
                0x08024788        0x6 c:/program files (x86)/atollic/truestudio for stm32 9.2.0/armtools/bin/../lib/gcc/arm-atollic-eabi/6.3.1/../../../../arm-atollic-eabi/lib/armv7e-m/fpu\libm.a(lib_a-w_log10.o)
                                  0x7 (size before relaxing)
 .rodata.pow.str1.1
                0x0802478e        0x4 c:/program files (x86)/atollic/truestudio for stm32 9.2.0/armtools/bin/../lib/gcc/arm-atollic-eabi/6.3.1/../../../../arm-atollic-eabi/lib/armv7e-m/fpu\libm.a(lib_a-w_pow.o)
 .rodata.sqrt.str1.1
                0x08024792        0x5 c:/program files (x86)/atollic/truestudio for stm32 9.2.0/armtools/bin/../lib/gcc/arm-atollic-eabi/6.3.1/../../../../arm-atollic-eabi/lib/armv7e-m/fpu\libm.a(lib_a-w_sqrt.o)
 .rodata.expf.str1.1
                0x08024797        0x5 c:/program files (x86)/atollic/truestudio for stm32 9.2.0/armtools/bin/../lib/gcc/arm-atollic-eabi/6.3.1/../../../../arm-atollic-eabi/lib/armv7e-m/fpu\libm.a(lib_a-wf_exp.o)
 .rodata.powf.str1.1
                0x0802479c        0x5 c:/program files (x86)/atollic/truestudio for stm32 9.2.0/armtools/bin/../lib/gcc/arm-atollic-eabi/6.3.1/../../../../arm-atollic-eabi/lib/armv7e-m/fpu\libm.a(lib_a-wf_pow.o)
 .rodata.sqrtf.str1.1
                0x080247a1        0x6 c:/program files (x86)/atollic/truestudio for stm32 9.2.0/armtools/bin/../lib/gcc/arm-atollic-eabi/6.3.1/../../../../arm-atollic-eabi/lib/armv7e-m/fpu\libm.a(lib_a-wf_sqrt.o)
 .rodata.__ieee754_pow.str1.1
                0x080247a7        0x1 c:/program files (x86)/atollic/truestudio for stm32 9.2.0/armtools/bin/../lib/gcc/arm-atollic-eabi/6.3.1/../../../../arm-atollic-eabi/lib/armv7e-m/fpu\libm.a(lib_a-e_pow.o)
 *fill*         0x080247a7        0x1 
 .rodata.bp     0x080247a8       0x10 c:/program files (x86)/atollic/truestudio for stm32 9.2.0/armtools/bin/../lib/gcc/arm-atollic-eabi/6.3.1/../../../../arm-atollic-eabi/lib/armv7e-m/fpu\libm.a(lib_a-e_pow.o)
 .rodata.dp_h   0x080247b8       0x10 c:/program files (x86)/atollic/truestudio for stm32 9.2.0/armtools/bin/../lib/gcc/arm-atollic-eabi/6.3.1/../../../../arm-atollic-eabi/lib/armv7e-m/fpu\libm.a(lib_a-e_pow.o)
 .rodata.dp_l   0x080247c8       0x10 c:/program files (x86)/atollic/truestudio for stm32 9.2.0/armtools/bin/../lib/gcc/arm-atollic-eabi/6.3.1/../../../../arm-atollic-eabi/lib/armv7e-m/fpu\libm.a(lib_a-e_pow.o)
 .rodata.halF   0x080247d8        0x8 c:/program files (x86)/atollic/truestudio for stm32 9.2.0/armtools/bin/../lib/gcc/arm-atollic-eabi/6.3.1/../../../../arm-atollic-eabi/lib/armv7e-m/fpu\libm.a(lib_a-ef_exp.o)
 .rodata.ln2HI  0x080247e0        0x8 c:/program files (x86)/atollic/truestudio for stm32 9.2.0/armtools/bin/../lib/gcc/arm-atollic-eabi/6.3.1/../../../../arm-atollic-eabi/lib/armv7e-m/fpu\libm.a(lib_a-ef_exp.o)
 .rodata.ln2LO  0x080247e8        0x8 c:/program files (x86)/atollic/truestudio for stm32 9.2.0/armtools/bin/../lib/gcc/arm-atollic-eabi/6.3.1/../../../../arm-atollic-eabi/lib/armv7e-m/fpu\libm.a(lib_a-ef_exp.o)
 .rodata.__ieee754_powf.str1.1
                0x080247f0        0x1 c:/program files (x86)/atollic/truestudio for stm32 9.2.0/armtools/bin/../lib/gcc/arm-atollic-eabi/6.3.1/../../../../arm-atollic-eabi/lib/armv7e-m/fpu\libm.a(lib_a-ef_pow.o)
 .rodata.bp     0x080247f0        0x8 c:/program files (x86)/atollic/truestudio for stm32 9.2.0/armtools/bin/../lib/gcc/arm-atollic-eabi/6.3.1/../../../../arm-atollic-eabi/lib/armv7e-m/fpu\libm.a(lib_a-ef_pow.o)
 .rodata.dp_h   0x080247f8        0x8 c:/program files (x86)/atollic/truestudio for stm32 9.2.0/armtools/bin/../lib/gcc/arm-atollic-eabi/6.3.1/../../../../arm-atollic-eabi/lib/armv7e-m/fpu\libm.a(lib_a-ef_pow.o)
 .rodata.dp_l   0x08024800        0x8 c:/program files (x86)/atollic/truestudio for stm32 9.2.0/armtools/bin/../lib/gcc/arm-atollic-eabi/6.3.1/../../../../arm-atollic-eabi/lib/armv7e-m/fpu\libm.a(lib_a-ef_pow.o)
 .rodata.TWO52  0x08024808       0x10 c:/program files (x86)/atollic/truestudio for stm32 9.2.0/armtools/bin/../lib/gcc/arm-atollic-eabi/6.3.1/../../../../arm-atollic-eabi/lib/armv7e-m/fpu\libm.a(lib_a-s_rint.o)
                0x08024818                . = ALIGN (0x4)

.ARM.extab
 *(.ARM.extab* .gnu.linkonce.armextab.*)

.ARM            0x08024818        0x8
                0x08024818                __exidx_start = .
 *(.ARM.exidx*)