Archive member included to satisfy reference by file (symbol)

../Drivers/CMSIS/Lib\libarm_cortexM4lf_math.a(arm_fill_f32.o)
                              Src\dsp.o (arm_fill_f32)
../Drivers/CMSIS/Lib\libarm_cortexM4lf_math.a(arm_copy_f32.o)
                              Src\dct.o (arm_copy_f32)
../Drivers/CMSIS/Lib\libarm_cortexM4lf_math.a(arm_mean_f32.o)
                              Src\dsp.o (arm_mean_f32)
../Drivers/CMSIS/Lib\libarm_cortexM4lf_math.a(arm_max_f32.o)
                              Src\app_x-cube-ai.o (arm_max_f32)
../Drivers/CMSIS/Lib\libarm_cortexM4lf_math.a(arm_rfft_fast_init_f32.o)
                              Src\dsp.o (arm_rfft_fast_init_f32)
../Drivers/CMSIS/Lib\libarm_cortexM4lf_math.a(arm_rfft_fast_f32.o)
                              Src\dsp.o (arm_rfft_fast_f32)
../Drivers/CMSIS/Lib\libarm_cortexM4lf_math.a(arm_cfft_f32.o)
                              ../Drivers/CMSIS/Lib\libarm_cortexM4lf_math.a(arm_rfft_fast_f32.o) (arm_cfft_f32)
../Drivers/CMSIS/Lib\libarm_cortexM4lf_math.a(arm_mat_trans_f32.o)
                              Src\dct.o (arm_mat_trans_f32)
../Drivers/CMSIS/Lib\libarm_cortexM4lf_math.a(arm_mat_mult_f32.o)
                              Src\dct.o (arm_mat_mult_f32)
../Drivers/CMSIS/Lib\libarm_cortexM4lf_math.a(arm_mat_init_f32.o)
                              Src\dct.o (arm_mat_init_f32)
../Drivers/CMSIS/Lib\libarm_cortexM4lf_math.a(arm_fir_init_f32.o)
                              Src\dsp.o (arm_fir_init_f32)
../Drivers/CMSIS/Lib\libarm_cortexM4lf_math.a(arm_fir_f32.o)
                              Src\dsp.o (arm_fir_f32)
../Drivers/CMSIS/Lib\libarm_cortexM4lf_math.a(arm_cmplx_mag_f32.o)
                              Src\dsp.o (arm_cmplx_mag_f32)
../Drivers/CMSIS/Lib\libarm_cortexM4lf_math.a(arm_cos_f32.o)
                              Src\dct.o (arm_cos_f32)
../Drivers/CMSIS/Lib\libarm_cortexM4lf_math.a(arm_scale_f32.o)
                              Src\dct.o (arm_scale_f32)
../Drivers/CMSIS/Lib\libarm_cortexM4lf_math.a(arm_offset_f32.o)
                              Src\dsp.o (arm_offset_f32)
../Drivers/CMSIS/Lib\libarm_cortexM4lf_math.a(arm_mult_f32.o)
                              Src\dsp.o (arm_mult_f32)
../Drivers/CMSIS/Lib\libarm_cortexM4lf_math.a(arm_common_tables.o)
                              ../Drivers/CMSIS/Lib\libarm_cortexM4lf_math.a(arm_cos_f32.o) (sinTable_f32)
../Drivers/CMSIS/Lib\libarm_cortexM4lf_math.a(arm_bitreversal2.o)
                              ../Drivers/CMSIS/Lib\libarm_cortexM4lf_math.a(arm_cfft_f32.o) (arm_bitreversal_32)
../Drivers/CMSIS/Lib\libarm_cortexM4lf_math.a(arm_cfft_radix8_f32.o)
                              ../Drivers/CMSIS/Lib\libarm_cortexM4lf_math.a(arm_cfft_f32.o) (arm_radix8_butterfly_f32)
C:\Users\shiny\Documents\GitHub\acoustic-features\stm32\acoustic_feature_camera\Middlewares\ST\AI\AI\lib\network_runtime.a(ai_platform_interface.o)
                              Middlewares\ST\AI\AI\src\network.o (ai_platform_api_get_version)
C:\Users\shiny\Documents\GitHub\acoustic-features\stm32\acoustic_feature_camera\Middlewares\ST\AI\AI\lib\network_runtime.a(core_common.o)
                              C:\Users\shiny\Documents\GitHub\acoustic-features\stm32\acoustic_feature_camera\Middlewares\ST\AI\AI\lib\network_runtime.a(ai_platform_interface.o) (core_get_error)
C:\Users\shiny\Documents\GitHub\acoustic-features\stm32\acoustic_feature_camera\Middlewares\ST\AI\AI\lib\network_runtime.a(layers.o)
                              C:\Users\shiny\Documents\GitHub\acoustic-features\stm32\acoustic_feature_camera\Middlewares\ST\AI\AI\lib\network_runtime.a(ai_platform_interface.o) (ai_check_custom_types)
C:\Users\shiny\Documents\GitHub\acoustic-features\stm32\acoustic_feature_camera\Middlewares\ST\AI\AI\lib\network_runtime.a(layers_conv2d_generic_float.o)
                              Middlewares\ST\AI\AI\src\network.o (forward_conv2d_nl_pool)
C:\Users\shiny\Documents\GitHub\acoustic-features\stm32\acoustic_feature_camera\Middlewares\ST\AI\AI\lib\network_runtime.a(layers_nl_generic_float.o)
                              Middlewares\ST\AI\AI\src\network.o (forward_relu)
C:\Users\shiny\Documents\GitHub\acoustic-features\stm32\acoustic_feature_camera\Middlewares\ST\AI\AI\lib\network_runtime.a(layers_pool_generic_float.o)
                              Middlewares\ST\AI\AI\src\network.o (pool_func_mp_array_f32)
C:\Users\shiny\Documents\GitHub\acoustic-features\stm32\acoustic_feature_camera\Middlewares\ST\AI\AI\lib\network_runtime.a(ai_math_helpers.o)
                              C:\Users\shiny\Documents\GitHub\acoustic-features\stm32\acoustic_feature_camera\Middlewares\ST\AI\AI\lib\network_runtime.a(layers_conv2d_generic_float.o) (ai_math_dot_array)
c:/program files (x86)/atollic/truestudio for stm32 9.2.0/armtools/bin/../lib/gcc/arm-atollic-eabi/6.3.1/../../../../arm-atollic-eabi/lib/armv7e-m/fpu\libc_nano.a(lib_a-aeabi_memcpy.o)
[...]
Memory Configuration

Name             Origin             Length             Attributes
RAM              0x20000000         0x00018000         xrw
RAM2             0x10000000         0x00008000         xrw
FLASH            0x08000000         0x00100000         xr
*default*        0x00000000         0xffffffff

Linker script and memory map

LOAD c:/program files (x86)/atollic/truestudio for stm32 9.2.0/armtools/bin/../lib/gcc/arm-atollic-eabi/6.3.1/armv7e-m/fpu/crti.o
LOAD c:/program files (x86)/atollic/truestudio for stm32 9.2.0/armtools/bin/../lib/gcc/arm-atollic-eabi/6.3.1/armv7e-m/fpu/crtbegin.o
LOAD Drivers\CMSIS\DSP_Lib\Source\BasicMathFunctions\arm_dot_prod_f32.o
LOAD Drivers\STM32L4xx_HAL_Driver\Src\stm32l4xx_hal.o
LOAD Drivers\STM32L4xx_HAL_Driver\Src\stm32l4xx_hal_cortex.o
LOAD Drivers\STM32L4xx_HAL_Driver\Src\stm32l4xx_hal_crc.o
LOAD Drivers\STM32L4xx_HAL_Driver\Src\stm32l4xx_hal_crc_ex.o
LOAD Drivers\STM32L4xx_HAL_Driver\Src\stm32l4xx_hal_dac.o
LOAD Drivers\STM32L4xx_HAL_Driver\Src\stm32l4xx_hal_dac_ex.o
LOAD Drivers\STM32L4xx_HAL_Driver\Src\stm32l4xx_hal_dfsdm.o
LOAD Drivers\STM32L4xx_HAL_Driver\Src\stm32l4xx_hal_dma.o
LOAD Drivers\STM32L4xx_HAL_Driver\Src\stm32l4xx_hal_dma_ex.o
LOAD Drivers\STM32L4xx_HAL_Driver\Src\stm32l4xx_hal_exti.o
LOAD Drivers\STM32L4xx_HAL_Driver\Src\stm32l4xx_hal_flash.o
LOAD Drivers\STM32L4xx_HAL_Driver\Src\stm32l4xx_hal_flash_ex.o
LOAD Drivers\STM32L4xx_HAL_Driver\Src\stm32l4xx_hal_flash_ramfunc.o
LOAD Drivers\STM32L4xx_HAL_Driver\Src\stm32l4xx_hal_gpio.o
LOAD Drivers\STM32L4xx_HAL_Driver\Src\stm32l4xx_hal_i2c.o
LOAD Drivers\STM32L4xx_HAL_Driver\Src\stm32l4xx_hal_i2c_ex.o
LOAD Drivers\STM32L4xx_HAL_Driver\Src\stm32l4xx_hal_pwr.o
LOAD Drivers\STM32L4xx_HAL_Driver\Src\stm32l4xx_hal_pwr_ex.o
LOAD Drivers\STM32L4xx_HAL_Driver\Src\stm32l4xx_hal_rcc.o
LOAD Drivers\STM32L4xx_HAL_Driver\Src\stm32l4xx_hal_rcc_ex.o
LOAD Drivers\STM32L4xx_HAL_Driver\Src\stm32l4xx_hal_tim.o
LOAD Drivers\STM32L4xx_HAL_Driver\Src\stm32l4xx_hal_tim_ex.o
LOAD Drivers\STM32L4xx_HAL_Driver\Src\stm32l4xx_hal_uart.o
LOAD Drivers\STM32L4xx_HAL_Driver\Src\stm32l4xx_hal_uart_ex.o
LOAD Middlewares\ST\AI\AI\data\network_data.o
LOAD Middlewares\ST\AI\AI\src\network.o
LOAD Src\ai.o
LOAD Src\app_x-cube-ai.o
LOAD Src\crc.o
LOAD Src\dac.o
LOAD Src\dct.o
LOAD Src\dfsdm.o
LOAD Src\dma.o
LOAD Src\dsp.o
LOAD Src\gpio.o
LOAD Src\i2c.o
LOAD Src\lcd.o
LOAD Src\main.o
LOAD Src\stm32l4xx_hal_msp.o
LOAD Src\stm32l4xx_it.o
LOAD Src\syscalls.o
LOAD Src\system_stm32l4xx.o
LOAD Src\tim.o
LOAD Src\usart.o
LOAD startup\startup_stm32l476xx.o
LOAD ../Drivers/CMSIS/Lib\libarm_cortexM4lf_math.a
LOAD C:\Users\shiny\Documents\GitHub\acoustic-features\stm32\acoustic_feature_camera\Middlewares\ST\AI\AI\lib\network_runtime.a
                0x00000080                malloc_getpagesize_P = 0x80
START GROUP
LOAD c:/program files (x86)/atollic/truestudio for stm32 9.2.0/armtools/bin/../lib/gcc/arm-atollic-eabi/6.3.1/../../../../arm-atollic-eabi/lib/armv7e-m/fpu\libc_nano.a
LOAD c:/program files (x86)/atollic/truestudio for stm32 9.2.0/armtools/bin/../lib/gcc/arm-atollic-eabi/6.3.1/../../../../arm-atollic-eabi/lib/armv7e-m/fpu\libm.a
END GROUP
START GROUP
LOAD c:/program files (x86)/atollic/truestudio for stm32 9.2.0/armtools/bin/../lib/gcc/arm-atollic-eabi/6.3.1/armv7e-m/fpu\libgcc.a
LOAD c:/program files (x86)/atollic/truestudio for stm32 9.2.0/armtools/bin/../lib/gcc/arm-atollic-eabi/6.3.1/../../../../arm-atollic-eabi/lib/armv7e-m/fpu\libc_nano.a
END GROUP
START GROUP
LOAD c:/program files (x86)/atollic/truestudio for stm32 9.2.0/armtools/bin/../lib/gcc/arm-atollic-eabi/6.3.1/armv7e-m/fpu\libgcc.a
LOAD c:/program files (x86)/atollic/truestudio for stm32 9.2.0/armtools/bin/../lib/gcc/arm-atollic-eabi/6.3.1/../../../../arm-atollic-eabi/lib/armv7e-m/fpu\libc_nano.a
LOAD c:/program files (x86)/atollic/truestudio for stm32 9.2.0/armtools/bin/../lib/gcc/arm-atollic-eabi/6.3.1/../../../../arm-atollic-eabi/lib/armv7e-m/fpu\libnosys.a
END GROUP
START GROUP
LOAD c:/program files (x86)/atollic/truestudio for stm32 9.2.0/armtools/bin/../lib/gcc/arm-atollic-eabi/6.3.1/armv7e-m/fpu\libgcc.a
LOAD c:/program files (x86)/atollic/truestudio for stm32 9.2.0/armtools/bin/../lib/gcc/arm-atollic-eabi/6.3.1/../../../../arm-atollic-eabi/lib/armv7e-m/fpu\libc_nano.a
LOAD c:/program files (x86)/atollic/truestudio for stm32 9.2.0/armtools/bin/../lib/gcc/arm-atollic-eabi/6.3.1/../../../../arm-atollic-eabi/lib/armv7e-m/fpu\libnosys.a
END GROUP
LOAD c:/program files (x86)/atollic/truestudio for stm32 9.2.0/armtools/bin/../lib/gcc/arm-atollic-eabi/6.3.1/armv7e-m/fpu/crtend.o
LOAD c:/program files (x86)/atollic/truestudio for stm32 9.2.0/armtools/bin/../lib/gcc/arm-atollic-eabi/6.3.1/armv7e-m/fpu/crtn.o
                0x20018000                _estack = 0x20018000
                0x00002000                _Min_Heap_Size = 0x2000
                0x00000400                _Min_Stack_Size = 0x400

.isr_vector     0x08000000      0x188
                0x08000000                . = ALIGN (0x4)
 *(.isr_vector)
 .isr_vector    0x08000000      0x188 startup\startup_stm32l476xx.o
                0x08000000                g_pfnVectors
                0x08000188                . = ALIGN (0x4)

.text           0x08000190     0xe1ec
                0x08000190                . = ALIGN (0x4)
 *(.text)
 .text          0x08000190       0x40 c:/program files (x86)/atollic/truestudio for stm32 9.2.0/armtools/bin/../lib/gcc/arm-atollic-eabi/6.3.1/armv7e-m/fpu/crtbegin.o
 .text          0x080001d0       0xc0 ../Drivers/CMSIS/Lib\libarm_cortexM4lf_math.a(arm_bitreversal2.o)
                0x080001d0                arm_bitreversal_32
                0x0800023a                arm_bitreversal_16
 .text          0x08000290      0x4c4 C:\Users\shiny\Documents\GitHub\acoustic-features\stm32\acoustic_feature_camera\Middlewares\ST\AI\AI\lib\network_runtime.a(ai_platform_interface.o)
                0x080002f2                ai_platform_runtime_get_revision
                0x08000322                ai_platform_runtime_get_version
                0x08000356                ai_platform_api_get_version
                0x0800038a                ai_platform_interface_api_get_version
                0x080003be                ai_platform_context_acquire
                0x080003fa                ai_platform_context_release
                0x08000408                ai_platform_network_get_error
                0x0800044c                ai_platform_network_set_error
                0x08000458                ai_platform_network_create
                0x080004d4                ai_platform_network_destroy
                0x08000512                ai_platform_network_init
                0x080005a8                ai_platform_network_process
 .text          0x08000754       0x24 C:\Users\shiny\Documents\GitHub\acoustic-features\stm32\acoustic_feature_camera\Middlewares\ST\AI\AI\lib\network_runtime.a(core_common.o)
                0x08000754                core_init
                0x08000758                core_get_error
                0x08000762                core_set_error
 .text          0x08000778      0x1b8 C:\Users\shiny\Documents\GitHub\acoustic-features\stm32\acoustic_feature_camera\Middlewares\ST\AI\AI\lib\network_runtime.a(layers.o)
                0x08000778                ai_layers_forward_layer
                0x0800078c                ai_check_custom_types
                0x080007b4                ai_layer_type_name
                0x08000874                ai_layer_type_is_valid
                0x08000890                ai_layers_forward_all
 .text          0x08000930     0x1000 C:\Users\shiny\Documents\GitHub\acoustic-features\stm32\acoustic_feature_camera\Middlewares\ST\AI\AI\lib\network_runtime.a(layers_conv2d_generic_float.o)
                0x08000da8                ai_dict8_dot_array_f32
                0x08001080                ai_dict4_dot_array_f32
                0x08001120                forward_conv2d
                0x08001284                forward_conv2d_nl_pool
                0x080015b8                forward_dense
                0x080018b0                forward_gemm
 .text          0x08001930      0x716 C:\Users\shiny\Documents\GitHub\acoustic-features\stm32\acoustic_feature_camera\Middlewares\ST\AI\AI\lib\network_runtime.a(layers_nl_generic_float.o)
                0x08001930                nl_func_sm_channel_f32
                0x08001a54                nl_func_sm_array_f32
                0x08001a88                nl_func_tanh_array_f32
                0x08001ab0                nl_func_sigmoid_array_f32
                0x08001aec                nl_func_sign_array_f32
                0x08001b24                nl_func_clip_array_f32
                0x08001b5c                nl_func_relu_array_f32
                0x08001b88                nl_func_relu6_array_f32
                0x08001bc8                nl_func_selu_array_f32
                0x08001c58                nl_func_prelu_array_f32
                0x08001ca4                forward_relu
                0x08001d04                forward_relu6
                0x08001d78                forward_selu
                0x08001e24                forward_prelu
                0x08001e9c                forward_sign
                0x08001f10                forward_clip
                0x08001f78                forward_sigmoid
                0x08001fd0                forward_tanh
                0x08002012                forward_sm
 *fill*         0x08002046        0x2 
 .text          0x08002048      0x66c C:\Users\shiny\Documents\GitHub\acoustic-features\stm32\acoustic_feature_camera\Middlewares\ST\AI\AI\lib\network_runtime.a(layers_pool_generic_float.o)
                0x08002048                pool_func_mp_array_f32
                0x08002108                pool_func_ap_array_f32
                0x08002224                forward_mp
                0x08002424                forward_ap
 .text          0x080026b4       0xf0 C:\Users\shiny\Documents\GitHub\acoustic-features\stm32\acoustic_feature_camera\Middlewares\ST\AI\AI\lib\network_runtime.a(ai_math_helpers.o)
                0x080026b4                ai_math_dot_array
                0x080026e0                ai_math_sqrt
                0x080026f8                ai_math_exp
                0x080026fc                ai_math_pow
                0x08002700                ai_math_tanh
                0x08002704                ai_math_relu
                0x08002714                ai_math_prelu
                0x08002724                ai_math_sigmoid
                0x08002744                ai_math_hard_sigmoid
                0x08002778                ai_math_sign
 .text          0x080027a4       0x10 c:/program files (x86)/atollic/truestudio for stm32 9.2.0/armtools/bin/../lib/gcc/arm-atollic-eabi/6.3.1/../../../../arm-atollic-eabi/lib/armv7e-m/fpu\libc_nano.a(lib_a-strlen.o)
                0x080027a4                strlen
 *fill*         0x080027b4        0xc 
 .text          0x080027c0       0xa0 c:/program files (x86)/atollic/truestudio for stm32 9.2.0/armtools/bin/../lib/gcc/arm-atollic-eabi/6.3.1/../../../../arm-atollic-eabi/lib/armv7e-m/fpu\libc_nano.a(lib_a-memchr.o)
                0x080027c0                memchr
 .text          0x08002860      0x370 c:/program files (x86)/atollic/truestudio for stm32 9.2.0/armtools/bin/../lib/gcc/arm-atollic-eabi/6.3.1/armv7e-m/fpu\libgcc.a(_arm_addsubdf3.o)
                0x08002860                __aeabi_drsub
                0x08002868                __aeabi_dsub
                0x08002868                __subdf3
                0x0800286c                __aeabi_dadd
                0x0800286c                __adddf3
                0x08002ae4                __floatunsidf
                0x08002ae4                __aeabi_ui2d
                0x08002b04                __floatsidf
                0x08002b04                __aeabi_i2d
                0x08002b28                __aeabi_f2d
                0x08002b28                __extendsfdf2
                0x08002b64                __floatundidf
                0x08002b64                __aeabi_ul2d
                0x08002b74                __floatdidf
                0x08002b74                __aeabi_l2d
 .text          0x08002bd0      0x424 c:/program files (x86)/atollic/truestudio for stm32 9.2.0/armtools/bin/../lib/gcc/arm-atollic-eabi/6.3.1/armv7e-m/fpu\libgcc.a(_arm_muldivdf3.o)
                0x08002bd0                __aeabi_dmul
                0x08002bd0                __muldf3
                0x08002e24                __divdf3
                0x08002e24                __aeabi_ddiv
 .text          0x08002ff4      0x110 c:/program files (x86)/atollic/truestudio for stm32 9.2.0/armtools/bin/../lib/gcc/arm-atollic-eabi/6.3.1/armv7e-m/fpu\libgcc.a(_arm_cmpdf2.o)
                0x08002ff4                __gtdf2
                0x08002ff4                __gedf2
                0x08002ffc                __ltdf2
                0x08002ffc                __ledf2
                0x08003004                __nedf2
                0x08003004                __eqdf2
                0x08003004                __cmpdf2
                0x08003080                __aeabi_cdrcmple
                0x08003090                __aeabi_cdcmpeq
                0x08003090                __aeabi_cdcmple
                0x080030a0                __aeabi_dcmpeq
                0x080030b4                __aeabi_dcmplt
                0x080030c8                __aeabi_dcmple
                0x080030dc                __aeabi_dcmpge
                0x080030f0                __aeabi_dcmpgt
 .text          0x08003104       0x2c c:/program files (x86)/atollic/truestudio for stm32 9.2.0/armtools/bin/../lib/gcc/arm-atollic-eabi/6.3.1/armv7e-m/fpu\libgcc.a(_arm_unorddf2.o)
                0x08003104                __unorddf2
                0x08003104                __aeabi_dcmpun
 .text          0x08003130       0x50 c:/program files (x86)/atollic/truestudio for stm32 9.2.0/armtools/bin/../lib/gcc/arm-atollic-eabi/6.3.1/armv7e-m/fpu\libgcc.a(_arm_fixdfsi.o)
                0x08003130                __aeabi_d2iz
                0x08003130                __fixdfsi
 .text          0x08003180       0xa0 c:/program files (x86)/atollic/truestudio for stm32 9.2.0/armtools/bin/../lib/gcc/arm-atollic-eabi/6.3.1/armv7e-m/fpu\libgcc.a(_arm_truncdfsf2.o)
                0x08003180                __truncdfsf2
                0x08003180                __aeabi_d2f
 .text          0x08003220       0x30 c:/program files (x86)/atollic/truestudio for stm32 9.2.0/armtools/bin/../lib/gcc/arm-atollic-eabi/6.3.1/armv7e-m/fpu\libgcc.a(_aeabi_uldivmod.o)
                0x08003220                __aeabi_uldivmod
 .text          0x08003250      0x2dc c:/program files (x86)/atollic/truestudio for stm32 9.2.0/armtools/bin/../lib/gcc/arm-atollic-eabi/6.3.1/armv7e-m/fpu\libgcc.a(_udivmoddi4.o)
                0x08003250                __udivmoddi4
 .text          0x0800352c        0x4 c:/program files (x86)/atollic/truestudio for stm32 9.2.0/armtools/bin/../lib/gcc/arm-atollic-eabi/6.3.1/armv7e-m/fpu\libgcc.a(_dvmd_tls.o)
                0x0800352c                __aeabi_idiv0
                0x0800352c                __aeabi_ldiv0
 *(.text*)
 .text.arm_dot_prod_f32
                0x08003530       0x74 Drivers\CMSIS\DSP_Lib\Source\BasicMathFunctions\arm_dot_prod_f32.o
                0x08003530                arm_dot_prod_f32
 .text.HAL_InitTick
                0x080035a4       0x30 Drivers\STM32L4xx_HAL_Driver\Src\stm32l4xx_hal.o
                0x080035a4                HAL_InitTick
 .text.HAL_Init
                0x080035d4       0x2c Drivers\STM32L4xx_HAL_Driver\Src\stm32l4xx_hal.o
                0x080035d4                HAL_Init
 .text.HAL_IncTick
                0x08003600       0x10 Drivers\STM32L4xx_HAL_Driver\Src\stm32l4xx_hal.o
                0x08003600                HAL_IncTick
 .text.HAL_GetTick
                0x08003610        0xc Drivers\STM32L4xx_HAL_Driver\Src\stm32l4xx_hal.o
                0x08003610                HAL_GetTick
 .text.HAL_Delay
                0x0800361c       0x1c Drivers\STM32L4xx_HAL_Driver\Src\stm32l4xx_hal.o
                0x0800361c                HAL_Delay
 .text.HAL_NVIC_SetPriorityGrouping
                0x08003638       0x24 Drivers\STM32L4xx_HAL_Driver\Src\stm32l4xx_hal_cortex.o
                0x08003638                HAL_NVIC_SetPriorityGrouping
 .text.HAL_NVIC_SetPriority
                0x0800365c       0x68 Drivers\STM32L4xx_HAL_Driver\Src\stm32l4xx_hal_cortex.o
                0x0800365c                HAL_NVIC_SetPriority
 .text.HAL_NVIC_EnableIRQ
                0x080036c4       0x18 Drivers\STM32L4xx_HAL_Driver\Src\stm32l4xx_hal_cortex.o
                0x080036c4                HAL_NVIC_EnableIRQ
 .text.HAL_SYSTICK_Config
                0x080036dc       0x2c Drivers\STM32L4xx_HAL_Driver\Src\stm32l4xx_hal_cortex.o
                0x080036dc                HAL_SYSTICK_Config
 .text.HAL_CRC_Init
                0x08003708       0x74 Drivers\STM32L4xx_HAL_Driver\Src\stm32l4xx_hal_crc.o
                0x08003708                HAL_CRC_Init
 .text.HAL_CRCEx_Polynomial_Set
                0x0800377c       0x44 Drivers\STM32L4xx_HAL_Driver\Src\stm32l4xx_hal_crc_ex.o
                0x0800377c                HAL_CRCEx_Polynomial_Set
 .text.HAL_DAC_Init
                0x080037c0       0x26 Drivers\STM32L4xx_HAL_Driver\Src\stm32l4xx_hal_dac.o
                0x080037c0                HAL_DAC_Init
 .text.HAL_DAC_ConfigChannel
                0x080037e6      0x112 Drivers\STM32L4xx_HAL_Driver\Src\stm32l4xx_hal_dac.o
                0x080037e6                HAL_DAC_ConfigChannel
 .text.DFSDM_RegConvStart
                0x080038f8       0x58 Drivers\STM32L4xx_HAL_Driver\Src\stm32l4xx_hal_dfsdm.o
 .text.DFSDM_GetChannelFromInstance
                0x08003950       0x58 Drivers\STM32L4xx_HAL_Driver\Src\stm32l4xx_hal_dfsdm.o
 .text.HAL_DFSDM_ChannelInit
                0x080039a8       0xe8 Drivers\STM32L4xx_HAL_Driver\Src\stm32l4xx_hal_dfsdm.o
                0x080039a8                HAL_DFSDM_ChannelInit
 .text.HAL_DFSDM_FilterInit
                0x08003a90       0xe4 Drivers\STM32L4xx_HAL_Driver\Src\stm32l4xx_hal_dfsdm.o
                0x08003a90                HAL_DFSDM_FilterInit
 .text.HAL_DFSDM_FilterConfigRegChannel
                0x08003b74       0x3a Drivers\STM32L4xx_HAL_Driver\Src\stm32l4xx_hal_dfsdm.o
                0x08003b74                HAL_DFSDM_FilterConfigRegChannel
 *fill*         0x08003bae        0x2 
 .text.HAL_DFSDM_FilterRegularStart_DMA
                0x08003bb0       0x7c Drivers\STM32L4xx_HAL_Driver\Src\stm32l4xx_hal_dfsdm.o
                0x08003bb0                HAL_DFSDM_FilterRegularStart_DMA
 .text.DFSDM_DMARegularConvCplt
                0x08003c2c        0xa Drivers\STM32L4xx_HAL_Driver\Src\stm32l4xx_hal_dfsdm.o
 .text.DFSDM_DMARegularHalfConvCplt
                0x08003c36        0xa Drivers\STM32L4xx_HAL_Driver\Src\stm32l4xx_hal_dfsdm.o
 .text.HAL_DFSDM_FilterErrorCallback
                0x08003c40        0x2 Drivers\STM32L4xx_HAL_Driver\Src\stm32l4xx_hal_dfsdm.o
                0x08003c40                HAL_DFSDM_FilterErrorCallback
 .text.DFSDM_DMAError
                0x08003c42        0xe Drivers\STM32L4xx_HAL_Driver\Src\stm32l4xx_hal_dfsdm.o
 .text.HAL_DMA_Init
                0x08003c50       0xc4 Drivers\STM32L4xx_HAL_Driver\Src\stm32l4xx_hal_dma.o
                0x08003c50                HAL_DMA_Init
 .text.HAL_DMA_Start_IT
                0x08003d14       0x80 Drivers\STM32L4xx_HAL_Driver\Src\stm32l4xx_hal_dma.o
                0x08003d14                HAL_DMA_Start_IT
 .text.HAL_DMA_Abort_IT
                0x08003d94       0x4c Drivers\STM32L4xx_HAL_Driver\Src\stm32l4xx_hal_dma.o
                0x08003d94                HAL_DMA_Abort_IT
 .text.HAL_DMA_IRQHandler
                0x08003de0       0x94 Drivers\STM32L4xx_HAL_Driver\Src\stm32l4xx_hal_dma.o
                0x08003de0                HAL_DMA_IRQHandler
 .text.HAL_GPIO_Init
                0x08003e74      0x1b8 Drivers\STM32L4xx_HAL_Driver\Src\stm32l4xx_hal_gpio.o
                0x08003e74                HAL_GPIO_Init
 .text.HAL_GPIO_EXTI_IRQHandler
                0x0800402c       0x18 Drivers\STM32L4xx_HAL_Driver\Src\stm32l4xx_hal_gpio.o
                0x0800402c                HAL_GPIO_EXTI_IRQHandler
 .text.I2C_Flush_TXDR
                0x08004044       0x1c Drivers\STM32L4xx_HAL_Driver\Src\stm32l4xx_hal_i2c.o
 .text.I2C_TransferConfig
                0x08004060       0x34 Drivers\STM32L4xx_HAL_Driver\Src\stm32l4xx_hal_i2c.o
 .text.I2C_WaitOnFlagUntilTimeout
                0x08004094       0x56 Drivers\STM32L4xx_HAL_Driver\Src\stm32l4xx_hal_i2c.o
 .text.I2C_IsAcknowledgeFailed
                0x080040ea       0x7a Drivers\STM32L4xx_HAL_Driver\Src\stm32l4xx_hal_i2c.o
 .text.I2C_WaitOnTXISFlagUntilTimeout
                0x08004164       0x4e Drivers\STM32L4xx_HAL_Driver\Src\stm32l4xx_hal_i2c.o
 .text.I2C_WaitOnSTOPFlagUntilTimeout
                0x080041b2       0x4a Drivers\STM32L4xx_HAL_Driver\Src\stm32l4xx_hal_i2c.o
 .text.HAL_I2C_Init
                0x080041fc       0xa2 Drivers\STM32L4xx_HAL_Driver\Src\stm32l4xx_hal_i2c.o
                0x080041fc                HAL_I2C_Init
 *fill*         0x0800429e        0x2 
 .text.HAL_I2C_Master_Transmit
                0x080042a0      0x128 Drivers\STM32L4xx_HAL_Driver\Src\stm32l4xx_hal_i2c.o
                0x080042a0                HAL_I2C_Master_Transmit
 .text.HAL_I2CEx_ConfigAnalogFilter
                0x080043c8       0x4c Drivers\STM32L4xx_HAL_Driver\Src\stm32l4xx_hal_i2c_ex.o
                0x080043c8                HAL_I2CEx_ConfigAnalogFilter
 .text.HAL_I2CEx_ConfigDigitalFilter
                0x08004414       0x4a Drivers\STM32L4xx_HAL_Driver\Src\stm32l4xx_hal_i2c_ex.o
                0x08004414                HAL_I2CEx_ConfigDigitalFilter
 *fill*         0x0800445e        0x2 
 .text.HAL_PWREx_GetVoltageRange
                0x08004460       0x10 Drivers\STM32L4xx_HAL_Driver\Src\stm32l4xx_hal_pwr_ex.o
                0x08004460                HAL_PWREx_GetVoltageRange
 .text.HAL_PWREx_ControlVoltageScaling
                0x08004470       0x6c Drivers\STM32L4xx_HAL_Driver\Src\stm32l4xx_hal_pwr_ex.o
                0x08004470                HAL_PWREx_ControlVoltageScaling
 .text.RCC_SetFlashLatencyFromMSIRange
                0x080044dc       0x84 Drivers\STM32L4xx_HAL_Driver\Src\stm32l4xx_hal_rcc.o
 .text.HAL_RCC_GetSysClockFreq
                0x08004560       0xa8 Drivers\STM32L4xx_HAL_Driver\Src\stm32l4xx_hal_rcc.o
                0x08004560                HAL_RCC_GetSysClockFreq
 .text.HAL_RCC_OscConfig
                0x08004608      0x44c Drivers\STM32L4xx_HAL_Driver\Src\stm32l4xx_hal_rcc.o
                0x08004608                HAL_RCC_OscConfig
 .text.HAL_RCC_ClockConfig
                0x08004a54      0x124 Drivers\STM32L4xx_HAL_Driver\Src\stm32l4xx_hal_rcc.o
                0x08004a54                HAL_RCC_ClockConfig
 .text.HAL_RCC_GetPCLK1Freq
                0x08004b78       0x24 Drivers\STM32L4xx_HAL_Driver\Src\stm32l4xx_hal_rcc.o
                0x08004b78                HAL_RCC_GetPCLK1Freq
 .text.HAL_RCC_GetPCLK2Freq
                0x08004b9c       0x24 Drivers\STM32L4xx_HAL_Driver\Src\stm32l4xx_hal_rcc.o
                0x08004b9c                HAL_RCC_GetPCLK2Freq
 .text.RCCEx_PLLSAI1_Config
                0x08004bc0      0x11c Drivers\STM32L4xx_HAL_Driver\Src\stm32l4xx_hal_rcc_ex.o
 .text.RCCEx_PLLSAI2_Config
                0x08004cdc       0xfc Drivers\STM32L4xx_HAL_Driver\Src\stm32l4xx_hal_rcc_ex.o
 .text.HAL_RCCEx_PeriphCLKConfig
                0x08004dd8      0x3d0 Drivers\STM32L4xx_HAL_Driver\Src\stm32l4xx_hal_rcc_ex.o
                0x08004dd8                HAL_RCCEx_PeriphCLKConfig
 .text.HAL_TIM_Base_Start
                0x080051a8       0x34 Drivers\STM32L4xx_HAL_Driver\Src\stm32l4xx_hal_tim.o
                0x080051a8                HAL_TIM_Base_Start
 .text.TIM_Base_SetConfig
                0x080051dc       0xcc Drivers\STM32L4xx_HAL_Driver\Src\stm32l4xx_hal_tim.o
                0x080051dc                TIM_Base_SetConfig
 .text.HAL_TIM_Base_Init
                0x080052a8       0x34 Drivers\STM32L4xx_HAL_Driver\Src\stm32l4xx_hal_tim.o
                0x080052a8                HAL_TIM_Base_Init
 .text.HAL_TIMEx_MasterConfigSynchronization
                0x080052dc       0x58 Drivers\STM32L4xx_HAL_Driver\Src\stm32l4xx_hal_tim_ex.o
                0x080052dc                HAL_TIMEx_MasterConfigSynchronization
 .text.UART_EndRxTransfer
                0x08005334       0x1e Drivers\STM32L4xx_HAL_Driver\Src\stm32l4xx_hal_uart.o
 *fill*         0x08005352        0x2 
 .text.HAL_UART_Receive_IT
                0x08005354       0xa8 Drivers\STM32L4xx_HAL_Driver\Src\stm32l4xx_hal_uart.o
                0x08005354                HAL_UART_Receive_IT
 .text.HAL_UART_TxCpltCallback
                0x080053fc        0x2 Drivers\STM32L4xx_HAL_Driver\Src\stm32l4xx_hal_uart.o
                0x080053fc                HAL_UART_TxCpltCallback
 .text.UART_RxISR_8BIT
                0x080053fe       0x56 Drivers\STM32L4xx_HAL_Driver\Src\stm32l4xx_hal_uart.o
 .text.UART_RxISR_16BIT
                0x08005454       0x54 Drivers\STM32L4xx_HAL_Driver\Src\stm32l4xx_hal_uart.o
 .text.HAL_UART_ErrorCallback
                0x080054a8        0x2 Drivers\STM32L4xx_HAL_Driver\Src\stm32l4xx_hal_uart.o
                0x080054a8                HAL_UART_ErrorCallback
 *fill*         0x080054aa        0x2 
 .text.HAL_UART_IRQHandler
                0x080054ac      0x12c Drivers\STM32L4xx_HAL_Driver\Src\stm32l4xx_hal_uart.o
                0x080054ac                HAL_UART_IRQHandler
 .text.UART_DMAAbortOnError
                0x080055d8       0x14 Drivers\STM32L4xx_HAL_Driver\Src\stm32l4xx_hal_uart.o
 .text.UART_SetConfig
                0x080055ec      0x330 Drivers\STM32L4xx_HAL_Driver\Src\stm32l4xx_hal_uart.o
                0x080055ec                UART_SetConfig
 .text.UART_AdvFeatureConfig
                0x0800591c       0xa8 Drivers\STM32L4xx_HAL_Driver\Src\stm32l4xx_hal_uart.o
                0x0800591c                UART_AdvFeatureConfig
 .text.UART_WaitOnFlagUntilTimeout
                0x080059c4       0x62 Drivers\STM32L4xx_HAL_Driver\Src\stm32l4xx_hal_uart.o
                0x080059c4                UART_WaitOnFlagUntilTimeout
 .text.HAL_UART_Transmit
                0x08005a26       0xae Drivers\STM32L4xx_HAL_Driver\Src\stm32l4xx_hal_uart.o
                0x08005a26                HAL_UART_Transmit
 .text.UART_CheckIdleState
                0x08005ad4       0x64 Drivers\STM32L4xx_HAL_Driver\Src\stm32l4xx_hal_uart.o
                0x08005ad4                UART_CheckIdleState
 .text.HAL_UART_Init
                0x08005b38       0x64 Drivers\STM32L4xx_HAL_Driver\Src\stm32l4xx_hal_uart.o
                0x08005b38                HAL_UART_Init
 .text.HAL_UARTEx_WakeupCallback
                0x08005b9c        0x2 Drivers\STM32L4xx_HAL_Driver\Src\stm32l4xx_hal_uart_ex.o
                0x08005b9c                HAL_UARTEx_WakeupCallback
 *fill*         0x08005b9e        0x2 
 .text.ai_network_data_weights_get
                0x08005ba0        0x8 Middlewares\ST\AI\AI\data\network_data.o
                0x08005ba0                ai_network_data_weights_get
 .text.ai_network_get_info
                0x08005ba8      0x10c Middlewares\ST\AI\AI\src\network.o
                0x08005ba8                ai_network_get_info
 .text.ai_network_get_error
                0x08005cb4        0x8 Middlewares\ST\AI\AI\src\network.o
                0x08005cb4                ai_network_get_error
 .text.ai_network_create
                0x08005cbc       0x1c Middlewares\ST\AI\AI\src\network.o
                0x08005cbc                ai_network_create
 .text.ai_network_destroy
                0x08005cd8        0x4 Middlewares\ST\AI\AI\src\network.o
                0x08005cd8                ai_network_destroy
 .text.ai_network_init
                0x08005cdc      0x168 Middlewares\ST\AI\AI\src\network.o
                0x08005cdc                ai_network_init
 .text.ai_network_run
                0x08005e44        0x4 Middlewares\ST\AI\AI\src\network.o
                0x08005e44                ai_network_run
 .text.ai_network_forward
                0x08005e48        0x6 Middlewares\ST\AI\AI\src\network.o
                0x08005e48                ai_network_forward
 *fill*         0x08005e4e        0x2 
 .text.normalize
                0x08005e50       0xc8 Src\ai.o
                0x08005e50                normalize
 .text.ai_init  0x08005f18       0x64 Src\ai.o
                0x08005f18                ai_init
 .text.ai_infer
                0x08005f7c       0x70 Src\ai.o
                0x08005f7c                ai_infer
 .text.ai_mnetwork_handle
                0x08005fec       0x1c Src\app_x-cube-ai.o
 .text.ai_mnetwork_is_valid.isra.0
                0x08006008       0x30 Src\app_x-cube-ai.o
 .text.MX_X_CUBE_AI_Init
                0x08006038       0x18 Src\app_x-cube-ai.o
                0x08006038                MX_X_CUBE_AI_Init
 .text.MX_X_CUBE_AI_Process
                0x08006050      0x160 Src\app_x-cube-ai.o
                0x08006050                MX_X_CUBE_AI_Process
 .text.ai_mnetwork_find
                0x080061b0       0x24 Src\app_x-cube-ai.o
                0x080061b0                ai_mnetwork_find
 .text.ai_mnetwork_create
                0x080061d4       0x5c Src\app_x-cube-ai.o
                0x080061d4                ai_mnetwork_create
 .text.ai_mnetwork_init
                0x08006230       0x62 Src\app_x-cube-ai.o
                0x08006230                ai_mnetwork_init
 .text.ai_mnetwork_run
                0x08006292       0x1c Src\app_x-cube-ai.o
                0x08006292                ai_mnetwork_run
 *fill*         0x080062ae        0x2 
 .text.MX_CRC_Init
                0x080062b0       0x30 Src\crc.o
                0x080062b0                MX_CRC_Init
 .text.HAL_CRC_MspInit
                0x080062e0       0x28 Src\crc.o
                0x080062e0                HAL_CRC_MspInit
 .text.MX_DAC1_Init
                0x08006308       0x5c Src\dac.o
                0x08006308                MX_DAC1_Init
 .text.HAL_DAC_MspInit
                0x08006364       0xe0 Src\dac.o
                0x08006364                HAL_DAC_MspInit
 *fill*         0x08006444        0x4 
 .text.dct2_init_f32
                0x08006448      0x15c Src\dct.o
                0x08006448                dct2_init_f32
 .text.MX_DFSDM1_Init
                0x080065a4      0x104 Src\dfsdm.o
                0x080065a4                MX_DFSDM1_Init
 .text.HAL_DFSDM_FilterMspInit
                0x080066a8      0x10c Src\dfsdm.o
                0x080066a8                HAL_DFSDM_FilterMspInit
 .text.HAL_DFSDM_ChannelMspInit
                0x080067b4       0x74 Src\dfsdm.o
                0x080067b4                HAL_DFSDM_ChannelMspInit
 .text.MX_DMA_Init
                0x08006828       0x84 Src\dma.o
                0x08006828                MX_DMA_Init
 .text.log10_approx
                0x080068ac       0x68 Src\dsp.o
                0x080068ac                log10_approx
 .text.hann     0x08006914       0x64 Src\dsp.o
                0x08006914                hann
 .text.freq2mel
                0x08006978       0x4c Src\dsp.o
                0x08006978                freq2mel
 *fill*         0x080069c4        0x4 
 .text.mel2freq
                0x080069c8       0x54 Src\dsp.o
                0x080069c8                mel2freq
 .text.generate_filters
                0x08006a1c      0x134 Src\dsp.o
                0x08006a1c                generate_filters
 .text.init_dsp
                0x08006b50       0x90 Src\dsp.o
                0x08006b50                init_dsp
 .text.apply_pre_emphasis
                0x08006be0       0x14 Src\dsp.o
                0x08006be0                apply_pre_emphasis
 .text.apply_weak_pre_emphasis
                0x08006bf4       0x14 Src\dsp.o
                0x08006bf4                apply_weak_pre_emphasis
 .text.apply_ac_coupling
                0x08006c08       0x44 Src\dsp.o
                0x08006c08                apply_ac_coupling
 .text.apply_hann
                0x08006c4c       0x10 Src\dsp.o
                0x08006c4c                apply_hann
 .text.apply_fft
                0x08006c5c       0x2c Src\dsp.o
                0x08006c5c                apply_fft
 .text.apply_psd
                0x08006c88       0x2c Src\dsp.o
                0x08006c88                apply_psd
 .text.apply_psd_logscale
                0x08006cb4       0x2a Src\dsp.o
                0x08006cb4                apply_psd_logscale
 *fill*         0x08006cde        0x2 
 .text.apply_filterbank
                0x08006ce0       0x70 Src\dsp.o
                0x08006ce0                apply_filterbank
 .text.apply_filterbank_logscale
                0x08006d50       0x2c Src\dsp.o
                0x08006d50                apply_filterbank_logscale
 .text.MX_GPIO_Init
                0x08006d7c       0x7c Src\gpio.o
                0x08006d7c                MX_GPIO_Init
 .text.MX_I2C1_Init
                0x08006df8       0x58 Src\i2c.o
                0x08006df8                MX_I2C1_Init
 .text.HAL_I2C_MspInit
                0x08006e50       0x6c Src\i2c.o
                0x08006e50                HAL_I2C_MspInit
 .text.write_command
                0x08006ebc       0x30 Src\lcd.o
                0x08006ebc                write_command
 .text.write_data
                0x08006eec       0x30 Src\lcd.o
                0x08006eec                write_data
 .text.lcd_init
                0x08006f1c       0x58 Src\lcd.o
                0x08006f1c                lcd_init
 .text.lcd_clear
                0x08006f74        0x6 Src\lcd.o
                0x08006f74                lcd_clear
 .text.lcd_newline
                0x08006f7a        0x6 Src\lcd.o
                0x08006f7a                lcd_newline
 .text.lcd_string
                0x08006f80       0x18 Src\lcd.o
                0x08006f80                lcd_string
 .text.dsp      0x08006f98       0xe8 Src\main.o
                0x08006f98                dsp
 .text.overlap_dsp
                0x08007080       0x46 Src\main.o
                0x08007080                overlap_dsp
 *fill*         0x080070c6        0x2 
 .text.dump     0x080070c8       0xa4 Src\main.o
                0x080070c8                dump
 .text.pre_emphasis
                0x0800716c       0x28 Src\main.o
                0x0800716c                pre_emphasis
 .text.SystemClock_Config
                0x08007194       0x94 Src\main.o
                0x08007194                SystemClock_Config
 .text.startup.main
                0x08007228      0x164 Src\main.o
                0x08007228                main
 .text.HAL_DFSDM_FilterRegConvHalfCpltCallback
                0x0800738c       0x24 Src\main.o
                0x0800738c                HAL_DFSDM_FilterRegConvHalfCpltCallback
 .text.HAL_DFSDM_FilterRegConvCpltCallback
                0x080073b0       0x24 Src\main.o
                0x080073b0                HAL_DFSDM_FilterRegConvCpltCallback
 .text._write   0x080073d4       0x18 Src\main.o
                0x080073d4                _write
 .text.HAL_GPIO_EXTI_Callback
                0x080073ec        0x2 Src\main.o
                0x080073ec                HAL_GPIO_EXTI_Callback
 *fill*         0x080073ee        0x2 
 .text.HAL_UART_RxCpltCallback
                0x080073f0       0xb0 Src\main.o
                0x080073f0                HAL_UART_RxCpltCallback
 .text.Error_Handler
                0x080074a0        0x2 Src\main.o
                0x080074a0                Error_Handler
 *fill*         0x080074a2        0x2 
 .text.HAL_MspInit
                0x080074a4       0x30 Src\stm32l4xx_hal_msp.o
                0x080074a4                HAL_MspInit
 .text.SVC_Handler
                0x080074d4        0x2 Src\stm32l4xx_it.o
                0x080074d4                SVC_Handler
 .text.PendSV_Handler
                0x080074d6        0x2 Src\stm32l4xx_it.o
                0x080074d6                PendSV_Handler
 .text.SysTick_Handler
                0x080074d8        0x4 Src\stm32l4xx_it.o
                0x080074d8                SysTick_Handler
 .text.DMA1_Channel3_IRQHandler
                0x080074dc        0xc Src\stm32l4xx_it.o
                0x080074dc                DMA1_Channel3_IRQHandler
 .text.DMA1_Channel4_IRQHandler
                0x080074e8        0xc Src\stm32l4xx_it.o
                0x080074e8                DMA1_Channel4_IRQHandler
 .text.DMA1_Channel5_IRQHandler
                0x080074f4        0xc Src\stm32l4xx_it.o
                0x080074f4                DMA1_Channel5_IRQHandler
 .text.DMA1_Channel7_IRQHandler
                0x08007500        0xc Src\stm32l4xx_it.o
                0x08007500                DMA1_Channel7_IRQHandler
 .text.USART2_IRQHandler
                0x0800750c        0xc Src\stm32l4xx_it.o
                0x0800750c                USART2_IRQHandler
 .text.EXTI15_10_IRQHandler
                0x08007518        0x8 Src\stm32l4xx_it.o
                0x08007518                EXTI15_10_IRQHandler
 .text.DMA2_Channel5_IRQHandler
                0x08007520        0xc Src\stm32l4xx_it.o
                0x08007520                DMA2_Channel5_IRQHandler
 .text._read    0x0800752c       0x1c Src\syscalls.o
                0x0800752c                _read
 .text._sbrk    0x08007548       0x34 Src\syscalls.o
                0x08007548                _sbrk
 .text._close   0x0800757c        0x6 Src\syscalls.o
                0x0800757c                _close
 .text._fstat   0x08007582        0xa Src\syscalls.o
                0x08007582                _fstat
 .text._isatty  0x0800758c        0x4 Src\syscalls.o
                0x0800758c                _isatty
 .text._lseek   0x08007590        0x4 Src\syscalls.o
                0x08007590                _lseek
 .text.SystemInit
                0x08007594       0x48 Src\system_stm32l4xx.o
                0x08007594                SystemInit
 .text.MX_TIM6_Init
                0x080075dc       0x48 Src\tim.o
                0x080075dc                MX_TIM6_Init
 .text.HAL_TIM_Base_MspInit
                0x08007624       0x28 Src\tim.o
                0x08007624                HAL_TIM_Base_MspInit
 .text.MX_USART2_UART_Init
                0x0800764c       0x3c Src\usart.o
                0x0800764c                MX_USART2_UART_Init
 .text.HAL_UART_MspInit
                0x08007688       0xa8 Src\usart.o
                0x08007688                HAL_UART_MspInit
 .text.Reset_Handler
                0x08007730       0x50 startup\startup_stm32l476xx.o
                0x08007730                Reset_Handler
 .text.Default_Handler
                0x08007780        0x2 startup\startup_stm32l476xx.o
                0x08007780                RTC_Alarm_IRQHandler
                0x08007780                EXTI2_IRQHandler
                0x08007780                TIM8_TRG_COM_IRQHandler
                0x08007780                TIM8_CC_IRQHandler
                0x08007780                DebugMon_Handler
                0x08007780                TIM1_CC_IRQHandler
                0x08007780                TSC_IRQHandler
                0x08007780                HardFault_Handler
                0x08007780                TAMP_STAMP_IRQHandler
                0x08007780                NMI_Handler
                0x08007780                EXTI3_IRQHandler
                0x08007780                LPTIM2_IRQHandler
                0x08007780                DFSDM1_FLT1_IRQHandler
                0x08007780                I2C3_ER_IRQHandler
                0x08007780                DFSDM1_FLT2_IRQHandler
                0x08007780                EXTI0_IRQHandler
                0x08007780                I2C2_EV_IRQHandler
                0x08007780                CAN1_RX0_IRQHandler
                0x08007780                FPU_IRQHandler
                0x08007780                TIM1_UP_TIM16_IRQHandler
                0x08007780                UsageFault_Handler
                0x08007780                ADC1_2_IRQHandler
                0x08007780                SPI1_IRQHandler
                0x08007780                TIM6_DAC_IRQHandler
                0x08007780                TIM8_UP_IRQHandler
                0x08007780                DMA2_Channel2_IRQHandler
                0x08007780                SAI2_IRQHandler
                0x08007780                DFSDM1_FLT3_IRQHandler
                0x08007780                USART3_IRQHandler
                0x08007780                CAN1_RX1_IRQHandler
                0x08007780                LCD_IRQHandler
                0x08007780                UART5_IRQHandler
                0x08007780                ADC3_IRQHandler
                0x08007780                TIM4_IRQHandler
                0x08007780                DMA2_Channel1_IRQHandler
                0x08007780                QUADSPI_IRQHandler
                0x08007780                I2C1_EV_IRQHandler
                0x08007780                DMA1_Channel6_IRQHandler
                0x08007780                UART4_IRQHandler
                0x08007780                DMA2_Channel4_IRQHandler
                0x08007780                TIM3_IRQHandler
                0x08007780                RCC_IRQHandler
                0x08007780                DMA1_Channel1_IRQHandler
                0x08007780                Default_Handler
                0x08007780                DMA2_Channel7_IRQHandler
                0x08007780                TIM7_IRQHandler
                0x08007780                SDMMC1_IRQHandler
                0x08007780                TIM5_IRQHandler
                0x08007780                I2C3_EV_IRQHandler
                0x08007780                EXTI9_5_IRQHandler
                0x08007780                RTC_WKUP_IRQHandler
                0x08007780                PVD_PVM_IRQHandler
                0x08007780                SPI2_IRQHandler
                0x08007780                MemManage_Handler
                0x08007780                CAN1_TX_IRQHandler
                0x08007780                EXTI4_IRQHandler
                0x08007780                RNG_IRQHandler
                0x08007780                TIM1_TRG_COM_TIM17_IRQHandler
                0x08007780                COMP_IRQHandler
                0x08007780                WWDG_IRQHandler
                0x08007780                LPUART1_IRQHandler
                0x08007780                DMA2_Channel6_IRQHandler
                0x08007780                TIM2_IRQHandler
                0x08007780                EXTI1_IRQHandler
                0x08007780                DFSDM1_FLT0_IRQHandler
                0x08007780                I2C2_ER_IRQHandler
                0x08007780                DMA1_Channel2_IRQHandler
                0x08007780                TIM8_BRK_IRQHandler
                0x08007780                CAN1_SCE_IRQHandler
                0x08007780                FLASH_IRQHandler
                0x08007780                BusFault_Handler
                0x08007780                USART1_IRQHandler
                0x08007780                OTG_FS_IRQHandler
                0x08007780                SPI3_IRQHandler
                0x08007780                I2C1_ER_IRQHandler
                0x08007780                FMC_IRQHandler
                0x08007780                SWPMI1_IRQHandler
                0x08007780                LPTIM1_IRQHandler
                0x08007780                SAI1_IRQHandler
                0x08007780                DMA2_Channel3_IRQHandler
                0x08007780                TIM1_BRK_TIM15_IRQHandler
 *fill*         0x08007782        0x2 
 .text.arm_fill_f32
                0x08007784       0x3c ../Drivers/CMSIS/Lib\libarm_cortexM4lf_math.a(arm_fill_f32.o)
                0x08007784                arm_fill_f32
 .text.arm_copy_f32
                0x080077c0       0x60 ../Drivers/CMSIS/Lib\libarm_cortexM4lf_math.a(arm_copy_f32.o)
                0x080077c0                arm_copy_f32
 .text.arm_mean_f32
                0x08007820       0x68 ../Drivers/CMSIS/Lib\libarm_cortexM4lf_math.a(arm_mean_f32.o)
                0x08007820                arm_mean_f32
 .text.arm_max_f32
                0x08007888       0xd0 ../Drivers/CMSIS/Lib\libarm_cortexM4lf_math.a(arm_max_f32.o)
                0x08007888                arm_max_f32
 .text.arm_rfft_fast_init_f32
                0x08007958      0x104 ../Drivers/CMSIS/Lib\libarm_cortexM4lf_math.a(arm_rfft_fast_init_f32.o)
                0x08007958                arm_rfft_fast_init_f32
 .text.arm_rfft_fast_f32
                0x08007a5c      0x188 ../Drivers/CMSIS/Lib\libarm_cortexM4lf_math.a(arm_rfft_fast_f32.o)
                0x08007a5c                arm_rfft_fast_f32
 .text.arm_cfft_radix8by2_f32
                0x08007be4      0x1a0 ../Drivers/CMSIS/Lib\libarm_cortexM4lf_math.a(arm_cfft_f32.o)
                0x08007be4                arm_cfft_radix8by2_f32
 .text.arm_cfft_radix8by4_f32
                0x08007d84      0x4bc ../Drivers/CMSIS/Lib\libarm_cortexM4lf_math.a(arm_cfft_f32.o)
                0x08007d84                arm_cfft_radix8by4_f32
 .text.arm_cfft_f32
                0x08008240       0xf4 ../Drivers/CMSIS/Lib\libarm_cortexM4lf_math.a(arm_cfft_f32.o)
                0x08008240                arm_cfft_f32
 .text.arm_mat_init_f32
                0x08008334        0x8 ../Drivers/CMSIS/Lib\libarm_cortexM4lf_math.a(arm_mat_init_f32.o)
                0x08008334                arm_mat_init_f32
 .text.arm_fir_init_f32
                0x0800833c       0x24 ../Drivers/CMSIS/Lib\libarm_cortexM4lf_math.a(arm_fir_init_f32.o)
                0x0800833c                arm_fir_init_f32
 .text.arm_fir_f32
                0x08008360      0x4c8 ../Drivers/CMSIS/Lib\libarm_cortexM4lf_math.a(arm_fir_f32.o)
                0x08008360                arm_fir_f32
 .text.arm_cmplx_mag_f32
                0x08008828      0x1d0 ../Drivers/CMSIS/Lib\libarm_cortexM4lf_math.a(arm_cmplx_mag_f32.o)
                0x08008828                arm_cmplx_mag_f32
 .text.arm_cos_f32
                0x080089f8       0x80 ../Drivers/CMSIS/Lib\libarm_cortexM4lf_math.a(arm_cos_f32.o)
                0x080089f8                arm_cos_f32
 .text.arm_scale_f32
                0x08008a78       0x6c ../Drivers/CMSIS/Lib\libarm_cortexM4lf_math.a(arm_scale_f32.o)
                0x08008a78                arm_scale_f32
 .text.arm_offset_f32
                0x08008ae4       0x6c ../Drivers/CMSIS/Lib\libarm_cortexM4lf_math.a(arm_offset_f32.o)
                0x08008ae4                arm_offset_f32
 .text.arm_mult_f32
                0x08008b50       0x8c ../Drivers/CMSIS/Lib\libarm_cortexM4lf_math.a(arm_mult_f32.o)
                0x08008b50                arm_mult_f32
 .text.arm_radix8_butterfly_f32
                0x08008bdc      0x5e4 ../Drivers/CMSIS/Lib\libarm_cortexM4lf_math.a(arm_cfft_radix8_f32.o)
                0x08008bdc                arm_radix8_butterfly_f32
 .text.__aeabi_memcpy
                0x080091c0        0x4 c:/program files (x86)/atollic/truestudio for stm32 9.2.0/armtools/bin/../lib/gcc/arm-atollic-eabi/6.3.1/../../../../arm-atollic-eabi/lib/armv7e-m/fpu\libc_nano.a(lib_a-aeabi_memcpy.o)
                0x080091c0                __aeabi_memcpy4
                0x080091c0                __aeabi_memcpy8
                0x080091c0                __aeabi_memcpy
 .text.calloc   0x080091c4       0x10 c:/program files (x86)/atollic/truestudio for stm32 9.2.0/armtools/bin/../lib/gcc/arm-atollic-eabi/6.3.1/../../../../arm-atollic-eabi/lib/armv7e-m/fpu\libc_nano.a(lib_a-calloc.o)
                0x080091c4                calloc
 .text.__errno  0x080091d4        0xc c:/program files (x86)/atollic/truestudio for stm32 9.2.0/armtools/bin/../lib/gcc/arm-atollic-eabi/6.3.1/../../../../arm-atollic-eabi/lib/armv7e-m/fpu\libc_nano.a(lib_a-errno.o)
                0x080091d4                __errno
 .text.__libc_init_array
                0x080091e0       0x48 c:/program files (x86)/atollic/truestudio for stm32 9.2.0/armtools/bin/../lib/gcc/arm-atollic-eabi/6.3.1/../../../../arm-atollic-eabi/lib/armv7e-m/fpu\libc_nano.a(lib_a-init.o)
                0x080091e0                __libc_init_array
 .text.memcmp   0x08009228       0x1e c:/program files (x86)/atollic/truestudio for stm32 9.2.0/armtools/bin/../lib/gcc/arm-atollic-eabi/6.3.1/../../../../arm-atollic-eabi/lib/armv7e-m/fpu\libc_nano.a(lib_a-memcmp.o)
                0x08009228                memcmp
 .text.memcpy   0x08009246       0x16 c:/program files (x86)/atollic/truestudio for stm32 9.2.0/armtools/bin/../lib/gcc/arm-atollic-eabi/6.3.1/../../../../arm-atollic-eabi/lib/armv7e-m/fpu\libc_nano.a(lib_a-memcpy-stub.o)
                0x08009246                memcpy
 .text.memset   0x0800925c       0x10 c:/program files (x86)/atollic/truestudio for stm32 9.2.0/armtools/bin/../lib/gcc/arm-atollic-eabi/6.3.1/../../../../arm-atollic-eabi/lib/armv7e-m/fpu\libc_nano.a(lib_a-memset.o)
                0x0800925c                memset
 .text._calloc_r
                0x0800926c       0x1c c:/program files (x86)/atollic/truestudio for stm32 9.2.0/armtools/bin/../lib/gcc/arm-atollic-eabi/6.3.1/../../../../arm-atollic-eabi/lib/armv7e-m/fpu\libc_nano.a(lib_a-nano-callocr.o)
                0x0800926c                _calloc_r
 .text._malloc_r
                0x08009288       0xbc c:/program files (x86)/atollic/truestudio for stm32 9.2.0/armtools/bin/../lib/gcc/arm-atollic-eabi/6.3.1/../../../../arm-atollic-eabi/lib/armv7e-m/fpu\libc_nano.a(lib_a-nano-mallocr.o)
                0x08009288                _malloc_r
 .text.__cvt    0x08009344       0xc2 c:/program files (x86)/atollic/truestudio for stm32 9.2.0/armtools/bin/../lib/gcc/arm-atollic-eabi/6.3.1/../../../../arm-atollic-eabi/lib/armv7e-m/fpu\libc_nano.a(lib_a-nano-vfprintf_float.o)
                0x08009344                __cvt
 .text.__exponent
                0x08009406       0x6a c:/program files (x86)/atollic/truestudio for stm32 9.2.0/armtools/bin/../lib/gcc/arm-atollic-eabi/6.3.1/../../../../arm-atollic-eabi/lib/armv7e-m/fpu\libc_nano.a(lib_a-nano-vfprintf_float.o)
                0x08009406                __exponent
 .text._printf_float
                0x08009470      0x480 c:/program files (x86)/atollic/truestudio for stm32 9.2.0/armtools/bin/../lib/gcc/arm-atollic-eabi/6.3.1/../../../../arm-atollic-eabi/lib/armv7e-m/fpu\libc_nano.a(lib_a-nano-vfprintf_float.o)
                0x08009470                _printf_float
 .text._printf_common
                0x080098f0       0xec c:/program files (x86)/atollic/truestudio for stm32 9.2.0/armtools/bin/../lib/gcc/arm-atollic-eabi/6.3.1/../../../../arm-atollic-eabi/lib/armv7e-m/fpu\libc_nano.a(lib_a-nano-vfprintf_i.o)
                0x080098f0                _printf_common
 .text._printf_i
                0x080099dc      0x240 c:/program files (x86)/atollic/truestudio for stm32 9.2.0/armtools/bin/../lib/gcc/arm-atollic-eabi/6.3.1/../../../../arm-atollic-eabi/lib/armv7e-m/fpu\libc_nano.a(lib_a-nano-vfprintf_i.o)
                0x080099dc                _printf_i
 .text.printf   0x08009c1c       0x30 c:/program files (x86)/atollic/truestudio for stm32 9.2.0/armtools/bin/../lib/gcc/arm-atollic-eabi/6.3.1/../../../../arm-atollic-eabi/lib/armv7e-m/fpu\libc_nano.a(lib_a-printf.o)
                0x08009c1c                iprintf
                0x08009c1c                printf
 .text.putchar  0x08009c4c       0x28 c:/program files (x86)/atollic/truestudio for stm32 9.2.0/armtools/bin/../lib/gcc/arm-atollic-eabi/6.3.1/../../../../arm-atollic-eabi/lib/armv7e-m/fpu\libc_nano.a(lib_a-putchar.o)
                0x08009c4c                putchar
 .text._puts_r  0x08009c74       0xb8 c:/program files (x86)/atollic/truestudio for stm32 9.2.0/armtools/bin/../lib/gcc/arm-atollic-eabi/6.3.1/../../../../arm-atollic-eabi/lib/armv7e-m/fpu\libc_nano.a(lib_a-puts.o)
                0x08009c74                _puts_r
 .text.puts     0x08009d2c       0x10 c:/program files (x86)/atollic/truestudio for stm32 9.2.0/armtools/bin/../lib/gcc/arm-atollic-eabi/6.3.1/../../../../arm-atollic-eabi/lib/armv7e-m/fpu\libc_nano.a(lib_a-puts.o)
                0x08009d2c                puts
 .text._sbrk_r  0x08009d3c       0x20 c:/program files (x86)/atollic/truestudio for stm32 9.2.0/armtools/bin/../lib/gcc/arm-atollic-eabi/6.3.1/../../../../arm-atollic-eabi/lib/armv7e-m/fpu\libc_nano.a(lib_a-sbrkr.o)
                0x08009d3c                _sbrk_r
 .text.frexpf   0x08009d5c       0x54 c:/program files (x86)/atollic/truestudio for stm32 9.2.0/armtools/bin/../lib/gcc/arm-atollic-eabi/6.3.1/../../../../arm-atollic-eabi/lib/armv7e-m/fpu\libc_nano.a(lib_a-sf_frexp.o)
                0x08009d5c                frexpf
 .text.strncmp  0x08009db0       0x24 c:/program files (x86)/atollic/truestudio for stm32 9.2.0/armtools/bin/../lib/gcc/arm-atollic-eabi/6.3.1/../../../../arm-atollic-eabi/lib/armv7e-m/fpu\libc_nano.a(lib_a-strncmp.o)
                0x08009db0                strncmp
 .text.__swbuf_r
                0x08009dd4       0xa4 c:/program files (x86)/atollic/truestudio for stm32 9.2.0/armtools/bin/../lib/gcc/arm-atollic-eabi/6.3.1/../../../../arm-atollic-eabi/lib/armv7e-m/fpu\libc_nano.a(lib_a-wbuf.o)
                0x08009dd4                __swbuf_r
 .text.__swsetup_r
                0x08009e78       0xdc c:/program files (x86)/atollic/truestudio for stm32 9.2.0/armtools/bin/../lib/gcc/arm-atollic-eabi/6.3.1/../../../../arm-atollic-eabi/lib/armv7e-m/fpu\libc_nano.a(lib_a-wsetup.o)
                0x08009e78                __swsetup_r
 .text.quorem   0x08009f54      0x118 c:/program files (x86)/atollic/truestudio for stm32 9.2.0/armtools/bin/../lib/gcc/arm-atollic-eabi/6.3.1/../../../../arm-atollic-eabi/lib/armv7e-m/fpu\libc_nano.a(lib_a-dtoa.o)
 *fill*         0x0800a06c        0x4 
 .text._dtoa_r  0x0800a070      0xb9c c:/program files (x86)/atollic/truestudio for stm32 9.2.0/armtools/bin/../lib/gcc/arm-atollic-eabi/6.3.1/../../../../arm-atollic-eabi/lib/armv7e-m/fpu\libc_nano.a(lib_a-dtoa.o)
                0x0800a070                _dtoa_r
 .text.__sflush_r
                0x0800ac0c      0x110 c:/program files (x86)/atollic/truestudio for stm32 9.2.0/armtools/bin/../lib/gcc/arm-atollic-eabi/6.3.1/../../../../arm-atollic-eabi/lib/armv7e-m/fpu\libc_nano.a(lib_a-fflush.o)
                0x0800ac0c                __sflush_r
 .text._fflush_r
                0x0800ad1c       0x54 c:/program files (x86)/atollic/truestudio for stm32 9.2.0/armtools/bin/../lib/gcc/arm-atollic-eabi/6.3.1/../../../../arm-atollic-eabi/lib/armv7e-m/fpu\libc_nano.a(lib_a-fflush.o)
                0x0800ad1c                _fflush_r
 .text._cleanup_r
                0x0800ad70        0xc c:/program files (x86)/atollic/truestudio for stm32 9.2.0/armtools/bin/../lib/gcc/arm-atollic-eabi/6.3.1/../../../../arm-atollic-eabi/lib/armv7e-m/fpu\libc_nano.a(lib_a-findfp.o)
                0x0800ad70                _cleanup_r
 .text.std.isra.0
                0x0800ad7c       0x48 c:/program files (x86)/atollic/truestudio for stm32 9.2.0/armtools/bin/../lib/gcc/arm-atollic-eabi/6.3.1/../../../../arm-atollic-eabi/lib/armv7e-m/fpu\libc_nano.a(lib_a-findfp.o)
 .text.__sfmoreglue
                0x0800adc4       0x2c c:/program files (x86)/atollic/truestudio for stm32 9.2.0/armtools/bin/../lib/gcc/arm-atollic-eabi/6.3.1/../../../../arm-atollic-eabi/lib/armv7e-m/fpu\libc_nano.a(lib_a-findfp.o)
                0x0800adc4                __sfmoreglue
 .text.__sinit  0x0800adf0       0x60 c:/program files (x86)/atollic/truestudio for stm32 9.2.0/armtools/bin/../lib/gcc/arm-atollic-eabi/6.3.1/../../../../arm-atollic-eabi/lib/armv7e-m/fpu\libc_nano.a(lib_a-findfp.o)
                0x0800adf0                __sinit
 .text.__sfp    0x0800ae50       0x78 c:/program files (x86)/atollic/truestudio for stm32 9.2.0/armtools/bin/../lib/gcc/arm-atollic-eabi/6.3.1/../../../../arm-atollic-eabi/lib/armv7e-m/fpu\libc_nano.a(lib_a-findfp.o)
                0x0800ae50                __sfp
 .text._fwalk_reent
                0x0800aec8       0x3c c:/program files (x86)/atollic/truestudio for stm32 9.2.0/armtools/bin/../lib/gcc/arm-atollic-eabi/6.3.1/../../../../arm-atollic-eabi/lib/armv7e-m/fpu\libc_nano.a(lib_a-fwalk.o)
                0x0800aec8                _fwalk_reent
 .text._localeconv_r
                0x0800af04       0x1c c:/program files (x86)/atollic/truestudio for stm32 9.2.0/armtools/bin/../lib/gcc/arm-atollic-eabi/6.3.1/../../../../arm-atollic-eabi/lib/armv7e-m/fpu\libc_nano.a(lib_a-localeconv.o)
                0x0800af04                _localeconv_r
 .text.__swhatbuf_r
                0x0800af20       0x48 c:/program files (x86)/atollic/truestudio for stm32 9.2.0/armtools/bin/../lib/gcc/arm-atollic-eabi/6.3.1/../../../../arm-atollic-eabi/lib/armv7e-m/fpu\libc_nano.a(lib_a-makebuf.o)
                0x0800af20                __swhatbuf_r
 .text.__smakebuf_r
                0x0800af68       0x80 c:/program files (x86)/atollic/truestudio for stm32 9.2.0/armtools/bin/../lib/gcc/arm-atollic-eabi/6.3.1/../../../../arm-atollic-eabi/lib/armv7e-m/fpu\libc_nano.a(lib_a-makebuf.o)
                0x0800af68                __smakebuf_r
 .text.malloc   0x0800afe8       0x10 c:/program files (x86)/atollic/truestudio for stm32 9.2.0/armtools/bin/../lib/gcc/arm-atollic-eabi/6.3.1/../../../../arm-atollic-eabi/lib/armv7e-m/fpu\libc_nano.a(lib_a-malloc.o)
                0x0800afe8                malloc
 .text.__malloc_lock
                0x0800aff8        0x2 c:/program files (x86)/atollic/truestudio for stm32 9.2.0/armtools/bin/../lib/gcc/arm-atollic-eabi/6.3.1/../../../../arm-atollic-eabi/lib/armv7e-m/fpu\libc_nano.a(lib_a-mlock.o)
                0x0800aff8                __malloc_lock
 .text.__malloc_unlock
                0x0800affa        0x2 c:/program files (x86)/atollic/truestudio for stm32 9.2.0/armtools/bin/../lib/gcc/arm-atollic-eabi/6.3.1/../../../../arm-atollic-eabi/lib/armv7e-m/fpu\libc_nano.a(lib_a-mlock.o)
                0x0800affa                __malloc_unlock
 .text._Balloc  0x0800affc       0x68 c:/program files (x86)/atollic/truestudio for stm32 9.2.0/armtools/bin/../lib/gcc/arm-atollic-eabi/6.3.1/../../../../arm-atollic-eabi/lib/armv7e-m/fpu\libc_nano.a(lib_a-mprec.o)
                0x0800affc                _Balloc
 .text._Bfree   0x0800b064       0x2e c:/program files (x86)/atollic/truestudio for stm32 9.2.0/armtools/bin/../lib/gcc/arm-atollic-eabi/6.3.1/../../../../arm-atollic-eabi/lib/armv7e-m/fpu\libc_nano.a(lib_a-mprec.o)
                0x0800b064                _Bfree
 .text.__multadd
                0x0800b092       0x76 c:/program files (x86)/atollic/truestudio for stm32 9.2.0/armtools/bin/../lib/gcc/arm-atollic-eabi/6.3.1/../../../../arm-atollic-eabi/lib/armv7e-m/fpu\libc_nano.a(lib_a-mprec.o)
                0x0800b092                __multadd
 .text.__hi0bits
                0x0800b108       0x3e c:/program files (x86)/atollic/truestudio for stm32 9.2.0/armtools/bin/../lib/gcc/arm-atollic-eabi/6.3.1/../../../../arm-atollic-eabi/lib/armv7e-m/fpu\libc_nano.a(lib_a-mprec.o)
                0x0800b108                __hi0bits
 .text.__lo0bits
                0x0800b146       0x5e c:/program files (x86)/atollic/truestudio for stm32 9.2.0/armtools/bin/../lib/gcc/arm-atollic-eabi/6.3.1/../../../../arm-atollic-eabi/lib/armv7e-m/fpu\libc_nano.a(lib_a-mprec.o)
                0x0800b146                __lo0bits
 .text.__i2b    0x0800b1a4       0x12 c:/program files (x86)/atollic/truestudio for stm32 9.2.0/armtools/bin/../lib/gcc/arm-atollic-eabi/6.3.1/../../../../arm-atollic-eabi/lib/armv7e-m/fpu\libc_nano.a(lib_a-mprec.o)
                0x0800b1a4                __i2b
 .text.__multiply
                0x0800b1b6      0x11a c:/program files (x86)/atollic/truestudio for stm32 9.2.0/armtools/bin/../lib/gcc/arm-atollic-eabi/6.3.1/../../../../arm-atollic-eabi/lib/armv7e-m/fpu\libc_nano.a(lib_a-mprec.o)
                0x0800b1b6                __multiply
 .text.__pow5mult
                0x0800b2d0       0x9c c:/program files (x86)/atollic/truestudio for stm32 9.2.0/armtools/bin/../lib/gcc/arm-atollic-eabi/6.3.1/../../../../arm-atollic-eabi/lib/armv7e-m/fpu\libc_nano.a(lib_a-mprec.o)
                0x0800b2d0                __pow5mult
 .text.__lshift
                0x0800b36c       0xa2 c:/program files (x86)/atollic/truestudio for stm32 9.2.0/armtools/bin/../lib/gcc/arm-atollic-eabi/6.3.1/../../../../arm-atollic-eabi/lib/armv7e-m/fpu\libc_nano.a(lib_a-mprec.o)
                0x0800b36c                __lshift
 .text.__mcmp   0x0800b40e       0x34 c:/program files (x86)/atollic/truestudio for stm32 9.2.0/armtools/bin/../lib/gcc/arm-atollic-eabi/6.3.1/../../../../arm-atollic-eabi/lib/armv7e-m/fpu\libc_nano.a(lib_a-mprec.o)
                0x0800b40e                __mcmp
 .text.__mdiff  0x0800b442       0xbc c:/program files (x86)/atollic/truestudio for stm32 9.2.0/armtools/bin/../lib/gcc/arm-atollic-eabi/6.3.1/../../../../arm-atollic-eabi/lib/armv7e-m/fpu\libc_nano.a(lib_a-mprec.o)
                0x0800b442                __mdiff
 .text.__d2b    0x0800b4fe       0x9e c:/program files (x86)/atollic/truestudio for stm32 9.2.0/armtools/bin/../lib/gcc/arm-atollic-eabi/6.3.1/../../../../arm-atollic-eabi/lib/armv7e-m/fpu\libc_nano.a(lib_a-mprec.o)
                0x0800b4fe                __d2b
 .text._free_r  0x0800b59c       0x9c c:/program files (x86)/atollic/truestudio for stm32 9.2.0/armtools/bin/../lib/gcc/arm-atollic-eabi/6.3.1/../../../../arm-atollic-eabi/lib/armv7e-m/fpu\libc_nano.a(lib_a-nano-freer.o)
                0x0800b59c                _free_r
 .text.__sfputc_r
                0x0800b638       0x30 c:/program files (x86)/atollic/truestudio for stm32 9.2.0/armtools/bin/../lib/gcc/arm-atollic-eabi/6.3.1/../../../../arm-atollic-eabi/lib/armv7e-m/fpu\libc_nano.a(lib_a-nano-vfprintf.o)
 .text.__sfputs_r
                0x0800b668       0x24 c:/program files (x86)/atollic/truestudio for stm32 9.2.0/armtools/bin/../lib/gcc/arm-atollic-eabi/6.3.1/../../../../arm-atollic-eabi/lib/armv7e-m/fpu\libc_nano.a(lib_a-nano-vfprintf.o)
                0x0800b668                __sfputs_r
 .text._vfprintf_r
                0x0800b68c      0x22c c:/program files (x86)/atollic/truestudio for stm32 9.2.0/armtools/bin/../lib/gcc/arm-atollic-eabi/6.3.1/../../../../arm-atollic-eabi/lib/armv7e-m/fpu\libc_nano.a(lib_a-nano-vfprintf.o)
                0x0800b68c                _vfprintf_r
                0x0800b68c                _vfiprintf_r
 .text._putc_r  0x0800b8b8       0x6c c:/program files (x86)/atollic/truestudio for stm32 9.2.0/armtools/bin/../lib/gcc/arm-atollic-eabi/6.3.1/../../../../arm-atollic-eabi/lib/armv7e-m/fpu\libc_nano.a(lib_a-putc.o)
                0x0800b8b8                _putc_r
 .text.__sread  0x0800b924       0x22 c:/program files (x86)/atollic/truestudio for stm32 9.2.0/armtools/bin/../lib/gcc/arm-atollic-eabi/6.3.1/../../../../arm-atollic-eabi/lib/armv7e-m/fpu\libc_nano.a(lib_a-stdio.o)
                0x0800b924                __sread
 .text.__swrite
                0x0800b946       0x38 c:/program files (x86)/atollic/truestudio for stm32 9.2.0/armtools/bin/../lib/gcc/arm-atollic-eabi/6.3.1/../../../../arm-atollic-eabi/lib/armv7e-m/fpu\libc_nano.a(lib_a-stdio.o)
                0x0800b946                __swrite
 .text.__sseek  0x0800b97e       0x24 c:/program files (x86)/atollic/truestudio for stm32 9.2.0/armtools/bin/../lib/gcc/arm-atollic-eabi/6.3.1/../../../../arm-atollic-eabi/lib/armv7e-m/fpu\libc_nano.a(lib_a-stdio.o)
                0x0800b97e                __sseek
 .text.__sclose
                0x0800b9a2        0x8 c:/program files (x86)/atollic/truestudio for stm32 9.2.0/armtools/bin/../lib/gcc/arm-atollic-eabi/6.3.1/../../../../arm-atollic-eabi/lib/armv7e-m/fpu\libc_nano.a(lib_a-stdio.o)
                0x0800b9a2                __sclose
 *fill*         0x0800b9aa        0x2 
 .text._write_r
                0x0800b9ac       0x24 c:/program files (x86)/atollic/truestudio for stm32 9.2.0/armtools/bin/../lib/gcc/arm-atollic-eabi/6.3.1/../../../../arm-atollic-eabi/lib/armv7e-m/fpu\libc_nano.a(lib_a-writer.o)
                0x0800b9ac                _write_r
 .text._close_r
                0x0800b9d0       0x20 c:/program files (x86)/atollic/truestudio for stm32 9.2.0/armtools/bin/../lib/gcc/arm-atollic-eabi/6.3.1/../../../../arm-atollic-eabi/lib/armv7e-m/fpu\libc_nano.a(lib_a-closer.o)
                0x0800b9d0                _close_r
 .text._fstat_r
                0x0800b9f0       0x24 c:/program files (x86)/atollic/truestudio for stm32 9.2.0/armtools/bin/../lib/gcc/arm-atollic-eabi/6.3.1/../../../../arm-atollic-eabi/lib/armv7e-m/fpu\libc_nano.a(lib_a-fstatr.o)
                0x0800b9f0                _fstat_r
 .text._isatty_r
                0x0800ba14       0x20 c:/program files (x86)/atollic/truestudio for stm32 9.2.0/armtools/bin/../lib/gcc/arm-atollic-eabi/6.3.1/../../../../arm-atollic-eabi/lib/armv7e-m/fpu\libc_nano.a(lib_a-isattyr.o)
                0x0800ba14                _isatty_r
 .text._lseek_r
                0x0800ba34       0x24 c:/program files (x86)/atollic/truestudio for stm32 9.2.0/armtools/bin/../lib/gcc/arm-atollic-eabi/6.3.1/../../../../arm-atollic-eabi/lib/armv7e-m/fpu\libc_nano.a(lib_a-lseekr.o)
                0x0800ba34                _lseek_r
 .text.__ascii_mbtowc
                0x0800ba58       0x24 c:/program files (x86)/atollic/truestudio for stm32 9.2.0/armtools/bin/../lib/gcc/arm-atollic-eabi/6.3.1/../../../../arm-atollic-eabi/lib/armv7e-m/fpu\libc_nano.a(lib_a-mbtowc_r.o)
                0x0800ba58                __ascii_mbtowc
 .text._read_r  0x0800ba7c       0x24 c:/program files (x86)/atollic/truestudio for stm32 9.2.0/armtools/bin/../lib/gcc/arm-atollic-eabi/6.3.1/../../../../arm-atollic-eabi/lib/armv7e-m/fpu\libc_nano.a(lib_a-readr.o)
                0x0800ba7c                _read_r
 .text.__ascii_wctomb
                0x0800baa0       0x1a c:/program files (x86)/atollic/truestudio for stm32 9.2.0/armtools/bin/../lib/gcc/arm-atollic-eabi/6.3.1/../../../../arm-atollic-eabi/lib/armv7e-m/fpu\libc_nano.a(lib_a-wctomb_r.o)
                0x0800baa0                __ascii_wctomb
 *fill*         0x0800baba        0x6 
 .text.floor    0x0800bac0      0x108 c:/program files (x86)/atollic/truestudio for stm32 9.2.0/armtools/bin/../lib/gcc/arm-atollic-eabi/6.3.1/../../../../arm-atollic-eabi/lib/armv7e-m/fpu\libm.a(lib_a-s_floor.o)
                0x0800bac0                floor
 .text.tanhf    0x0800bbc8       0xa4 c:/program files (x86)/atollic/truestudio for stm32 9.2.0/armtools/bin/../lib/gcc/arm-atollic-eabi/6.3.1/../../../../arm-atollic-eabi/lib/armv7e-m/fpu\libm.a(lib_a-sf_tanh.o)
                0x0800bbc8                tanhf
 .text.log10    0x0800bc6c      0x100 c:/program files (x86)/atollic/truestudio for stm32 9.2.0/armtools/bin/../lib/gcc/arm-atollic-eabi/6.3.1/../../../../arm-atollic-eabi/lib/armv7e-m/fpu\libm.a(lib_a-w_log10.o)
                0x0800bc6c                log10
 .text.pow      0x0800bd6c      0x2f0 c:/program files (x86)/atollic/truestudio for stm32 9.2.0/armtools/bin/../lib/gcc/arm-atollic-eabi/6.3.1/../../../../arm-atollic-eabi/lib/armv7e-m/fpu\libm.a(lib_a-w_pow.o)
                0x0800bd6c                pow
 .text.sqrt     0x0800c05c       0xb4 c:/program files (x86)/atollic/truestudio for stm32 9.2.0/armtools/bin/../lib/gcc/arm-atollic-eabi/6.3.1/../../../../arm-atollic-eabi/lib/armv7e-m/fpu\libm.a(lib_a-w_sqrt.o)
                0x0800c05c                sqrt
 .text.expf     0x0800c110       0xf4 c:/program files (x86)/atollic/truestudio for stm32 9.2.0/armtools/bin/../lib/gcc/arm-atollic-eabi/6.3.1/../../../../arm-atollic-eabi/lib/armv7e-m/fpu\libm.a(lib_a-wf_exp.o)
                0x0800c110                expf
 .text.powf     0x0800c204      0x2f8 c:/program files (x86)/atollic/truestudio for stm32 9.2.0/armtools/bin/../lib/gcc/arm-atollic-eabi/6.3.1/../../../../arm-atollic-eabi/lib/armv7e-m/fpu\libm.a(lib_a-wf_pow.o)
                0x0800c204                powf
 .text.sqrtf    0x0800c4fc       0xa0 c:/program files (x86)/atollic/truestudio for stm32 9.2.0/armtools/bin/../lib/gcc/arm-atollic-eabi/6.3.1/../../../../arm-atollic-eabi/lib/armv7e-m/fpu\libm.a(lib_a-wf_sqrt.o)
                0x0800c4fc                sqrtf
 *fill*         0x0800c59c        0x4 
 .text.__ieee754_log10
                0x0800c5a0      0x11c c:/program files (x86)/atollic/truestudio for stm32 9.2.0/armtools/bin/../lib/gcc/arm-atollic-eabi/6.3.1/../../../../arm-atollic-eabi/lib/armv7e-m/fpu\libm.a(lib_a-e_log10.o)
                0x0800c5a0                __ieee754_log10
 *fill*         0x0800c6bc        0x4 
 .text.__ieee754_pow
                0x0800c6c0      0xa24 c:/program files (x86)/atollic/truestudio for stm32 9.2.0/armtools/bin/../lib/gcc/arm-atollic-eabi/6.3.1/../../../../arm-atollic-eabi/lib/armv7e-m/fpu\libm.a(lib_a-e_pow.o)
                0x0800c6c0                __ieee754_pow
 .text.__ieee754_sqrt
                0x0800d0e4      0x160 c:/program files (x86)/atollic/truestudio for stm32 9.2.0/armtools/bin/../lib/gcc/arm-atollic-eabi/6.3.1/../../../../arm-atollic-eabi/lib/armv7e-m/fpu\libm.a(lib_a-e_sqrt.o)
                0x0800d0e4                __ieee754_sqrt
 .text.__ieee754_expf
                0x0800d244      0x1a8 c:/program files (x86)/atollic/truestudio for stm32 9.2.0/armtools/bin/../lib/gcc/arm-atollic-eabi/6.3.1/../../../../arm-atollic-eabi/lib/armv7e-m/fpu\libm.a(lib_a-ef_exp.o)
                0x0800d244                __ieee754_expf
 .text.__ieee754_powf
                0x0800d3ec      0x584 c:/program files (x86)/atollic/truestudio for stm32 9.2.0/armtools/bin/../lib/gcc/arm-atollic-eabi/6.3.1/../../../../arm-atollic-eabi/lib/armv7e-m/fpu\libm.a(lib_a-ef_pow.o)
                0x0800d3ec                __ieee754_powf
 .text.__ieee754_sqrtf
                0x0800d970       0x8e c:/program files (x86)/atollic/truestudio for stm32 9.2.0/armtools/bin/../lib/gcc/arm-atollic-eabi/6.3.1/../../../../arm-atollic-eabi/lib/armv7e-m/fpu\libm.a(lib_a-ef_sqrt.o)
                0x0800d970                __ieee754_sqrtf
 .text.fabs     0x0800d9fe        0xe c:/program files (x86)/atollic/truestudio for stm32 9.2.0/armtools/bin/../lib/gcc/arm-atollic-eabi/6.3.1/../../../../arm-atollic-eabi/lib/armv7e-m/fpu\libm.a(lib_a-s_fabs.o)
                0x0800d9fe                fabs
 .text.finite   0x0800da0c       0x10 c:/program files (x86)/atollic/truestudio for stm32 9.2.0/armtools/bin/../lib/gcc/arm-atollic-eabi/6.3.1/../../../../arm-atollic-eabi/lib/armv7e-m/fpu\libm.a(lib_a-s_finite.o)
                0x0800da0c                finite
 .text.matherr  0x0800da1c        0x4 c:/program files (x86)/atollic/truestudio for stm32 9.2.0/armtools/bin/../lib/gcc/arm-atollic-eabi/6.3.1/../../../../arm-atollic-eabi/lib/armv7e-m/fpu\libm.a(lib_a-s_matherr.o)
                0x0800da1c                matherr
 .text.nan      0x0800da20       0x10 c:/program files (x86)/atollic/truestudio for stm32 9.2.0/armtools/bin/../lib/gcc/arm-atollic-eabi/6.3.1/../../../../arm-atollic-eabi/lib/armv7e-m/fpu\libm.a(lib_a-s_nan.o)
                0x0800da20                nan
 .text.rint     0x0800da30      0x110 c:/program files (x86)/atollic/truestudio for stm32 9.2.0/armtools/bin/../lib/gcc/arm-atollic-eabi/6.3.1/../../../../arm-atollic-eabi/lib/armv7e-m/fpu\libm.a(lib_a-s_rint.o)
                0x0800da30                rint
 .text.scalbn   0x0800db40       0xf4 c:/program files (x86)/atollic/truestudio for stm32 9.2.0/armtools/bin/../lib/gcc/arm-atollic-eabi/6.3.1/../../../../arm-atollic-eabi/lib/armv7e-m/fpu\libm.a(lib_a-s_scalbn.o)
                0x0800db40                scalbn
 .text.expm1f   0x0800dc34      0x258 c:/program files (x86)/atollic/truestudio for stm32 9.2.0/armtools/bin/../lib/gcc/arm-atollic-eabi/6.3.1/../../../../arm-atollic-eabi/lib/armv7e-m/fpu\libm.a(lib_a-sf_expm1.o)
                0x0800dc34                expm1f
 .text.fabsf    0x0800de8c        0xe c:/program files (x86)/atollic/truestudio for stm32 9.2.0/armtools/bin/../lib/gcc/arm-atollic-eabi/6.3.1/../../../../arm-atollic-eabi/lib/armv7e-m/fpu\libm.a(lib_a-sf_fabs.o)
                0x0800de8c                fabsf
 .text.finitef  0x0800de9a       0x14 c:/program files (x86)/atollic/truestudio for stm32 9.2.0/armtools/bin/../lib/gcc/arm-atollic-eabi/6.3.1/../../../../arm-atollic-eabi/lib/armv7e-m/fpu\libm.a(lib_a-sf_finite.o)
                0x0800de9a                finitef
 *fill*         0x0800deae        0x2 
 .text.nanf     0x0800deb0        0xc c:/program files (x86)/atollic/truestudio for stm32 9.2.0/armtools/bin/../lib/gcc/arm-atollic-eabi/6.3.1/../../../../arm-atollic-eabi/lib/armv7e-m/fpu\libm.a(lib_a-sf_nan.o)
                0x0800deb0                nanf
 .text.scalbnf  0x0800debc       0xc0 c:/program files (x86)/atollic/truestudio for stm32 9.2.0/armtools/bin/../lib/gcc/arm-atollic-eabi/6.3.1/../../../../arm-atollic-eabi/lib/armv7e-m/fpu\libm.a(lib_a-sf_scalbn.o)
                0x0800debc                scalbnf
 *fill*         0x0800df7c        0x4 
 .text.__ieee754_log
                0x0800df80      0x3b0 c:/program files (x86)/atollic/truestudio for stm32 9.2.0/armtools/bin/../lib/gcc/arm-atollic-eabi/6.3.1/../../../../arm-atollic-eabi/lib/armv7e-m/fpu\libm.a(lib_a-e_log.o)
                0x0800df80                __ieee754_log
 .text.copysign
                0x0800e330       0x1a c:/program files (x86)/atollic/truestudio for stm32 9.2.0/armtools/bin/../lib/gcc/arm-atollic-eabi/6.3.1/../../../../arm-atollic-eabi/lib/armv7e-m/fpu\libm.a(lib_a-s_copysign.o)
                0x0800e330                copysign
 .text.copysignf
                0x0800e34a       0x18 c:/program files (x86)/atollic/truestudio for stm32 9.2.0/armtools/bin/../lib/gcc/arm-atollic-eabi/6.3.1/../../../../arm-atollic-eabi/lib/armv7e-m/fpu\libm.a(lib_a-sf_copysign.o)
                0x0800e34a                copysignf
 *(.glue_7)
 .glue_7        0x0800e362        0x0 linker stubs
 *(.glue_7t)
 .glue_7t       0x0800e362        0x0 linker stubs
 *(.eh_frame)
 *fill*         0x0800e362        0x2 
 .eh_frame      0x0800e364        0x0 c:/program files (x86)/atollic/truestudio for stm32 9.2.0/armtools/bin/../lib/gcc/arm-atollic-eabi/6.3.1/armv7e-m/fpu/crtbegin.o
 *(.init)
 .init          0x0800e364        0x4 c:/program files (x86)/atollic/truestudio for stm32 9.2.0/armtools/bin/../lib/gcc/arm-atollic-eabi/6.3.1/armv7e-m/fpu/crti.o
                0x0800e364                _init
 .init          0x0800e368        0x8 c:/program files (x86)/atollic/truestudio for stm32 9.2.0/armtools/bin/../lib/gcc/arm-atollic-eabi/6.3.1/armv7e-m/fpu/crtn.o
 *(.fini)
 .fini          0x0800e370        0x4 c:/program files (x86)/atollic/truestudio for stm32 9.2.0/armtools/bin/../lib/gcc/arm-atollic-eabi/6.3.1/armv7e-m/fpu/crti.o
                0x0800e370                _fini
 .fini          0x0800e374        0x8 c:/program files (x86)/atollic/truestudio for stm32 9.2.0/armtools/bin/../lib/gcc/arm-atollic-eabi/6.3.1/armv7e-m/fpu/crtn.o
                0x0800e37c                . = ALIGN (0x4)
                0x0800e37c                _etext = .

.vfp11_veneer   0x0800e37c        0x0
 .vfp11_veneer  0x0800e37c        0x0 linker stubs

.v4_bx          0x0800e37c        0x0
 .v4_bx         0x0800e37c        0x0 linker stubs

.iplt           0x0800e37c        0x0
 .iplt          0x0800e37c        0x0 c:/program files (x86)/atollic/truestudio for stm32 9.2.0/armtools/bin/../lib/gcc/arm-atollic-eabi/6.3.1/armv7e-m/fpu/crtbegin.o

.rodata         0x0800e380    0x2e0c8
                0x0800e380                . = ALIGN (0x4)
 *(.rodata)
 .rodata        0x0800e380       0x20 Src\ai.o
 .rodata        0x0800e3a0      0x130 Src\app_x-cube-ai.o
 *(.rodata*)
 .rodata.CSWTCH.51
                0x0800e4d0        0x4 Drivers\STM32L4xx_HAL_Driver\Src\stm32l4xx_hal_uart.o
 .rodata.CSWTCH.52
                0x0800e4d4        0xd Drivers\STM32L4xx_HAL_Driver\Src\stm32l4xx_hal_uart.o
 *fill*         0x0800e4e1        0x3 
 .rodata.s_network_weights.5391
                0x0800e4e4    0x19e38 Middlewares\ST\AI\AI\data\network_data.o
 .rodata.ai_network_get_info.str1.1
                0x0802831c       0x5e Middlewares\ST\AI\AI\src\network.o
 *fill*         0x0802837a        0x2 
 .rodata.conv2d_4_chain
                0x0802837c        0x4 Middlewares\ST\AI\AI\src\network.o
 .rodata.conv2d_5_chain
                0x08028380        0x4 Middlewares\ST\AI\AI\src\network.o
 .rodata.conv2d_6_chain
                0x08028384        0x4 Middlewares\ST\AI\AI\src\network.o
 .rodata.dense_3_chain
                0x08028388        0x4 Middlewares\ST\AI\AI\src\network.o
 .rodata.dense_3_nl_chain
                0x0802838c        0x4 Middlewares\ST\AI\AI\src\network.o
 .rodata.dense_4_chain
                0x08028390        0x4 Middlewares\ST\AI\AI\src\network.o
 .rodata.dense_4_nl_chain
                0x08028394        0x4 Middlewares\ST\AI\AI\src\network.o
 .rodata.ai_init.str1.1
                0x08028398       0x3e Src\ai.o
 .rodata.MX_X_CUBE_AI_Process.str1.1
                0x080283d6        0x5 Src\app_x-cube-ai.o
 .rodata.ai_mnetwork_find.str1.1
                0x080283db        0x8 Src\app_x-cube-ai.o
 *fill*         0x080283db        0x1 
 .rodata.networks
                0x080283dc       0x48 Src\app_x-cube-ai.o
 .rodata.dump.str1.1
                0x08028424       0x30 Src\main.o
                                 0x32 (size before relaxing)
 .rodata.AHBPrescTable
                0x08028454       0x10 Src\system_stm32l4xx.o
                0x08028454                AHBPrescTable
 .rodata.APBPrescTable
                0x08028464        0x8 Src\system_stm32l4xx.o
                0x08028464                APBPrescTable
 .rodata.MSIRangeTable
                0x0802846c       0x30 Src\system_stm32l4xx.o
                0x0802846c                MSIRangeTable
 .rodata.twiddleCoef_2048
                0x0802849c     0x4000 ../Drivers/CMSIS/Lib\libarm_cortexM4lf_math.a(arm_common_tables.o)
                0x0802849c                twiddleCoef_2048
 .rodata.twiddleCoef_rfft_64
                0x0802c49c      0x100 ../Drivers/CMSIS/Lib\libarm_cortexM4lf_math.a(arm_common_tables.o)
                0x0802c49c                twiddleCoef_rfft_64
 .rodata.armBitRevIndexTable64
                0x0802c59c       0x70 ../Drivers/CMSIS/Lib\libarm_cortexM4lf_math.a(arm_common_tables.o)
                0x0802c59c                armBitRevIndexTable64
 .rodata.twiddleCoef_rfft_2048
                0x0802c60c     0x2000 ../Drivers/CMSIS/Lib\libarm_cortexM4lf_math.a(arm_common_tables.o)
                0x0802c60c                twiddleCoef_rfft_2048
 .rodata.twiddleCoef_rfft_4096
                0x0802e60c     0x4000 ../Drivers/CMSIS/Lib\libarm_cortexM4lf_math.a(arm_common_tables.o)
                0x0802e60c                twiddleCoef_rfft_4096
 .rodata.twiddleCoef_256
                0x0803260c      0x800 ../Drivers/CMSIS/Lib\libarm_cortexM4lf_math.a(arm_common_tables.o)
                0x0803260c                twiddleCoef_256
 .rodata.twiddleCoef_16
                0x08032e0c       0x80 ../Drivers/CMSIS/Lib\libarm_cortexM4lf_math.a(arm_common_tables.o)
                0x08032e0c                twiddleCoef_16
 .rodata.twiddleCoef_1024
                0x08032e8c     0x2000 ../Drivers/CMSIS/Lib\libarm_cortexM4lf_math.a(arm_common_tables.o)
                0x08032e8c                twiddleCoef_1024
 .rodata.twiddleCoef_32
                0x08034e8c      0x100 ../Drivers/CMSIS/Lib\libarm_cortexM4lf_math.a(arm_common_tables.o)
                0x08034e8c                twiddleCoef_32
 .rodata.armBitRevIndexTable1024
                0x08034f8c      0xe10 ../Drivers/CMSIS/Lib\libarm_cortexM4lf_math.a(arm_common_tables.o)
                0x08034f8c                armBitRevIndexTable1024
 .rodata.armBitRevIndexTable16
                0x08035d9c       0x28 ../Drivers/CMSIS/Lib\libarm_cortexM4lf_math.a(arm_common_tables.o)
                0x08035d9c                armBitRevIndexTable16
 .rodata.twiddleCoef_rfft_32
                0x08035dc4       0x80 ../Drivers/CMSIS/Lib\libarm_cortexM4lf_math.a(arm_common_tables.o)
                0x08035dc4                twiddleCoef_rfft_32
 .rodata.armBitRevIndexTable32
                0x08035e44       0x60 ../Drivers/CMSIS/Lib\libarm_cortexM4lf_math.a(arm_common_tables.o)
                0x08035e44                armBitRevIndexTable32
 .rodata.sinTable_f32
                0x08035ea4      0x804 ../Drivers/CMSIS/Lib\libarm_cortexM4lf_math.a(arm_common_tables.o)
                0x08035ea4                sinTable_f32
 .rodata.twiddleCoef_128
                0x080366a8      0x400 ../Drivers/CMSIS/Lib\libarm_cortexM4lf_math.a(arm_common_tables.o)
                0x080366a8                twiddleCoef_128
 .rodata.twiddleCoef_512
                0x08036aa8     0x1000 ../Drivers/CMSIS/Lib\libarm_cortexM4lf_math.a(arm_common_tables.o)
                0x08036aa8                twiddleCoef_512
 .rodata.armBitRevIndexTable2048
                0x08037aa8     0x1dc0 ../Drivers/CMSIS/Lib\libarm_cortexM4lf_math.a(arm_common_tables.o)
                0x08037aa8                armBitRevIndexTable2048
 .rodata.twiddleCoef_64
                0x08039868      0x200 ../Drivers/CMSIS/Lib\libarm_cortexM4lf_math.a(arm_common_tables.o)
                0x08039868                twiddleCoef_64
 .rodata.twiddleCoef_rfft_512
                0x08039a68      0x800 ../Drivers/CMSIS/Lib\libarm_cortexM4lf_math.a(arm_common_tables.o)
                0x08039a68                twiddleCoef_rfft_512
 .rodata.armBitRevIndexTable512
                0x0803a268      0x380 ../Drivers/CMSIS/Lib\libarm_cortexM4lf_math.a(arm_common_tables.o)
                0x0803a268                armBitRevIndexTable512
 .rodata.twiddleCoef_rfft_1024
                0x0803a5e8     0x1000 ../Drivers/CMSIS/Lib\libarm_cortexM4lf_math.a(arm_common_tables.o)
                0x0803a5e8                twiddleCoef_rfft_1024
 .rodata.twiddleCoef_rfft_256
                0x0803b5e8      0x400 ../Drivers/CMSIS/Lib\libarm_cortexM4lf_math.a(arm_common_tables.o)
                0x0803b5e8                twiddleCoef_rfft_256
 .rodata.armBitRevIndexTable256
                0x0803b9e8      0x370 ../Drivers/CMSIS/Lib\libarm_cortexM4lf_math.a(arm_common_tables.o)
                0x0803b9e8                armBitRevIndexTable256
 .rodata.twiddleCoef_rfft_128
                0x0803bd58      0x200 ../Drivers/CMSIS/Lib\libarm_cortexM4lf_math.a(arm_common_tables.o)
                0x0803bd58                twiddleCoef_rfft_128
 .rodata.armBitRevIndexTable128
                0x0803bf58      0x1a0 ../Drivers/CMSIS/Lib\libarm_cortexM4lf_math.a(arm_common_tables.o)
                0x0803bf58                armBitRevIndexTable128
 .rodata._global_impure_ptr
                0x0803c0f8        0x4 c:/program files (x86)/atollic/truestudio for stm32 9.2.0/armtools/bin/../lib/gcc/arm-atollic-eabi/6.3.1/../../../../arm-atollic-eabi/lib/armv7e-m/fpu\libc_nano.a(lib_a-impure.o)
                0x0803c0f8                _global_impure_ptr
 .rodata._printf_float.str1.1
                0x0803c0fc       0x10 c:/program files (x86)/atollic/truestudio for stm32 9.2.0/armtools/bin/../lib/gcc/arm-atollic-eabi/6.3.1/../../../../arm-atollic-eabi/lib/armv7e-m/fpu\libc_nano.a(lib_a-nano-vfprintf_float.o)
                                 0x12 (size before relaxing)
 .rodata._printf_i.str1.1
                0x0803c10c       0x22 c:/program files (x86)/atollic/truestudio for stm32 9.2.0/armtools/bin/../lib/gcc/arm-atollic-eabi/6.3.1/../../../../arm-atollic-eabi/lib/armv7e-m/fpu\libc_nano.a(lib_a-nano-vfprintf_i.o)
 .rodata._dtoa_r.str1.1
                0x0803c12e        0xd c:/program files (x86)/atollic/truestudio for stm32 9.2.0/armtools/bin/../lib/gcc/arm-atollic-eabi/6.3.1/../../../../arm-atollic-eabi/lib/armv7e-m/fpu\libc_nano.a(lib_a-dtoa.o)
                                  0xf (size before relaxing)
 *fill*         0x0803c13b        0x1 
 .rodata.__sf_fake_stderr
                0x0803c13c       0x20 c:/program files (x86)/atollic/truestudio for stm32 9.2.0/armtools/bin/../lib/gcc/arm-atollic-eabi/6.3.1/../../../../arm-atollic-eabi/lib/armv7e-m/fpu\libc_nano.a(lib_a-findfp.o)
                0x0803c13c                __sf_fake_stderr
 .rodata.__sf_fake_stdin
                0x0803c15c       0x20 c:/program files (x86)/atollic/truestudio for stm32 9.2.0/armtools/bin/../lib/gcc/arm-atollic-eabi/6.3.1/../../../../arm-atollic-eabi/lib/armv7e-m/fpu\libc_nano.a(lib_a-findfp.o)
                0x0803c15c                __sf_fake_stdin
 .rodata.__sf_fake_stdout
                0x0803c17c       0x20 c:/program files (x86)/atollic/truestudio for stm32 9.2.0/armtools/bin/../lib/gcc/arm-atollic-eabi/6.3.1/../../../../arm-atollic-eabi/lib/armv7e-m/fpu\libc_nano.a(lib_a-findfp.o)
                0x0803c17c                __sf_fake_stdout
 *fill*         0x0803c19c        0x4 
 .rodata.__mprec_bigtens
                0x0803c1a0       0x28 c:/program files (x86)/atollic/truestudio for stm32 9.2.0/armtools/bin/../lib/gcc/arm-atollic-eabi/6.3.1/../../../../arm-atollic-eabi/lib/armv7e-m/fpu\libc_nano.a(lib_a-mprec.o)
                0x0803c1a0                __mprec_bigtens
 .rodata.__mprec_tens
                0x0803c1c8       0xc8 c:/program files (x86)/atollic/truestudio for stm32 9.2.0/armtools/bin/../lib/gcc/arm-atollic-eabi/6.3.1/../../../../arm-atollic-eabi/lib/armv7e-m/fpu\libc_nano.a(lib_a-mprec.o)
                0x0803c1c8                __mprec_tens
 .rodata.p05.7175
                0x0803c290        0xc c:/program files (x86)/atollic/truestudio for stm32 9.2.0/armtools/bin/../lib/gcc/arm-atollic-eabi/6.3.1/../../../../arm-atollic-eabi/lib/armv7e-m/fpu\libc_nano.a(lib_a-mprec.o)
 .rodata._vfprintf_r.str1.1
                0x0803c29c       0x11 c:/program files (x86)/atollic/truestudio for stm32 9.2.0/armtools/bin/../lib/gcc/arm-atollic-eabi/6.3.1/../../../../arm-atollic-eabi/lib/armv7e-m/fpu\libc_nano.a(lib_a-nano-vfprintf.o)
 .rodata._setlocale_r.str1.1
                0x0803c2ad        0x8 c:/program files (x86)/atollic/truestudio for stm32 9.2.0/armtools/bin/../lib/gcc/arm-atollic-eabi/6.3.1/../../../../arm-atollic-eabi/lib/armv7e-m/fpu\libc_nano.a(lib_a-locale.o)
                                  0x9 (size before relaxing)
 .rodata.str1.1
                0x0803c2b5        0x2 c:/program files (x86)/atollic/truestudio for stm32 9.2.0/armtools/bin/../lib/gcc/arm-atollic-eabi/6.3.1/../../../../arm-atollic-eabi/lib/armv7e-m/fpu\libc_nano.a(lib_a-locale.o)
 .rodata._ctype_
                0x0803c2b7      0x101 c:/program files (x86)/atollic/truestudio for stm32 9.2.0/armtools/bin/../lib/gcc/arm-atollic-eabi/6.3.1/../../../../arm-atollic-eabi/lib/armv7e-m/fpu\libc_nano.a(lib_a-ctype_.o)
                0x0803c2b7                _ctype_
 .rodata.log10.str1.1
                0x0803c3b8        0x6 c:/program files (x86)/atollic/truestudio for stm32 9.2.0/armtools/bin/../lib/gcc/arm-atollic-eabi/6.3.1/../../../../arm-atollic-eabi/lib/armv7e-m/fpu\libm.a(lib_a-w_log10.o)
                                  0x7 (size before relaxing)
 .rodata.pow.str1.1
                0x0803c3be        0x4 c:/program files (x86)/atollic/truestudio for stm32 9.2.0/armtools/bin/../lib/gcc/arm-atollic-eabi/6.3.1/../../../../arm-atollic-eabi/lib/armv7e-m/fpu\libm.a(lib_a-w_pow.o)
 .rodata.sqrt.str1.1
                0x0803c3c2        0x5 c:/program files (x86)/atollic/truestudio for stm32 9.2.0/armtools/bin/../lib/gcc/arm-atollic-eabi/6.3.1/../../../../arm-atollic-eabi/lib/armv7e-m/fpu\libm.a(lib_a-w_sqrt.o)
 .rodata.expf.str1.1
                0x0803c3c7        0x5 c:/program files (x86)/atollic/truestudio for stm32 9.2.0/armtools/bin/../lib/gcc/arm-atollic-eabi/6.3.1/../../../../arm-atollic-eabi/lib/armv7e-m/fpu\libm.a(lib_a-wf_exp.o)
 .rodata.powf.str1.1
                0x0803c3cc        0x5 c:/program files (x86)/atollic/truestudio for stm32 9.2.0/armtools/bin/../lib/gcc/arm-atollic-eabi/6.3.1/../../../../arm-atollic-eabi/lib/armv7e-m/fpu\libm.a(lib_a-wf_pow.o)
 .rodata.sqrtf.str1.1
                0x0803c3d1        0x6 c:/program files (x86)/atollic/truestudio for stm32 9.2.0/armtools/bin/../lib/gcc/arm-atollic-eabi/6.3.1/../../../../arm-atollic-eabi/lib/armv7e-m/fpu\libm.a(lib_a-wf_sqrt.o)
 .rodata.__ieee754_pow.str1.1
                0x0803c3d7        0x1 c:/program files (x86)/atollic/truestudio for stm32 9.2.0/armtools/bin/../lib/gcc/arm-atollic-eabi/6.3.1/../../../../arm-atollic-eabi/lib/armv7e-m/fpu\libm.a(lib_a-e_pow.o)
 *fill*         0x0803c3d7        0x1 
 .rodata.bp     0x0803c3d8       0x10 c:/program files (x86)/atollic/truestudio for stm32 9.2.0/armtools/bin/../lib/gcc/arm-atollic-eabi/6.3.1/../../../../arm-atollic-eabi/lib/armv7e-m/fpu\libm.a(lib_a-e_pow.o)
 .rodata.dp_h   0x0803c3e8       0x10 c:/program files (x86)/atollic/truestudio for stm32 9.2.0/armtools/bin/../lib/gcc/arm-atollic-eabi/6.3.1/../../../../arm-atollic-eabi/lib/armv7e-m/fpu\libm.a(lib_a-e_pow.o)
 .rodata.dp_l   0x0803c3f8       0x10 c:/program files (x86)/atollic/truestudio for stm32 9.2.0/armtools/bin/../lib/gcc/arm-atollic-eabi/6.3.1/../../../../arm-atollic-eabi/lib/armv7e-m/fpu\libm.a(lib_a-e_pow.o)
 .rodata.halF   0x0803c408        0x8 c:/program files (x86)/atollic/truestudio for stm32 9.2.0/armtools/bin/../lib/gcc/arm-atollic-eabi/6.3.1/../../../../arm-atollic-eabi/lib/armv7e-m/fpu\libm.a(lib_a-ef_exp.o)
 .rodata.ln2HI  0x0803c410        0x8 c:/program files (x86)/atollic/truestudio for stm32 9.2.0/armtools/bin/../lib/gcc/arm-atollic-eabi/6.3.1/../../../../arm-atollic-eabi/lib/armv7e-m/fpu\libm.a(lib_a-ef_exp.o)
 .rodata.ln2LO  0x0803c418        0x8 c:/program files (x86)/atollic/truestudio for stm32 9.2.0/armtools/bin/../lib/gcc/arm-atollic-eabi/6.3.1/../../../../arm-atollic-eabi/lib/armv7e-m/fpu\libm.a(lib_a-ef_exp.o)
 .rodata.__ieee754_powf.str1.1
                0x0803c420        0x1 c:/program files (x86)/atollic/truestudio for stm32 9.2.0/armtools/bin/../lib/gcc/arm-atollic-eabi/6.3.1/../../../../arm-atollic-eabi/lib/armv7e-m/fpu\libm.a(lib_a-ef_pow.o)
 .rodata.bp     0x0803c420        0x8 c:/program files (x86)/atollic/truestudio for stm32 9.2.0/armtools/bin/../lib/gcc/arm-atollic-eabi/6.3.1/../../../../arm-atollic-eabi/lib/armv7e-m/fpu\libm.a(lib_a-ef_pow.o)
 .rodata.dp_h   0x0803c428        0x8 c:/program files (x86)/atollic/truestudio for stm32 9.2.0/armtools/bin/../lib/gcc/arm-atollic-eabi/6.3.1/../../../../arm-atollic-eabi/lib/armv7e-m/fpu\libm.a(lib_a-ef_pow.o)
 .rodata.dp_l   0x0803c430        0x8 c:/program files (x86)/atollic/truestudio for stm32 9.2.0/armtools/bin/../lib/gcc/arm-atollic-eabi/6.3.1/../../../../arm-atollic-eabi/lib/armv7e-m/fpu\libm.a(lib_a-ef_pow.o)
 .rodata.TWO52  0x0803c438       0x10 c:/program files (x86)/atollic/truestudio for stm32 9.2.0/armtools/bin/../lib/gcc/arm-atollic-eabi/6.3.1/../../../../arm-atollic-eabi/lib/armv7e-m/fpu\libm.a(lib_a-s_rint.o)
                0x0803c448                . = ALIGN (0x4)

.ARM.extab
 *(.ARM.extab* .gnu.linkonce.armextab.*)

.ARM            0x0803c448        0x8
                0x0803c448                __exidx_start = .
 *(.ARM.exidx*)
 .ARM.exidx     0x0803c448        0x8 c:/program files (x86)/atollic/truestudio for stm32 9.2.0/armtools/bin/../lib/gcc/arm-atollic-eabi/6.3.1/armv7e-m/fpu\libgcc.a(_udivmoddi4.o)
                0x0803c450                __exidx_end = .

.rel.dyn        0x0803c450        0x0
 .rel.iplt      0x0803c450        0x0 c:/program files (x86)/atollic/truestudio for stm32 9.2.0/armtools/bin/../lib/gcc/arm-atollic-eabi/6.3.1/armv7e-m/fpu/crtbegin.o

.preinit_array  0x0803c450        0x0
                0x0803c450                PROVIDE (__preinit_array_start, .)
 *(.preinit_array*)
                0x0803c450                PROVIDE (__preinit_array_end, .)

.init_array     0x0803c450        0x4
                0x0803c450                PROVIDE (__init_array_start, .)
 *(SORT(.init_array.*))
 *(.init_array*)
 .init_array    0x0803c450        0x4 c:/program files (x86)/atollic/truestudio for stm32 9.2.0/armtools/bin/../lib/gcc/arm-atollic-eabi/6.3.1/armv7e-m/fpu/crtbegin.o
                0x0803c454                PROVIDE (__init_array_end, .)

.fini_array     0x0803c454        0x4
                [!provide]                PROVIDE (__fini_array_start, .)
 *(SORT(.fini_array.*))
 *(.fini_array*)
 .fini_array    0x0803c454        0x4 c:/program files (x86)/atollic/truestudio for stm32 9.2.0/armtools/bin/../lib/gcc/arm-atollic-eabi/6.3.1/armv7e-m/fpu/crtbegin.o
                [!provide]                PROVIDE (__fini_array_end, .)
                0x0803c458                _sidata = LOADADDR (.data)

.data           0x20000000      0x888 load address 0x0803c458
                0x20000000                . = ALIGN (0x4)
                0x20000000                _sdata = .
 *(.data)
 *(.data*)
 .data.__compound_literal.0
                0x20000000        0x8 Middlewares\ST\AI\AI\src\network.o
 .data.__compound_literal.1
                0x20000008        0x8 Middlewares\ST\AI\AI\src\network.o
 .data.__compound_literal.10
                0x20000010        0x8 Middlewares\ST\AI\AI\src\network.o
 .data.__compound_literal.11
                0x20000018        0x8 Middlewares\ST\AI\AI\src\network.o
 .data.__compound_literal.12
                0x20000020        0xc Middlewares\ST\AI\AI\src\network.o
 .data.__compound_literal.14
                0x2000002c       0x10 Middlewares\ST\AI\AI\src\network.o
 .data.__compound_literal.15
                0x2000003c        0x8 Middlewares\ST\AI\AI\src\network.o
 .data.__compound_literal.16
                0x20000044        0x8 Middlewares\ST\AI\AI\src\network.o
 .data.__compound_literal.17
                0x2000004c        0xc Middlewares\ST\AI\AI\src\network.o
 .data.__compound_literal.19
                0x20000058       0x10 Middlewares\ST\AI\AI\src\network.o
 .data.__compound_literal.2
                0x20000068        0xc Middlewares\ST\AI\AI\src\network.o
 .data.__compound_literal.20
                0x20000074        0x8 Middlewares\ST\AI\AI\src\network.o
 .data.__compound_literal.21
                0x2000007c        0x8 Middlewares\ST\AI\AI\src\network.o
 .data.__compound_literal.24
                0x20000084       0x10 Middlewares\ST\AI\AI\src\network.o
 .data.__compound_literal.25
                0x20000094        0x8 Middlewares\ST\AI\AI\src\network.o
 .data.__compound_literal.26
                0x2000009c        0x8 Middlewares\ST\AI\AI\src\network.o
 .data.__compound_literal.27
                0x200000a4        0xc Middlewares\ST\AI\AI\src\network.o