stm32l4xx_hal_dac_ex.c:129:19:HAL_DACEx_TriangleWaveGenerate	12	static
stm32l4xx_hal_dac_ex.c:178:19:HAL_DACEx_NoiseWaveGenerate	12	static
stm32l4xx_hal_dac_ex.c:222:19:HAL_DACEx_DualSetValue	0	static
stm32l4xx_hal_dac_ex.c:257:13:HAL_DACEx_ConvCpltCallbackCh2	0	static
stm32l4xx_hal_dac_ex.c:273:13:HAL_DACEx_ConvHalfCpltCallbackCh2	0	static
stm32l4xx_hal_dac_ex.c:289:13:HAL_DACEx_ErrorCallbackCh2	0	static
stm32l4xx_hal_dac_ex.c:305:13:HAL_DACEx_DMAUnderrunCallbackCh2	0	static
stm32l4xx_hal_dac_ex.c:332:19:HAL_DACEx_SelfCalibrate	56	static
stm32l4xx_hal_dac_ex.c:469:19:HAL_DACEx_SetUserTrimming	16	static
stm32l4xx_hal_dac_ex.c:511:10:HAL_DACEx_GetTrimOffset	0	static
stm32l4xx_hal_dac_ex.c:548:10:HAL_DACEx_DualGetValue	0	static
stm32l4xx_hal_dac_ex.c:588:6:DAC_DMAConvCpltCh2	8	static
stm32l4xx_hal_dac_ex.c:607:6:DAC_DMAHalfConvCpltCh2	8	static
stm32l4xx_hal_dac_ex.c:624:6:DAC_DMAErrorCh2	8	static
