stm32l4xx_hal_dac.c:494:13:HAL_DAC_MspInit	0	static
stm32l4xx_hal_dac.c:388:19:HAL_DAC_Init	8	static
stm32l4xx_hal_dac.c:510:13:HAL_DAC_MspDeInit	0	static
stm32l4xx_hal_dac.c:449:19:HAL_DAC_DeInit	8	static
stm32l4xx_hal_dac.c:552:19:HAL_DAC_Start	12	static
stm32l4xx_hal_dac.c:640:19:HAL_DAC_Stop	8	static
stm32l4xx_hal_dac.c:764:19:HAL_DAC_Start_DMA	24	static
stm32l4xx_hal_dac.c:894:19:HAL_DAC_Stop_DMA	24	static
stm32l4xx_hal_dac.c:1044:19:HAL_DAC_SetValue	16	static
stm32l4xx_hal_dac.c:1076:13:HAL_DAC_ConvCpltCallbackCh1	0	static
stm32l4xx_hal_dac.c:1683:13:DAC_DMAConvCpltCh1	8	static
stm32l4xx_hal_dac.c:1092:13:HAL_DAC_ConvHalfCpltCallbackCh1	0	static
stm32l4xx_hal_dac.c:1702:13:DAC_DMAHalfConvCpltCh1	8	static
stm32l4xx_hal_dac.c:1108:13:HAL_DAC_ErrorCallbackCh1	0	static
stm32l4xx_hal_dac.c:1719:13:DAC_DMAErrorCh1	8	static
stm32l4xx_hal_dac.c:1124:13:HAL_DAC_DMAUnderrunCallbackCh1	0	static
stm32l4xx_hal_dac.c:968:6:HAL_DAC_IRQHandler	8	static
stm32l4xx_hal_dac.c:1163:10:HAL_DAC_GetValue	0	static
stm32l4xx_hal_dac.c:1208:19:HAL_DAC_ConfigChannel	24	static
stm32l4xx_hal_dac.c:1411:22:HAL_DAC_GetState	0	static
stm32l4xx_hal_dac.c:1424:10:HAL_DAC_GetError	0	static
