stm32l4xx_hal_tim.c:5999:13:TIM_OC1_SetConfig	16	static
stm32l4xx_hal_tim.c:6150:13:TIM_OC3_SetConfig	16	static
stm32l4xx_hal_tim.c:6224:13:TIM_OC4_SetConfig	12	static
stm32l4xx_hal_tim.c:6284:13:TIM_OC5_SetConfig	12	static
stm32l4xx_hal_tim.c:6337:13:TIM_OC6_SetConfig	12	static
stm32l4xx_hal_tim.c:356:13:HAL_TIM_Base_MspInit	0	static
stm32l4xx_hal_tim.c:371:13:HAL_TIM_Base_MspDeInit	0	static
stm32l4xx_hal_tim.c:320:19:HAL_TIM_Base_DeInit	8	static
stm32l4xx_hal_tim.c:387:19:HAL_TIM_Base_Start	0	static
stm32l4xx_hal_tim.c:416:19:HAL_TIM_Base_Stop	0	static
stm32l4xx_hal_tim.c:439:19:HAL_TIM_Base_Start_IT	0	static
stm32l4xx_hal_tim.c:465:19:HAL_TIM_Base_Stop_IT	0	static
stm32l4xx_hal_tim.c:486:19:HAL_TIM_Base_Start_DMA	8	static
stm32l4xx_hal_tim.c:545:19:HAL_TIM_Base_Stop_DMA	8	static
stm32l4xx_hal_tim.c:688:13:HAL_TIM_OC_MspInit	0	static
stm32l4xx_hal_tim.c:703:13:HAL_TIM_OC_MspDeInit	0	static
stm32l4xx_hal_tim.c:652:19:HAL_TIM_OC_DeInit	8	static
stm32l4xx_hal_tim.c:1265:13:HAL_TIM_PWM_MspInit	0	static
stm32l4xx_hal_tim.c:1280:13:HAL_TIM_PWM_MspDeInit	0	static
stm32l4xx_hal_tim.c:1229:19:HAL_TIM_PWM_DeInit	8	static
stm32l4xx_hal_tim.c:1843:13:HAL_TIM_IC_MspInit	0	static
stm32l4xx_hal_tim.c:1858:13:HAL_TIM_IC_MspDeInit	0	static
stm32l4xx_hal_tim.c:1807:19:HAL_TIM_IC_DeInit	8	static
stm32l4xx_hal_tim.c:2389:13:HAL_TIM_OnePulse_MspInit	0	static
stm32l4xx_hal_tim.c:2404:13:HAL_TIM_OnePulse_MspDeInit	0	static
stm32l4xx_hal_tim.c:2353:19:HAL_TIM_OnePulse_DeInit	8	static
stm32l4xx_hal_tim.c:2423:19:HAL_TIM_OnePulse_Start	0	static
stm32l4xx_hal_tim.c:2459:19:HAL_TIM_OnePulse_Stop	0	static
stm32l4xx_hal_tim.c:2495:19:HAL_TIM_OnePulse_Start_IT	0	static
stm32l4xx_hal_tim.c:2537:19:HAL_TIM_OnePulse_Stop_IT	0	static
stm32l4xx_hal_tim.c:2748:13:HAL_TIM_Encoder_MspInit	0	static
stm32l4xx_hal_tim.c:2763:13:HAL_TIM_Encoder_MspDeInit	0	static
stm32l4xx_hal_tim.c:2712:19:HAL_TIM_Encoder_DeInit	8	static
stm32l4xx_hal_tim.c:2783:19:HAL_TIM_Encoder_Start	0	static
stm32l4xx_hal_tim.c:2827:19:HAL_TIM_Encoder_Stop	0	static
stm32l4xx_hal_tim.c:2873:19:HAL_TIM_Encoder_Start_IT	0	static
stm32l4xx_hal_tim.c:2923:19:HAL_TIM_Encoder_Stop_IT	0	static
stm32l4xx_hal_tim.c:2977:19:HAL_TIM_Encoder_Start_DMA	32	static
stm32l4xx_hal_tim.c:3112:19:HAL_TIM_Encoder_Stop_DMA	8	static
stm32l4xx_hal_tim.c:3897:19:HAL_TIM_DMABurst_WriteStart	24	static
stm32l4xx_hal_tim.c:4168:19:HAL_TIM_DMABurst_ReadStart	24	static
stm32l4xx_hal_tim.c:4332:19:HAL_TIM_DMABurst_ReadStop	16	static
stm32l4xx_hal_tim.c:4066:19:HAL_TIM_DMABurst_WriteStop	0	static
stm32l4xx_hal_tim.c:4411:19:HAL_TIM_GenerateEvent	0	static
stm32l4xx_hal_tim.c:4763:19:HAL_TIM_ConfigTI1Input	0	static
stm32l4xx_hal_tim.c:4878:10:HAL_TIM_ReadCapturedValue	0	static
stm32l4xx_hal_tim.c:4962:13:HAL_TIM_PeriodElapsedCallback	0	static
stm32l4xx_hal_tim.c:5878:13:TIM_DMAPeriodElapsedCplt	8	static
stm32l4xx_hal_tim.c:4977:13:HAL_TIM_PeriodElapsedHalfCpltCallback	0	static
stm32l4xx_hal_tim.c:5896:13:TIM_DMAPeriodElapsedHalfCplt	8	static
stm32l4xx_hal_tim.c:4992:13:HAL_TIM_OC_DelayElapsedCallback	0	static
stm32l4xx_hal_tim.c:5007:13:HAL_TIM_IC_CaptureCallback	0	static
stm32l4xx_hal_tim.c:5796:6:TIM_DMACaptureCplt	8	static
stm32l4xx_hal_tim.c:5022:13:HAL_TIM_IC_CaptureHalfCpltCallback	0	static
stm32l4xx_hal_tim.c:5837:6:TIM_DMACaptureHalfCplt	8	static
stm32l4xx_hal_tim.c:5037:13:HAL_TIM_PWM_PulseFinishedCallback	0	static
stm32l4xx_hal_tim.c:5714:6:TIM_DMADelayPulseCplt	8	static
stm32l4xx_hal_tim.c:5052:13:HAL_TIM_PWM_PulseFinishedHalfCpltCallback	0	static
stm32l4xx_hal_tim.c:5755:6:TIM_DMADelayPulseHalfCplt	8	static
stm32l4xx_hal_tim.c:5067:13:HAL_TIM_TriggerCallback	0	static
stm32l4xx_hal_tim.c:3178:6:HAL_TIM_IRQHandler	8	static
stm32l4xx_hal_tim.c:5914:13:TIM_DMATriggerCplt	8	static
stm32l4xx_hal_tim.c:5082:13:HAL_TIM_TriggerHalfCpltCallback	0	static
stm32l4xx_hal_tim.c:5932:13:TIM_DMATriggerHalfCplt	8	static
stm32l4xx_hal_tim.c:5097:13:HAL_TIM_ErrorCallback	0	static
stm32l4xx_hal_tim.c:5696:6:TIM_DMAError	8	static
stm32l4xx_hal_tim.c:5624:22:HAL_TIM_Base_GetState	0	static
stm32l4xx_hal_tim.c:5634:22:HAL_TIM_OC_GetState	0	static
stm32l4xx_hal_tim.c:5644:22:HAL_TIM_PWM_GetState	0	static
stm32l4xx_hal_tim.c:5654:22:HAL_TIM_IC_GetState	0	static
stm32l4xx_hal_tim.c:5664:22:HAL_TIM_OnePulse_GetState	0	static
stm32l4xx_hal_tim.c:5674:22:HAL_TIM_Encoder_GetState	0	static
stm32l4xx_hal_tim.c:5951:6:TIM_Base_SetConfig	0	static
stm32l4xx_hal_tim.c:268:19:HAL_TIM_Base_Init	8	static
stm32l4xx_hal_tim.c:600:19:HAL_TIM_OC_Init	8	static
stm32l4xx_hal_tim.c:1177:19:HAL_TIM_PWM_Init	8	static
stm32l4xx_hal_tim.c:1755:19:HAL_TIM_IC_Init	8	static
stm32l4xx_hal_tim.c:2294:19:HAL_TIM_OnePulse_Init	16	static
stm32l4xx_hal_tim.c:2607:19:HAL_TIM_Encoder_Init	24	static
stm32l4xx_hal_tim.c:6074:6:TIM_OC2_SetConfig	16	static
stm32l4xx_hal_tim.c:3408:19:HAL_TIM_OC_ConfigChannel	8	static
stm32l4xx_hal_tim.c:3607:19:HAL_TIM_PWM_ConfigChannel	16	static
stm32l4xx_hal_tim.c:6522:6:TIM_TI1_SetConfig	16	static
stm32l4xx_hal_tim.c:3508:19:HAL_TIM_IC_ConfigChannel	24	static
stm32l4xx_hal_tim.c:3752:19:HAL_TIM_OnePulse_ConfigChannel	48	static
stm32l4xx_hal_tim.c:6816:6:TIM_ETR_SetConfig	8	static
stm32l4xx_hal_tim.c:4450:19:HAL_TIM_ConfigOCrefClear	16	static
stm32l4xx_hal_tim.c:4611:19:HAL_TIM_ConfigClockSource	16	static
stm32l4xx_hal_tim.c:6391:26:TIM_SlaveTimer_SetConfig	16	static
stm32l4xx_hal_tim.c:4795:19:HAL_TIM_SlaveConfigSynchro	16	static
stm32l4xx_hal_tim.c:4835:19:HAL_TIM_SlaveConfigSynchro_IT	16	static
stm32l4xx_hal_tim.c:6848:6:TIM_CCxChannelCmd	8	static
stm32l4xx_hal_tim.c:766:19:HAL_TIM_OC_Stop	8	static
stm32l4xx_hal_tim.c:1303:19:HAL_TIM_PWM_Start	8	static
stm32l4xx_hal_tim.c:726:19:HAL_TIM_OC_Start	0	static
stm32l4xx_hal_tim.c:1343:19:HAL_TIM_PWM_Stop	8	static
stm32l4xx_hal_tim.c:1378:19:HAL_TIM_PWM_Start_IT	8	static
stm32l4xx_hal_tim.c:798:19:HAL_TIM_OC_Start_IT	0	static
stm32l4xx_hal_tim.c:1449:19:HAL_TIM_PWM_Stop_IT	8	static
stm32l4xx_hal_tim.c:870:19:HAL_TIM_OC_Stop_IT	0	static
stm32l4xx_hal_tim.c:1517:19:HAL_TIM_PWM_Start_DMA	16	static
stm32l4xx_hal_tim.c:938:19:HAL_TIM_OC_Start_DMA	0	static
stm32l4xx_hal_tim.c:1658:19:HAL_TIM_PWM_Stop_DMA	16	static
stm32l4xx_hal_tim.c:1080:19:HAL_TIM_OC_Stop_DMA	0	static
stm32l4xx_hal_tim.c:1879:19:HAL_TIM_IC_Start	8	static
stm32l4xx_hal_tim.c:1911:19:HAL_TIM_IC_Stop	8	static
stm32l4xx_hal_tim.c:1937:19:HAL_TIM_IC_Start_IT	8	static
stm32l4xx_hal_tim.c:2002:19:HAL_TIM_IC_Stop_IT	8	static
stm32l4xx_hal_tim.c:2064:19:HAL_TIM_IC_Start_DMA	16	static
stm32l4xx_hal_tim.c:2199:19:HAL_TIM_IC_Stop_DMA	16	static
