stm32l4xx_hal_uart.c:3336:13:UART_EndRxTransfer	0	static
stm32l4xx_hal_uart.c:3735:13:UART_TxISR_16BIT	0	static
stm32l4xx_hal_uart.c:3702:13:UART_TxISR_8BIT	0	static
stm32l4xx_hal_uart.c:670:13:HAL_UART_MspInit	0	static
stm32l4xx_hal_uart.c:685:13:HAL_UART_MspDeInit	0	static
stm32l4xx_hal_uart.c:625:19:HAL_UART_DeInit	16	static
stm32l4xx_hal_uart.c:1213:19:HAL_UART_Transmit_IT	0	static
stm32l4xx_hal_uart.c:1301:19:HAL_UART_Receive_IT	0	static
stm32l4xx_hal_uart.c:1396:19:HAL_UART_Transmit_DMA	24	static
stm32l4xx_hal_uart.c:1469:19:HAL_UART_Receive_DMA	24	static
stm32l4xx_hal_uart.c:1540:19:HAL_UART_DMAPause	8	static
stm32l4xx_hal_uart.c:1574:19:HAL_UART_DMAResume	0	static
stm32l4xx_hal_uart.c:1606:19:HAL_UART_DMAStop	16	static
stm32l4xx_hal_uart.c:1681:19:HAL_UART_Abort	8	static
stm32l4xx_hal_uart.c:1782:19:HAL_UART_AbortTransmit	8	static
stm32l4xx_hal_uart.c:1847:19:HAL_UART_AbortReceive	8	static
stm32l4xx_hal_uart.c:2499:13:HAL_UART_TxCpltCallback	0	static
stm32l4xx_hal_uart.c:3360:13:UART_DMATransmitCplt	8	static
stm32l4xx_hal_uart.c:2514:13:HAL_UART_TxHalfCpltCallback	0	static
stm32l4xx_hal_uart.c:3394:13:UART_DMATxHalfCplt	8	static
stm32l4xx_hal_uart.c:2529:13:HAL_UART_RxCpltCallback	0	static
stm32l4xx_hal_uart.c:3879:13:UART_RxISR_8BIT	8	static
stm32l4xx_hal_uart.c:3933:13:UART_RxISR_16BIT	8	static
stm32l4xx_hal_uart.c:3412:13:UART_DMAReceiveCplt	8	static
stm32l4xx_hal_uart.c:2544:13:HAL_UART_RxHalfCpltCallback	0	static
stm32l4xx_hal_uart.c:3447:13:UART_DMARxHalfCplt	8	static
stm32l4xx_hal_uart.c:2559:13:HAL_UART_ErrorCallback	0	static
stm32l4xx_hal_uart.c:3465:13:UART_DMAError	8	static
stm32l4xx_hal_uart.c:2249:6:HAL_UART_IRQHandler	16	static
stm32l4xx_hal_uart.c:3505:13:UART_DMAAbortOnError	8	static
stm32l4xx_hal_uart.c:2574:13:HAL_UART_AbortCpltCallback	0	static
stm32l4xx_hal_uart.c:1913:19:HAL_UART_Abort_IT	8	static
stm32l4xx_hal_uart.c:3584:13:UART_DMARxAbortCallback	8	static
stm32l4xx_hal_uart.c:3528:13:UART_DMATxAbortCallback	8	static
stm32l4xx_hal_uart.c:2589:13:HAL_UART_AbortTransmitCpltCallback	0	static
stm32l4xx_hal_uart.c:2064:19:HAL_UART_AbortTransmit_IT	8	static
stm32l4xx_hal_uart.c:3635:13:UART_DMATxOnlyAbortCallback	8	static
stm32l4xx_hal_uart.c:2604:13:HAL_UART_AbortReceiveCpltCallback	0	static
stm32l4xx_hal_uart.c:2160:19:HAL_UART_AbortReceive_IT	8	static
stm32l4xx_hal_uart.c:3670:13:UART_DMARxOnlyAbortCallback	8	static
stm32l4xx_hal_uart.c:2686:6:HAL_MultiProcessor_EnterMuteMode	0	static
stm32l4xx_hal_uart.c:2696:19:HAL_HalfDuplex_EnableTransmitter	0	static
stm32l4xx_hal_uart.c:2719:19:HAL_HalfDuplex_EnableReceiver	0	static
stm32l4xx_hal_uart.c:2743:19:HAL_LIN_SendBreak	0	static
stm32l4xx_hal_uart.c:2788:23:HAL_UART_GetState	0	static
stm32l4xx_hal_uart.c:2804:10:HAL_UART_GetError	0	static
stm32l4xx_hal_uart.c:2851:19:UART_SetConfig	24	static
stm32l4xx_hal_uart.c:3154:6:UART_AdvFeatureConfig	8	static
stm32l4xx_hal_uart.c:3278:19:UART_WaitOnFlagUntilTimeout	24	static
stm32l4xx_hal_uart.c:1045:19:HAL_UART_Transmit	40	static
stm32l4xx_hal_uart.c:1131:19:HAL_UART_Receive	40	static
stm32l4xx_hal_uart.c:3228:19:UART_CheckIdleState	24	static
stm32l4xx_hal_uart.c:308:19:HAL_UART_Init	8	static
stm32l4xx_hal_uart.c:381:19:HAL_HalfDuplex_Init	8	static
stm32l4xx_hal_uart.c:454:19:HAL_LIN_Init	16	static
stm32l4xx_hal_uart.c:551:19:HAL_MultiProcessor_Init	16	static
stm32l4xx_hal_uart.c:2646:19:HAL_MultiProcessor_EnableMuteMode	0	static
stm32l4xx_hal_uart.c:2666:19:HAL_MultiProcessor_DisableMuteMode	0	static
