stm32l4xx_hal_tim_ex.c:2288:13:TIM_CCxNChannelCmd	8	static
stm32l4xx_hal_tim_ex.c:276:13:HAL_TIMEx_HallSensor_MspInit	0	static
stm32l4xx_hal_tim_ex.c:148:19:HAL_TIMEx_HallSensor_Init	48	static
stm32l4xx_hal_tim_ex.c:291:13:HAL_TIMEx_HallSensor_MspDeInit	0	static
stm32l4xx_hal_tim_ex.c:240:19:HAL_TIMEx_HallSensor_DeInit	8	static
stm32l4xx_hal_tim_ex.c:306:19:HAL_TIMEx_HallSensor_Start	8	static
stm32l4xx_hal_tim_ex.c:330:19:HAL_TIMEx_HallSensor_Stop	8	static
stm32l4xx_hal_tim_ex.c:351:19:HAL_TIMEx_HallSensor_Start_IT	8	static
stm32l4xx_hal_tim_ex.c:378:19:HAL_TIMEx_HallSensor_Stop_IT	8	static
stm32l4xx_hal_tim_ex.c:404:19:HAL_TIMEx_HallSensor_Start_DMA	16	static
stm32l4xx_hal_tim_ex.c:460:19:HAL_TIMEx_HallSensor_Stop_DMA	8	static
stm32l4xx_hal_tim_ex.c:909:19:HAL_TIMEx_PWMN_Start	8	static
stm32l4xx_hal_tim_ex.c:515:19:HAL_TIMEx_OCN_Start	0	static
stm32l4xx_hal_tim_ex.c:969:19:HAL_TIMEx_PWMN_Start_IT	8	static
stm32l4xx_hal_tim_ex.c:576:19:HAL_TIMEx_OCN_Start_IT	0	static
stm32l4xx_hal_tim_ex.c:1031:19:HAL_TIMEx_PWMN_Stop_IT	8	static
stm32l4xx_hal_tim_ex.c:639:19:HAL_TIMEx_OCN_Stop_IT	0	static
stm32l4xx_hal_tim_ex.c:1098:19:HAL_TIMEx_PWMN_Start_DMA	16	static
stm32l4xx_hal_tim_ex.c:705:19:HAL_TIMEx_OCN_Start_DMA	0	static
stm32l4xx_hal_tim_ex.c:1209:19:HAL_TIMEx_PWMN_Stop_DMA	8	static
stm32l4xx_hal_tim_ex.c:817:19:HAL_TIMEx_OCN_Stop_DMA	0	static
stm32l4xx_hal_tim_ex.c:1289:19:HAL_TIMEx_OnePulseN_Start	8	static
stm32l4xx_hal_tim_ex.c:1314:19:HAL_TIMEx_OnePulseN_Stop	8	static
stm32l4xx_hal_tim_ex.c:940:19:HAL_TIMEx_PWMN_Stop	0	static
stm32l4xx_hal_tim_ex.c:547:19:HAL_TIMEx_OCN_Stop	0	static
stm32l4xx_hal_tim_ex.c:1343:19:HAL_TIMEx_OnePulseN_Start_IT	8	static
stm32l4xx_hal_tim_ex.c:1374:19:HAL_TIMEx_OnePulseN_Stop_IT	8	static
stm32l4xx_hal_tim_ex.c:1445:19:HAL_TIMEx_ConfigCommutationEvent	8	static
stm32l4xx_hal_tim_ex.c:1494:19:HAL_TIMEx_ConfigCommutationEvent_IT	8	static
stm32l4xx_hal_tim_ex.c:1547:19:HAL_TIMEx_ConfigCommutationEvent_DMA	8	static
stm32l4xx_hal_tim_ex.c:1591:19:HAL_TIMEx_MasterConfigSynchronization	12	static
stm32l4xx_hal_tim_ex.c:1658:19:HAL_TIMEx_ConfigBreakDeadTime	8	static
stm32l4xx_hal_tim_ex.c:1722:19:HAL_TIMEx_ConfigBreakInput	20	static
stm32l4xx_hal_tim_ex.c:2081:19:HAL_TIMEx_RemapConfig	8	static
stm32l4xx_hal_tim_ex.c:2126:19:HAL_TIMEx_GroupChannel5	0	static
stm32l4xx_hal_tim_ex.c:2176:13:HAL_TIMEx_CommutationCallback	0	static
stm32l4xx_hal_tim_ex.c:2262:6:TIMEx_DMACommutationCplt	8	static
stm32l4xx_hal_tim_ex.c:2191:13:HAL_TIMEx_BreakCallback	0	static
stm32l4xx_hal_tim_ex.c:2206:13:HAL_TIMEx_Break2Callback	0	static
stm32l4xx_hal_tim_ex.c:2239:22:HAL_TIMEx_HallSensor_GetState	0	static
