stm32l4xx_hal_dfsdm.c:3413:13:DFSDM_RegConvStart	0	static
stm32l4xx_hal_dfsdm.c:3454:13:DFSDM_RegConvStop	0	static
stm32l4xx_hal_dfsdm.c:3490:13:DFSDM_InjConvStart	8	static
stm32l4xx_hal_dfsdm.c:3534:13:DFSDM_InjConvStop	0	static
stm32l4xx_hal_dfsdm.c:3359:17:DFSDM_GetChannelFromInstance	0	static
stm32l4xx_hal_dfsdm.c:519:13:HAL_DFSDM_ChannelMspInit	0	static
stm32l4xx_hal_dfsdm.c:358:19:HAL_DFSDM_ChannelInit	16	static
stm32l4xx_hal_dfsdm.c:534:13:HAL_DFSDM_ChannelMspDeInit	0	static
stm32l4xx_hal_dfsdm.c:465:19:HAL_DFSDM_ChannelDeInit	16	static
stm32l4xx_hal_dfsdm.c:711:19:HAL_DFSDM_ChannelCkabStart	24	static
stm32l4xx_hal_dfsdm.c:764:19:HAL_DFSDM_ChannelPollForCkab	24	static
stm32l4xx_hal_dfsdm.c:814:19:HAL_DFSDM_ChannelCkabStop	8	static
stm32l4xx_hal_dfsdm.c:850:19:HAL_DFSDM_ChannelCkabStart_IT	24	static
stm32l4xx_hal_dfsdm.c:905:13:HAL_DFSDM_ChannelCkabCallback	0	static
stm32l4xx_hal_dfsdm.c:921:19:HAL_DFSDM_ChannelCkabStop_IT	8	static
stm32l4xx_hal_dfsdm.c:961:19:HAL_DFSDM_ChannelScdStart	0	static
stm32l4xx_hal_dfsdm.c:998:19:HAL_DFSDM_ChannelPollForScd	24	static
stm32l4xx_hal_dfsdm.c:1048:19:HAL_DFSDM_ChannelScdStop	8	static
stm32l4xx_hal_dfsdm.c:1085:19:HAL_DFSDM_ChannelScdStart_IT	8	static
stm32l4xx_hal_dfsdm.c:1124:13:HAL_DFSDM_ChannelScdCallback	0	static
stm32l4xx_hal_dfsdm.c:1140:19:HAL_DFSDM_ChannelScdStop_IT	8	static
stm32l4xx_hal_dfsdm.c:1175:9:HAL_DFSDM_ChannelGetAwdValue	0	static
stm32l4xx_hal_dfsdm.c:1187:19:HAL_DFSDM_ChannelModifyOffset	0	static
stm32l4xx_hal_dfsdm.c:1234:32:HAL_DFSDM_ChannelGetState	0	static
stm32l4xx_hal_dfsdm.c:1427:13:HAL_DFSDM_FilterMspInit	0	static
stm32l4xx_hal_dfsdm.c:1264:19:HAL_DFSDM_FilterInit	16	static
stm32l4xx_hal_dfsdm.c:1442:13:HAL_DFSDM_FilterMspDeInit	0	static
stm32l4xx_hal_dfsdm.c:1391:19:HAL_DFSDM_FilterDeInit	8	static
stm32l4xx_hal_dfsdm.c:1716:19:HAL_DFSDM_FilterConfigRegChannel	8	static
stm32l4xx_hal_dfsdm.c:1761:19:HAL_DFSDM_FilterConfigInjChannel	0	static
stm32l4xx_hal_dfsdm.c:1831:19:HAL_DFSDM_FilterRegularStart	8	static
stm32l4xx_hal_dfsdm.c:1925:19:HAL_DFSDM_FilterRegularStop	8	static
stm32l4xx_hal_dfsdm.c:1955:19:HAL_DFSDM_FilterRegularStart_IT	8	static
stm32l4xx_hal_dfsdm.c:1986:19:HAL_DFSDM_FilterRegularStop_IT	8	static
stm32l4xx_hal_dfsdm.c:2024:19:HAL_DFSDM_FilterRegularStart_DMA	24	static
stm32l4xx_hal_dfsdm.c:2101:19:HAL_DFSDM_FilterRegularMsbStart_DMA	24	static
stm32l4xx_hal_dfsdm.c:2172:19:HAL_DFSDM_FilterRegularStop_DMA	8	static
stm32l4xx_hal_dfsdm.c:2211:9:HAL_DFSDM_FilterGetRegularValue	0	static
stm32l4xx_hal_dfsdm.c:2242:19:HAL_DFSDM_FilterInjectedStart	8	static
stm32l4xx_hal_dfsdm.c:2346:19:HAL_DFSDM_FilterInjectedStop	8	static
stm32l4xx_hal_dfsdm.c:2376:19:HAL_DFSDM_FilterInjectedStart_IT	8	static
stm32l4xx_hal_dfsdm.c:2407:19:HAL_DFSDM_FilterInjectedStop_IT	8	static
stm32l4xx_hal_dfsdm.c:2445:19:HAL_DFSDM_FilterInjectedStart_DMA	16	static
stm32l4xx_hal_dfsdm.c:2520:19:HAL_DFSDM_FilterInjectedMsbStart_DMA	16	static
stm32l4xx_hal_dfsdm.c:2589:19:HAL_DFSDM_FilterInjectedStop_DMA	16	static
stm32l4xx_hal_dfsdm.c:2628:9:HAL_DFSDM_FilterGetInjectedValue	0	static
stm32l4xx_hal_dfsdm.c:2658:19:HAL_DFSDM_FilterAwdStart_IT	0	static
stm32l4xx_hal_dfsdm.c:2707:19:HAL_DFSDM_FilterAwdStop_IT	0	static
stm32l4xx_hal_dfsdm.c:2747:19:HAL_DFSDM_FilterExdStart	0	static
stm32l4xx_hal_dfsdm.c:2778:19:HAL_DFSDM_FilterExdStop	8	static
stm32l4xx_hal_dfsdm.c:2816:9:HAL_DFSDM_FilterGetExdMaxValue	0	static
stm32l4xx_hal_dfsdm.c:2847:9:HAL_DFSDM_FilterGetExdMinValue	0	static
stm32l4xx_hal_dfsdm.c:2877:10:HAL_DFSDM_FilterGetConvTimeValue	0	static
stm32l4xx_hal_dfsdm.c:3093:13:HAL_DFSDM_FilterRegConvCpltCallback	0	static
stm32l4xx_hal_dfsdm.c:3261:13:DFSDM_DMARegularConvCplt	8	static
stm32l4xx_hal_dfsdm.c:3108:13:HAL_DFSDM_FilterRegConvHalfCpltCallback	0	static
stm32l4xx_hal_dfsdm.c:3243:13:DFSDM_DMARegularHalfConvCplt	8	static
stm32l4xx_hal_dfsdm.c:3125:13:HAL_DFSDM_FilterInjConvCpltCallback	0	static
stm32l4xx_hal_dfsdm.c:3297:13:DFSDM_DMAInjectedConvCplt	8	static
stm32l4xx_hal_dfsdm.c:3140:13:HAL_DFSDM_FilterInjConvHalfCpltCallback	0	static
stm32l4xx_hal_dfsdm.c:3279:13:DFSDM_DMAInjectedHalfConvCplt	8	static
stm32l4xx_hal_dfsdm.c:3157:13:HAL_DFSDM_FilterAwdCallback	0	static
stm32l4xx_hal_dfsdm.c:3175:13:HAL_DFSDM_FilterErrorCallback	0	static
stm32l4xx_hal_dfsdm.c:1860:19:HAL_DFSDM_FilterPollForRegConversion	16	static
stm32l4xx_hal_dfsdm.c:3315:13:DFSDM_DMAError	8	static
stm32l4xx_hal_dfsdm.c:2271:19:HAL_DFSDM_FilterPollForInjConversion	24	static
stm32l4xx_hal_dfsdm.c:2900:6:HAL_DFSDM_IRQHandler	24	static
stm32l4xx_hal_dfsdm.c:3208:31:HAL_DFSDM_FilterGetState	0	static
stm32l4xx_hal_dfsdm.c:3219:10:HAL_DFSDM_FilterGetError	0	static
