stm32l4xx_hal_dac_ex.c:119:19:HAL_DACEx_TriangleWaveGenerate	12	static
stm32l4xx_hal_dac_ex.c:168:19:HAL_DACEx_NoiseWaveGenerate	12	static
stm32l4xx_hal_dac_ex.c:212:19:HAL_DACEx_DualSetValue	0	static
stm32l4xx_hal_dac_ex.c:248:13:HAL_DACEx_ConvCpltCallbackCh2	0	static
stm32l4xx_hal_dac_ex.c:264:13:HAL_DACEx_ConvHalfCpltCallbackCh2	0	static
stm32l4xx_hal_dac_ex.c:280:13:HAL_DACEx_ErrorCallbackCh2	0	static
stm32l4xx_hal_dac_ex.c:296:13:HAL_DACEx_DMAUnderrunCallbackCh2	0	static
stm32l4xx_hal_dac_ex.c:323:19:HAL_DACEx_SelfCalibrate	56	static
stm32l4xx_hal_dac_ex.c:460:19:HAL_DACEx_SetUserTrimming	16	static
stm32l4xx_hal_dac_ex.c:503:10:HAL_DACEx_GetTrimOffset	0	static
stm32l4xx_hal_dac_ex.c:540:10:HAL_DACEx_DualGetValue	0	static
stm32l4xx_hal_dac_ex.c:580:6:DAC_DMAConvCpltCh2	8	static
stm32l4xx_hal_dac_ex.c:599:6:DAC_DMAHalfConvCpltCh2	8	static
stm32l4xx_hal_dac_ex.c:616:6:DAC_DMAErrorCh2	8	static
