stm32l4xx_hal_dac.c:483:13:HAL_DAC_MspInit	0	static
stm32l4xx_hal_dac.c:377:19:HAL_DAC_Init	8	static
stm32l4xx_hal_dac.c:499:13:HAL_DAC_MspDeInit	0	static
stm32l4xx_hal_dac.c:438:19:HAL_DAC_DeInit	8	static
stm32l4xx_hal_dac.c:541:19:HAL_DAC_Start	12	static
stm32l4xx_hal_dac.c:629:19:HAL_DAC_Stop	8	static
stm32l4xx_hal_dac.c:754:19:HAL_DAC_Start_DMA	24	static
stm32l4xx_hal_dac.c:885:19:HAL_DAC_Stop_DMA	24	static
stm32l4xx_hal_dac.c:1035:19:HAL_DAC_SetValue	16	static
stm32l4xx_hal_dac.c:1067:13:HAL_DAC_ConvCpltCallbackCh1	0	static
stm32l4xx_hal_dac.c:1675:6:DAC_DMAConvCpltCh1	8	static
stm32l4xx_hal_dac.c:1083:13:HAL_DAC_ConvHalfCpltCallbackCh1	0	static
stm32l4xx_hal_dac.c:1694:6:DAC_DMAHalfConvCpltCh1	8	static
stm32l4xx_hal_dac.c:1099:13:HAL_DAC_ErrorCallbackCh1	0	static
stm32l4xx_hal_dac.c:1711:6:DAC_DMAErrorCh1	8	static
stm32l4xx_hal_dac.c:1115:13:HAL_DAC_DMAUnderrunCallbackCh1	0	static
stm32l4xx_hal_dac.c:959:6:HAL_DAC_IRQHandler	8	static
stm32l4xx_hal_dac.c:1154:10:HAL_DAC_GetValue	0	static
stm32l4xx_hal_dac.c:1199:19:HAL_DAC_ConfigChannel	24	static
stm32l4xx_hal_dac.c:1402:22:HAL_DAC_GetState	0	static
stm32l4xx_hal_dac.c:1415:10:HAL_DAC_GetError	0	static
