stm32l4xx_hal_i2c.c:5850:13:I2C_Flush_TXDR	0	static
stm32l4xx_hal_i2c.c:6311:13:I2C_TransferConfig	12	static
stm32l4xx_hal_i2c.c:6330:13:I2C_Enable_IRQ	12	static
stm32l4xx_hal_i2c.c:6401:13:I2C_Disable_IRQ	0	static
stm32l4xx_hal_i2c.c:6464:13:I2C_ConvertOtherXferOptions	0	static
stm32l4xx_hal_i2c.c:6079:26:I2C_WaitOnFlagUntilTimeout	24	static
stm32l4xx_hal_i2c.c:6243:26:I2C_IsAcknowledgeFailed	16	static
stm32l4xx_hal_i2c.c:6109:26:I2C_WaitOnTXISFlagUntilTimeout	16	static
stm32l4xx_hal_i2c.c:5125:26:I2C_RequestMemoryWrite	32	static
stm32l4xx_hal_i2c.c:5178:26:I2C_RequestMemoryRead	32	static
stm32l4xx_hal_i2c.c:6146:26:I2C_WaitOnSTOPFlagUntilTimeout	16	static
stm32l4xx_hal_i2c.c:6180:26:I2C_WaitOnRXNEFlagUntilTimeout	16	static
stm32l4xx_hal_i2c.c:640:13:HAL_I2C_MspInit	0	static
stm32l4xx_hal_i2c.c:485:19:HAL_I2C_Init	8	static
stm32l4xx_hal_i2c.c:656:13:HAL_I2C_MspDeInit	0	static
stm32l4xx_hal_i2c.c:594:19:HAL_I2C_DeInit	8	static
stm32l4xx_hal_i2c.c:1076:19:HAL_I2C_Master_Transmit	40	static
stm32l4xx_hal_i2c.c:1190:19:HAL_I2C_Master_Receive	40	static
stm32l4xx_hal_i2c.c:1303:19:HAL_I2C_Slave_Transmit	40	static
stm32l4xx_hal_i2c.c:1440:19:HAL_I2C_Slave_Receive	40	static
stm32l4xx_hal_i2c.c:1566:19:HAL_I2C_Master_Transmit_IT	24	static
stm32l4xx_hal_i2c.c:1635:19:HAL_I2C_Master_Receive_IT	24	static
stm32l4xx_hal_i2c.c:1702:19:HAL_I2C_Slave_Transmit_IT	16	static
stm32l4xx_hal_i2c.c:1751:19:HAL_I2C_Slave_Receive_IT	16	static
stm32l4xx_hal_i2c.c:1802:19:HAL_I2C_Master_Transmit_DMA	32	static
stm32l4xx_hal_i2c.c:1945:19:HAL_I2C_Master_Receive_DMA	32	static
stm32l4xx_hal_i2c.c:2086:19:HAL_I2C_Slave_Transmit_DMA	24	static
stm32l4xx_hal_i2c.c:2189:19:HAL_I2C_Slave_Receive_DMA	24	static
stm32l4xx_hal_i2c.c:2296:19:HAL_I2C_Mem_Write	56	static
stm32l4xx_hal_i2c.c:2431:19:HAL_I2C_Mem_Read	56	static
stm32l4xx_hal_i2c.c:2564:19:HAL_I2C_Mem_Write_IT	40	static
stm32l4xx_hal_i2c.c:2655:19:HAL_I2C_Mem_Read_IT	40	static
stm32l4xx_hal_i2c.c:2745:19:HAL_I2C_Mem_Write_DMA	40	static
stm32l4xx_hal_i2c.c:2889:19:HAL_I2C_Mem_Read_DMA	40	static
stm32l4xx_hal_i2c.c:3030:19:HAL_I2C_IsDeviceReady	48	static
stm32l4xx_hal_i2c.c:3172:19:HAL_I2C_Master_Sequential_Transmit_IT	24	static
stm32l4xx_hal_i2c.c:3256:19:HAL_I2C_Master_Sequential_Transmit_DMA	40	static
stm32l4xx_hal_i2c.c:3418:19:HAL_I2C_Master_Sequential_Receive_IT	24	static
stm32l4xx_hal_i2c.c:3502:19:HAL_I2C_Master_Sequential_Receive_DMA	40	static
stm32l4xx_hal_i2c.c:3662:19:HAL_I2C_Slave_Sequential_Transmit_IT	24	static
stm32l4xx_hal_i2c.c:3757:19:HAL_I2C_Slave_Sequential_Transmit_DMA	24	static
stm32l4xx_hal_i2c.c:3936:19:HAL_I2C_Slave_Sequential_Receive_IT	24	static
stm32l4xx_hal_i2c.c:4031:19:HAL_I2C_Slave_Sequential_Receive_DMA	24	static
stm32l4xx_hal_i2c.c:4206:19:HAL_I2C_EnableListen_IT	8	static
stm32l4xx_hal_i2c.c:4230:19:HAL_I2C_DisableListen_IT	8	static
stm32l4xx_hal_i2c.c:4263:19:HAL_I2C_Master_Abort_IT	24	static
stm32l4xx_hal_i2c.c:4313:6:HAL_I2C_EV_IRQHandler	0	static
stm32l4xx_hal_i2c.c:4381:13:HAL_I2C_MasterTxCpltCallback	0	static
stm32l4xx_hal_i2c.c:4397:13:HAL_I2C_MasterRxCpltCallback	0	static
stm32l4xx_hal_i2c.c:5320:13:I2C_ITMasterSequentialCplt	16	static
stm32l4xx_hal_i2c.c:4412:13:HAL_I2C_SlaveTxCpltCallback	0	static
stm32l4xx_hal_i2c.c:4428:13:HAL_I2C_SlaveRxCpltCallback	0	static
stm32l4xx_hal_i2c.c:5373:13:I2C_ITSlaveSequentialCplt	16	static
stm32l4xx_hal_i2c.c:5919:13:I2C_DMASlaveTransmitCplt	0	static
stm32l4xx_hal_i2c.c:5994:13:I2C_DMASlaveReceiveCplt	0	static
stm32l4xx_hal_i2c.c:4446:13:HAL_I2C_AddrCallback	0	static
stm32l4xx_hal_i2c.c:5225:13:I2C_ITAddrCplt.isra.8	24	static
stm32l4xx_hal_i2c.c:4464:13:HAL_I2C_ListenCpltCallback	0	static
stm32l4xx_hal_i2c.c:5681:13:I2C_ITListenCplt	8	static
stm32l4xx_hal_i2c.c:4480:13:HAL_I2C_MemTxCpltCallback	0	static
stm32l4xx_hal_i2c.c:4496:13:HAL_I2C_MemRxCpltCallback	0	static
stm32l4xx_hal_i2c.c:4512:13:HAL_I2C_ErrorCallback	0	static
stm32l4xx_hal_i2c.c:4528:13:HAL_I2C_AbortCpltCallback	0	static
stm32l4xx_hal_i2c.c:5732:13:I2C_ITError	16	static
stm32l4xx_hal_i2c.c:5548:13:I2C_ITSlaveCplt	16	static
stm32l4xx_hal_i2c.c:4744:26:I2C_Slave_ISR_IT	16	static
stm32l4xx_hal_i2c.c:5429:13:I2C_ITMasterCplt	8	static
stm32l4xx_hal_i2c.c:4611:26:I2C_Master_ISR_IT	24	static
stm32l4xx_hal_i2c.c:5011:26:I2C_Slave_ISR_DMA	8	static
stm32l4xx_hal_i2c.c:4876:26:I2C_Master_ISR_DMA	16	static
stm32l4xx_hal_i2c.c:6021:13:I2C_DMAError	0	static
stm32l4xx_hal_i2c.c:5871:13:I2C_DMAMasterTransmitCplt	8	static
stm32l4xx_hal_i2c.c:5946:13:I2C_DMAMasterReceiveCplt	8	static
stm32l4xx_hal_i2c.c:4332:6:HAL_I2C_ER_IRQHandler	4	static
stm32l4xx_hal_i2c.c:6038:13:I2C_DMAAbort	8	static
stm32l4xx_hal_i2c.c:4563:22:HAL_I2C_GetState	0	static
stm32l4xx_hal_i2c.c:4575:21:HAL_I2C_GetMode	0	static
stm32l4xx_hal_i2c.c:4586:10:HAL_I2C_GetError	0	static
