stm32l4xx_hal_pwr.c:103:6:HAL_PWR_DeInit	0	static
stm32l4xx_hal_pwr.c:121:6:HAL_PWR_EnableBkUpAccess	0	static
stm32l4xx_hal_pwr.c:131:6:HAL_PWR_DisableBkUpAccess	0	static
stm32l4xx_hal_pwr.c:328:19:HAL_PWR_ConfigPVD	0	static
stm32l4xx_hal_pwr.c:374:6:HAL_PWR_EnablePVD	0	static
stm32l4xx_hal_pwr.c:383:6:HAL_PWR_DisablePVD	0	static
stm32l4xx_hal_pwr.c:408:6:HAL_PWR_EnableWakeUpPin	0	static
stm32l4xx_hal_pwr.c:429:6:HAL_PWR_DisableWakeUpPin	0	static
stm32l4xx_hal_pwr.c:461:6:HAL_PWR_EnterSLEEPMode	8	static
stm32l4xx_hal_pwr.c:540:6:HAL_PWR_EnterSTOPMode	0	static
stm32l4xx_hal_pwr.c:573:6:HAL_PWR_EnterSTANDBYMode	0	static
stm32l4xx_hal_pwr.c:599:6:HAL_PWR_EnableSleepOnExit	0	static
stm32l4xx_hal_pwr.c:612:6:HAL_PWR_DisableSleepOnExit	0	static
stm32l4xx_hal_pwr.c:626:6:HAL_PWR_EnableSEVOnPend	0	static
stm32l4xx_hal_pwr.c:639:6:HAL_PWR_DisableSEVOnPend	0	static
stm32l4xx_hal_pwr.c:653:13:HAL_PWR_PVDCallback	0	static
